Lmod Warning:
-------------------------------------------------------------------------------
The following dependent module(s) are not currently loaded:
compiler/GCCcore/14.3.0 (required by: lib/zlib/1.3.1-GCCcore-14.3.0,
lib/libidn2/2.3.8-GCCcore-14.3.0, lib/libiconv/1.18-GCCcore-14.3.0,
lib/libunistring/1.3-GCCcore-14.3.0, lib/libpsl/0.21.5-GCCcore-14.3.0,
tools/cURL/8.14.1-GCCcore-14.3.0, tools/expat/2.7.1-GCCcore-14.3.0,
tools/XZ/5.8.1-GCCcore-14.3.0, lib/libxml2/2.14.3-GCCcore-14.3.0,
tools/gettext/0.25-GCCcore-14.3.0, lang/Perl/5.40.2-GCCcore-14.3.0,
tools/git/2.50.1-GCCcore-14.3.0), devel/ncurses/6.5-GCCcore-14.3.0 (required
by: tools/gettext/0.25-GCCcore-14.3.0)
-------------------------------------------------------------------------------




The following have been reloaded with a version change:
  1) compiler/GCCcore/12.2.0 => compiler/GCCcore/12.3.0
  2) devel/ncurses/6.3-GCCcore-12.2.0 => devel/ncurses/6.4-GCCcore-12.3.0
  3) lib/libxml2/2.10.3-GCCcore-12.2.0 => lib/libxml2/2.14.3-GCCcore-14.3.0
  4) lib/zlib/1.2.12-GCCcore-12.2.0 => lib/zlib/1.3.1-GCCcore-14.3.0
  5) system/OpenSSL/1.1 => system/OpenSSL/3
  6) tools/XZ/5.2.7-GCCcore-12.2.0 => tools/XZ/5.8.1-GCCcore-14.3.0
  7) tools/cURL/7.86.0-GCCcore-12.2.0 => tools/cURL/8.14.1-GCCcore-14.3.0

2i0d_kb_59_FMO2DFTB4H_SPE_rank9.inp
Deleting semid=426010.
Deleting semid=426010.
Deleting semid=426010.
Deleting semid=426010.
Deleting semid=426010.
Deleting semid=426010.
Deleting semid=426010.
Deleting semid=426010.
Deleting semid=426010.
Deleting semid=426010.
Deleting semid=426010.
Deleting semid=426010.
Deleting semid=426010.
Deleting semid=426010.
Deleting semid=426011.
ipcrm: invalid id (426010)
ipcrm: invalid id (426010)
ipcrm: invalid id (426010)
ipcrm: invalid id (426010)
Deleting semid=426011.
Deleting semid=426011.
ipcrm: invalid id (426010)
ipcrm: invalid id (426010)
ipcrm: invalid id (426010)
Deleting semid=426011.
Deleting semid=426011.
ipcrm: invalid id (426010)
Deleting semid=426011.
Deleting semid=426011.
Deleting semid=426011.
Deleting semid=426011.
ipcrm: invalid id (426010)
Deleting semid=426011.
Deleting semid=426011.
ipcrm: invalid id (426010)
Deleting semid=426011.
ipcrm: invalid id (426010)
Deleting semid=426011.
Deleting semid=426011.
Deleting semid=426011.
Deleting semid=426011.
ipcrm: invalid id (426010)
Deleting semid=426011.
Deleting semid=426011.
ipcrm: invalid id (426010)
Deleting semid=426011.
Deleting semid=426011.
Deleting semid=426011.
Deleting semid=426011.
Deleting semid=426011.
Deleting semid=426011.
Deleting semid=426011.
Deleting semid=426011.
Deleting semid=426011.
Deleting semid=426011.
Deleting semid=426011.
Deleting semid=426012.
Deleting semid=426011.
ipcrm: invalid id (426011)
ipcrm: invalid id (426011)
ipcrm: invalid id (426011)
ipcrm: invalid id (426011)
ipcrm: invalid id (426011)
ipcrm: invalid id (426011)
ipcrm: invalid id (426011)
Deleting semid=426012.
Deleting semid=426012.
Deleting semid=426012.
Deleting semid=426012.
Deleting semid=426012.
Deleting semid=426012.
Deleting semid=426011.
Deleting semid=426012.
ipcrm: invalid id (426011)
Deleting semid=426012.
ipcrm: invalid id (426011)
Deleting semid=426012.
ipcrm: invalid id (426011)
Deleting semid=426012.
ipcrm: invalid id (426011)
ipcrm: invalid id (426011)
Deleting semid=426012.
Deleting semid=426012.
ipcrm: invalid id (426011)
Deleting semid=426012.
ipcrm: invalid id (426011)
Deleting semid=426012.
ipcrm: invalid id (426011)
Deleting semid=426012.
ipcrm: invalid id (426011)
ipcrm: invalid id (426011)
Deleting semid=426012.
Deleting semid=426012.
ipcrm: invalid id (426011)
Deleting semid=426012.
ipcrm: invalid id (426011)
Deleting semid=426012.
ipcrm: invalid id (426011)
Deleting semid=426012.
ipcrm: invalid id (426011)
Deleting semid=426012.
ipcrm: invalid id (426011)
Deleting semid=426012.
ipcrm: invalid id (426011)
ipcrm: invalid id (426011)
Deleting semid=426012.
Deleting semid=426012.
Deleting semid=426013.
ipcrm: invalid id (426011)
Deleting semid=426012.
ipcrm: invalid id (426011)
Deleting semid=426012.
ipcrm: invalid id (426011)
ipcrm: invalid id (426012)
ipcrm: invalid id (426012)
Deleting semid=426012.
Deleting semid=426013.
ipcrm: invalid id (426012)
Deleting semid=426013.
ipcrm: invalid id (426012)
ipcrm: invalid id (426012)
Deleting semid=426013.
ipcrm: invalid id (426012)
Deleting semid=426013.
Deleting semid=426013.
Deleting semid=426013.
ipcrm: invalid id (426011)
Deleting semid=426012.
ipcrm: invalid id (426012)
Deleting semid=426013.
ipcrm: invalid id (426012)
Deleting semid=426013.
ipcrm: invalid id (426011)
Deleting semid=426012.
ipcrm: invalid id (426012)
Deleting semid=426013.
ipcrm: invalid id (426011)
Deleting semid=426012.
ipcrm: invalid id (426012)
Deleting semid=426013.
ipcrm: invalid id (426012)
ipcrm: invalid id (426012)
Deleting semid=426013.
Deleting semid=426013.
ipcrm: invalid id (426012)
Deleting semid=426013.
ipcrm: invalid id (426012)
Deleting semid=426013.
ipcrm: invalid id (426012)
ipcrm: invalid id (426012)
Deleting semid=426013.
ipcrm: invalid id (426012)
Deleting semid=426013.
Deleting semid=426013.
ipcrm: invalid id (426012)
Deleting semid=426013.
ipcrm: invalid id (426012)
Deleting semid=426013.
ipcrm: invalid id (426012)
Deleting semid=426013.
ipcrm: invalid id (426012)
Deleting semid=426013.
ipcrm: invalid id (426012)
Deleting semid=426013.
ipcrm: invalid id (426012)
Deleting semid=426014.
Deleting semid=426013.
ipcrm: invalid id (426012)
Deleting semid=426013.
ipcrm: invalid id (426012)
Deleting semid=426013.
ipcrm: invalid id (426012)
Deleting semid=426013.
ipcrm: invalid id (426013)
Deleting semid=426014.
ipcrm: invalid id (426012)
ipcrm: invalid id (426013)
ipcrm: invalid id (426013)
ipcrm: invalid id (426013)
ipcrm: invalid id (426013)
Deleting semid=426013.
Deleting semid=426014.
Deleting semid=426014.
Deleting semid=426014.
Deleting semid=426014.
ipcrm: invalid id (426013)
Deleting semid=426014.
ipcrm: invalid id (426012)
ipcrm: invalid id (426013)
Deleting semid=426013.
ipcrm: invalid id (426013)
Deleting semid=426014.
Deleting semid=426014.
ipcrm: invalid id (426012)
Deleting semid=426013.
ipcrm: invalid id (426013)
Deleting semid=426014.
ipcrm: invalid id (426012)
Deleting semid=426013.
ipcrm: invalid id (426013)
Deleting semid=426014.
ipcrm: invalid id (426013)
Deleting semid=426014.
ipcrm: invalid id (426013)
Deleting semid=426014.
ipcrm: invalid id (426013)
Deleting semid=426014.
ipcrm: invalid id (426013)
Deleting semid=426014.
ipcrm: invalid id (426013)
Deleting semid=426014.
ipcrm: invalid id (426013)
ipcrm: invalid id (426013)
Deleting semid=426014.
ipcrm: invalid id (426013)
ipcrm: invalid id (426013)
Deleting semid=426014.
Deleting semid=426014.
Deleting semid=426014.
ipcrm: invalid id (426013)
Deleting semid=426014.
ipcrm: invalid id (426013)
Deleting semid=426014.
ipcrm: invalid id (426013)
Deleting semid=426014.
Deleting semid=426014.
ipcrm: invalid id (426013)
Deleting semid=426014.
Deleting semid=426015.
ipcrm: invalid id (426013)
Deleting semid=426014.
ipcrm: invalid id (426013)
Deleting semid=426014.
ipcrm: invalid id (426013)
Deleting semid=426014.
ipcrm: invalid id (426014)
ipcrm: invalid id (426013)
Deleting semid=426015.
ipcrm: invalid id (426014)
ipcrm: invalid id (426014)
Deleting semid=426014.
ipcrm: invalid id (426014)
Deleting semid=426015.
Deleting semid=426015.
Deleting semid=426015.
ipcrm: invalid id (426014)
ipcrm: invalid id (426014)
Deleting semid=426015.
Deleting semid=426015.
ipcrm: invalid id (426014)
Deleting semid=426015.
ipcrm: invalid id (426013)
ipcrm: invalid id (426014)
ipcrm: invalid id (426013)
Deleting semid=426014.
Deleting semid=426015.
Deleting semid=426014.
ipcrm: invalid id (426014)
Deleting semid=426015.
ipcrm: invalid id (426013)
Deleting semid=426014.
ipcrm: invalid id (426014)
Deleting semid=426015.
ipcrm: invalid id (426014)
Deleting semid=426015.
ipcrm: invalid id (426014)
Deleting semid=426015.
ipcrm: invalid id (426014)
ipcrm: invalid id (426014)
Deleting semid=426015.
Deleting semid=426015.
ipcrm: invalid id (426014)
ipcrm: invalid id (426014)
Deleting semid=426015.
Deleting semid=426015.
ipcrm: invalid id (426014)
ipcrm: invalid id (426014)
ipcrm: invalid id (426014)
Deleting semid=426015.
Deleting semid=426015.
ipcrm: invalid id (426014)
Deleting semid=426015.
Deleting semid=426015.
ipcrm: invalid id (426014)
Deleting semid=426015.
ipcrm: invalid id (426014)
Deleting semid=426015.
ipcrm: invalid id (426014)
Deleting semid=426015.
ipcrm: invalid id (426014)
Deleting semid=426015.
Deleting semid=426016.
ipcrm: invalid id (426014)
ipcrm: invalid id (426014)
Deleting semid=426015.
Deleting semid=426015.
ipcrm: invalid id (426014)
Deleting semid=426015.
ipcrm: invalid id (426015)
Deleting semid=426016.
ipcrm: invalid id (426015)
ipcrm: invalid id (426015)
Deleting semid=426016.
Deleting semid=426016.
ipcrm: invalid id (426015)
ipcrm: invalid id (426014)
Deleting semid=426016.
Deleting semid=426015.
ipcrm: invalid id (426015)
Deleting semid=426016.
ipcrm: invalid id (426015)
ipcrm: invalid id (426015)
Deleting semid=426016.
ipcrm: invalid id (426014)
Deleting semid=426016.
Deleting semid=426015.
ipcrm: invalid id (426015)
Deleting semid=426016.
ipcrm: invalid id (426014)
Deleting semid=426015.
ipcrm: invalid id (426015)
Deleting semid=426016.
ipcrm: invalid id (426014)
Deleting semid=426015.
ipcrm: invalid id (426015)
Deleting semid=426016.
ipcrm: invalid id (426015)
Deleting semid=426016.
ipcrm: invalid id (426015)
Deleting semid=426016.
ipcrm: invalid id (426015)
ipcrm: invalid id (426015)
Deleting semid=426016.
Deleting semid=426016.
ipcrm: invalid id (426015)
Deleting semid=426016.
ipcrm: invalid id (426015)
Deleting semid=426016.
ipcrm: invalid id (426015)
Deleting semid=426016.
ipcrm: invalid id (426015)
Deleting semid=426016.
ipcrm: invalid id (426015)
ipcrm: invalid id (426015)
Deleting semid=426016.
Deleting semid=426016.
ipcrm: invalid id (426015)
Deleting semid=426016.
Deleting semid=426017.
ipcrm: invalid id (426015)
ipcrm: invalid id (426015)
Deleting semid=426016.
Deleting semid=426016.
ipcrm: invalid id (426015)
Deleting semid=426016.
ipcrm: invalid id (426015)
Deleting semid=426016.
ipcrm: invalid id (426015)
Deleting semid=426016.
ipcrm: invalid id (426015)
Deleting semid=426016.
ipcrm: invalid id (426016)
Deleting semid=426017.
ipcrm: invalid id (426016)
Deleting semid=426017.
ipcrm: invalid id (426016)
Deleting semid=426017.
ipcrm: invalid id (426015)
Deleting semid=426016.
ipcrm: invalid id (426016)
ipcrm: invalid id (426016)
Deleting semid=426017.
ipcrm: invalid id (426015)
ipcrm: invalid id (426016)
Deleting semid=426017.
Deleting semid=426017.
Deleting semid=426016.
ipcrm: invalid id (426016)
ipcrm: invalid id (426016)
Deleting semid=426017.
Deleting semid=426017.
ipcrm: invalid id (426015)
Deleting semid=426016.
ipcrm: invalid id (426016)
Deleting semid=426017.
ipcrm: invalid id (426015)
Deleting semid=426016.
ipcrm: invalid id (426016)
Deleting semid=426017.
ipcrm: invalid id (426016)
Deleting semid=426017.
ipcrm: invalid id (426016)
Deleting semid=426017.
ipcrm: invalid id (426016)
Deleting semid=426017.
ipcrm: invalid id (426016)
Deleting semid=426017.
ipcrm: invalid id (426016)
ipcrm: invalid id (426016)
Deleting semid=426017.
Deleting semid=426017.
ipcrm: invalid id (426016)
Deleting semid=426017.
ipcrm: invalid id (426016)
Deleting semid=426017.
ipcrm: invalid id (426016)
Deleting semid=426017.
ipcrm: invalid id (426016)
Deleting semid=426017.
ipcrm: invalid id (426016)
Deleting semid=426017.
ipcrm: invalid id (426016)
ipcrm: invalid id (426016)
Deleting semid=426017.
Deleting semid=426017.
Deleting semid=426018.
ipcrm: invalid id (426016)
Deleting semid=426017.
ipcrm: invalid id (426016)
Deleting semid=426017.
ipcrm: invalid id (426016)
ipcrm: invalid id (426016)
Deleting semid=426017.
Deleting semid=426017.
ipcrm: invalid id (426017)
Deleting semid=426018.
ipcrm: invalid id (426017)
ipcrm: invalid id (426017)
Deleting semid=426018.
Deleting semid=426018.
ipcrm: invalid id (426016)
ipcrm: invalid id (426017)
ipcrm: invalid id (426017)
Deleting semid=426018.
Deleting semid=426017.
Deleting semid=426018.
ipcrm: invalid id (426016)
ipcrm: invalid id (426017)
Deleting semid=426018.
Deleting semid=426017.
ipcrm: invalid id (426017)
Deleting semid=426018.
ipcrm: invalid id (426017)
Deleting semid=426018.
ipcrm: invalid id (426017)
ipcrm: invalid id (426016)
Deleting semid=426018.
Deleting semid=426017.
ipcrm: invalid id (426017)
ipcrm: invalid id (426016)
Deleting semid=426018.
Deleting semid=426017.
ipcrm: invalid id (426017)
Deleting semid=426018.
ipcrm: invalid id (426017)
Deleting semid=426018.
ipcrm: invalid id (426017)
Deleting semid=426018.
ipcrm: invalid id (426017)
Deleting semid=426018.
ipcrm: invalid id (426017)
ipcrm: invalid id (426017)
Deleting semid=426018.
Deleting semid=426018.
ipcrm: invalid id (426017)
Deleting semid=426018.
ipcrm: invalid id (426017)
Deleting semid=426018.
ipcrm: invalid id (426017)
Deleting semid=426018.
ipcrm: invalid id (426017)
Deleting semid=426018.
ipcrm: invalid id (426017)
Deleting semid=426018.
ipcrm: invalid id (426017)
Deleting semid=426018.
ipcrm: invalid id (426017)
Deleting semid=426019.
Deleting semid=426018.
ipcrm: invalid id (426017)
Deleting semid=426018.
ipcrm: invalid id (426017)
Deleting semid=426018.
ipcrm: invalid id (426017)
Deleting semid=426018.
ipcrm: invalid id (426017)
Deleting semid=426018.
ipcrm: invalid id (426018)
Deleting semid=426019.
ipcrm: invalid id (426018)
Deleting semid=426019.
ipcrm: invalid id (426018)
Deleting semid=426019.
ipcrm: invalid id (426018)
ipcrm: invalid id (426018)
Deleting semid=426019.
ipcrm: invalid id (426017)
Deleting semid=426019.
ipcrm: invalid id (426017)
Deleting semid=426018.
Deleting semid=426018.
ipcrm: invalid id (426018)
Deleting semid=426019.
ipcrm: invalid id (426018)
ipcrm: invalid id (426018)
Deleting semid=426019.
Deleting semid=426019.
ipcrm: invalid id (426018)
Deleting semid=426019.
ipcrm: invalid id (426017)
Deleting semid=426018.
ipcrm: invalid id (426017)
ipcrm: invalid id (426018)
Deleting semid=426018.
Deleting semid=426019.
ipcrm: invalid id (426018)
Deleting semid=426019.
ipcrm: invalid id (426018)
Deleting semid=426019.
ipcrm: invalid id (426018)
Deleting semid=426019.
ipcrm: invalid id (426018)
Deleting semid=426019.
ipcrm: invalid id (426018)
Deleting semid=426019.
ipcrm: invalid id (426018)
Deleting semid=426019.
ipcrm: invalid id (426018)
Deleting semid=426019.
ipcrm: invalid id (426018)
Deleting semid=426019.
ipcrm: invalid id (426018)
ipcrm: invalid id (426018)
Deleting semid=426019.
Deleting semid=426019.
ipcrm: invalid id (426018)
Deleting semid=426019.
ipcrm: invalid id (426018)
ipcrm: invalid id (426018)
Deleting semid=426019.
Deleting semid=426019.
Deleting semid=426020.
ipcrm: invalid id (426018)
ipcrm: invalid id (426018)
Deleting semid=426019.
Deleting semid=426019.
ipcrm: invalid id (426018)
Deleting semid=426019.
ipcrm: invalid id (426018)
Deleting semid=426019.
ipcrm: invalid id (426019)
Deleting semid=426020.
ipcrm: invalid id (426019)
Deleting semid=426020.
ipcrm: invalid id (426019)
Deleting semid=426020.
ipcrm: invalid id (426019)
ipcrm: invalid id (426019)
Deleting semid=426020.
Deleting semid=426020.
ipcrm: invalid id (426018)
Deleting semid=426019.
ipcrm: invalid id (426018)
Deleting semid=426019.
ipcrm: invalid id (426019)
ipcrm: invalid id (426019)
ipcrm: invalid id (426019)
Deleting semid=426020.
Deleting semid=426020.
Deleting semid=426020.
ipcrm: invalid id (426019)
Deleting semid=426020.
ipcrm: invalid id (426018)
Deleting semid=426019.
ipcrm: invalid id (426018)
ipcrm: invalid id (426019)
Deleting semid=426019.
Deleting semid=426020.
ipcrm: invalid id (426019)
Deleting semid=426020.
ipcrm: invalid id (426019)
Deleting semid=426020.
ipcrm: invalid id (426019)
Deleting semid=426020.
ipcrm: invalid id (426019)
Deleting semid=426020.
ipcrm: invalid id (426019)
Deleting semid=426020.
ipcrm: invalid id (426019)
Deleting semid=426020.
ipcrm: invalid id (426019)
Deleting semid=426020.
ipcrm: invalid id (426019)
Deleting semid=426020.
ipcrm: invalid id (426019)
ipcrm: invalid id (426019)
Deleting semid=426020.
Deleting semid=426020.
ipcrm: invalid id (426019)
Deleting semid=426020.
ipcrm: invalid id (426019)
Deleting semid=426020.
ipcrm: invalid id (426019)
Deleting semid=426020.
ipcrm: invalid id (426019)
ipcrm: invalid id (426019)
Deleting semid=426020.
Deleting semid=426020.
ipcrm: invalid id (426019)
Deleting semid=426020.
Deleting semid=426021.
ipcrm: invalid id (426019)
Deleting semid=426020.
ipcrm: invalid id (426020)
Deleting semid=426021.
ipcrm: invalid id (426020)
Deleting semid=426021.
ipcrm: invalid id (426020)
Deleting semid=426021.
ipcrm: invalid id (426020)
ipcrm: invalid id (426020)
Deleting semid=426021.
Deleting semid=426021.
ipcrm: invalid id (426019)
Deleting semid=426020.
ipcrm: invalid id (426019)
Deleting semid=426020.
ipcrm: invalid id (426020)
ipcrm: invalid id (426020)
Deleting semid=426021.
ipcrm: invalid id (426020)
Deleting semid=426021.
Deleting semid=426021.
ipcrm: invalid id (426020)
Deleting semid=426021.
ipcrm: invalid id (426019)
Deleting semid=426020.
ipcrm: invalid id (426019)
ipcrm: invalid id (426020)
Deleting semid=426020.
Deleting semid=426021.
ipcrm: invalid id (426020)
Deleting semid=426021.
ipcrm: invalid id (426020)
Deleting semid=426021.
ipcrm: invalid id (426020)
Deleting semid=426021.
ipcrm: invalid id (426020)
Deleting semid=426021.
ipcrm: invalid id (426020)
Deleting semid=426021.
ipcrm: invalid id (426020)
Deleting semid=426021.
ipcrm: invalid id (426020)
Deleting semid=426021.
ipcrm: invalid id (426020)
Deleting semid=426021.
ipcrm: invalid id (426020)
ipcrm: invalid id (426020)
Deleting semid=426021.
Deleting semid=426021.
ipcrm: invalid id (426020)
Deleting semid=426021.
ipcrm: invalid id (426020)
Deleting semid=426021.
ipcrm: invalid id (426020)
Deleting semid=426021.
ipcrm: invalid id (426020)
Deleting semid=426021.
ipcrm: invalid id (426020)
Deleting semid=426021.
Deleting semid=426022.
ipcrm: invalid id (426020)
Deleting semid=426021.
ipcrm: invalid id (426020)
Deleting semid=426021.
ipcrm: invalid id (426021)
Deleting semid=426022.
ipcrm: invalid id (426021)
Deleting semid=426022.
ipcrm: invalid id (426021)
Deleting semid=426022.
ipcrm: invalid id (426021)
Deleting semid=426022.
ipcrm: invalid id (426021)
Deleting semid=426022.
ipcrm: invalid id (426020)
Deleting semid=426021.
ipcrm: invalid id (426020)
ipcrm: invalid id (426021)
Deleting semid=426022.
Deleting semid=426021.
ipcrm: invalid id (426021)
ipcrm: invalid id (426021)
Deleting semid=426022.
Deleting semid=426022.
ipcrm: invalid id (426021)
Deleting semid=426022.
ipcrm: invalid id (426020)
ipcrm: invalid id (426021)
Deleting semid=426021.
ipcrm: invalid id (426020)
Deleting semid=426022.
Deleting semid=426021.
ipcrm: invalid id (426021)
Deleting semid=426022.
ipcrm: invalid id (426021)
Deleting semid=426022.
ipcrm: invalid id (426021)
Deleting semid=426022.
ipcrm: invalid id (426021)
Deleting semid=426022.
ipcrm: invalid id (426021)
Deleting semid=426022.
ipcrm: invalid id (426021)
Deleting semid=426022.
ipcrm: invalid id (426021)
Deleting semid=426022.
ipcrm: invalid id (426021)
Deleting semid=426022.
ipcrm: invalid id (426021)
Deleting semid=426022.
ipcrm: invalid id (426021)
Deleting semid=426022.
ipcrm: invalid id (426021)
Deleting semid=426022.
ipcrm: invalid id (426021)
Deleting semid=426022.
ipcrm: invalid id (426021)
Deleting semid=426022.
ipcrm: invalid id (426021)
Deleting semid=426022.
ipcrm: invalid id (426021)
Deleting semid=426023.
Deleting semid=426022.
ipcrm: invalid id (426021)
Deleting semid=426022.
ipcrm: invalid id (426021)
Deleting semid=426022.
ipcrm: invalid id (426022)
Deleting semid=426023.
ipcrm: invalid id (426022)
Deleting semid=426023.
ipcrm: invalid id (426022)
Deleting semid=426023.
ipcrm: invalid id (426022)
Deleting semid=426023.
ipcrm: invalid id (426022)
Deleting semid=426023.
ipcrm: invalid id (426021)
Deleting semid=426022.
ipcrm: invalid id (426022)
ipcrm: invalid id (426021)
Deleting semid=426023.
ipcrm: invalid id (426022)
Deleting semid=426022.
Deleting semid=426023.
ipcrm: invalid id (426022)
Deleting semid=426023.
ipcrm: invalid id (426022)
ipcrm: invalid id (426022)
ipcrm: invalid id (426021)
Deleting semid=426023.
ipcrm: invalid id (426021)
Deleting semid=426023.
Deleting semid=426022.
Deleting semid=426022.
ipcrm: invalid id (426022)
Deleting semid=426023.
ipcrm: invalid id (426022)
Deleting semid=426023.
ipcrm: invalid id (426022)
Deleting semid=426023.
ipcrm: invalid id (426022)
Deleting semid=426023.
ipcrm: invalid id (426022)
Deleting semid=426023.
ipcrm: invalid id (426022)
Deleting semid=426023.
ipcrm: invalid id (426022)
Deleting semid=426023.
ipcrm: invalid id (426022)
Deleting semid=426023.
ipcrm: invalid id (426022)
Deleting semid=426023.
ipcrm: invalid id (426022)
Deleting semid=426023.
ipcrm: invalid id (426022)
Deleting semid=426023.
ipcrm: invalid id (426022)
Deleting semid=426023.
ipcrm: invalid id (426022)
Deleting semid=426023.
ipcrm: invalid id (426022)
Deleting semid=426024.
Deleting semid=426023.
ipcrm: invalid id (426022)
Deleting semid=426023.
ipcrm: invalid id (426022)
Deleting semid=426023.
ipcrm: invalid id (426022)
Deleting semid=426023.
ipcrm: invalid id (426023)
Deleting semid=426024.
ipcrm: invalid id (426023)
Deleting semid=426024.
ipcrm: invalid id (426023)
Deleting semid=426024.
ipcrm: invalid id (426023)
Deleting semid=426024.
ipcrm: invalid id (426023)
Deleting semid=426024.
ipcrm: invalid id (426022)
Deleting semid=426023.
ipcrm: invalid id (426023)
Deleting semid=426024.
ipcrm: invalid id (426022)
Deleting semid=426023.
ipcrm: invalid id (426023)
Deleting semid=426024.
ipcrm: invalid id (426023)
Deleting semid=426024.
ipcrm: invalid id (426023)
Deleting semid=426024.
ipcrm: invalid id (426022)
ipcrm: invalid id (426023)
Deleting semid=426023.
Deleting semid=426024.
ipcrm: invalid id (426022)
Deleting semid=426023.
ipcrm: invalid id (426023)
Deleting semid=426024.
ipcrm: invalid id (426023)
ipcrm: invalid id (426023)
Deleting semid=426024.
Deleting semid=426024.
ipcrm: invalid id (426023)
Deleting semid=426024.
ipcrm: invalid id (426023)
Deleting semid=426024.
ipcrm: invalid id (426023)
Deleting semid=426024.
ipcrm: invalid id (426023)
Deleting semid=426024.
ipcrm: invalid id (426023)
Deleting semid=426024.
ipcrm: invalid id (426023)
Deleting semid=426024.
ipcrm: invalid id (426023)
Deleting semid=426024.
ipcrm: invalid id (426023)
Deleting semid=426024.
ipcrm: invalid id (426023)
Deleting semid=426024.
ipcrm: invalid id (426023)
Deleting semid=426024.
Deleting semid=426025.
ipcrm: invalid id (426023)
Deleting semid=426024.
ipcrm: invalid id (426023)
Deleting semid=426024.
ipcrm: invalid id (426023)
Deleting semid=426024.
ipcrm: invalid id (426023)
Deleting semid=426024.
ipcrm: invalid id (426024)
Deleting semid=426025.
ipcrm: invalid id (426024)
Deleting semid=426025.
ipcrm: invalid id (426024)
Deleting semid=426025.
ipcrm: invalid id (426024)
Deleting semid=426025.
ipcrm: invalid id (426024)
Deleting semid=426025.
ipcrm: invalid id (426023)
Deleting semid=426024.
ipcrm: invalid id (426024)
Deleting semid=426025.
ipcrm: invalid id (426024)
ipcrm: invalid id (426023)
Deleting semid=426025.
Deleting semid=426024.
ipcrm: invalid id (426024)
ipcrm: invalid id (426024)
Deleting semid=426025.
Deleting semid=426025.
ipcrm: invalid id (426023)
Deleting semid=426024.
ipcrm: invalid id (426024)
ipcrm: invalid id (426023)
Deleting semid=426025.
Deleting semid=426024.
ipcrm: invalid id (426024)
Deleting semid=426025.
ipcrm: invalid id (426024)
Deleting semid=426025.
ipcrm: invalid id (426024)
Deleting semid=426025.
ipcrm: invalid id (426024)
Deleting semid=426025.
ipcrm: invalid id (426024)
ipcrm: invalid id (426024)
Deleting semid=426025.
Deleting semid=426025.
ipcrm: invalid id (426024)
ipcrm: invalid id (426024)
Deleting semid=426025.
Deleting semid=426025.
ipcrm: invalid id (426024)
Deleting semid=426025.
ipcrm: invalid id (426024)
Deleting semid=426025.
ipcrm: invalid id (426024)
Deleting semid=426025.
ipcrm: invalid id (426024)
Deleting semid=426025.
ipcrm: invalid id (426024)
Deleting semid=426026.
Deleting semid=426025.
ipcrm: invalid id (426024)
ipcrm: invalid id (426024)
Deleting semid=426025.
Deleting semid=426025.
ipcrm: invalid id (426024)
Deleting semid=426025.
ipcrm: invalid id (426024)
ipcrm: invalid id (426025)
Deleting semid=426025.
Deleting semid=426026.
ipcrm: invalid id (426025)
Deleting semid=426026.
ipcrm: invalid id (426025)
Deleting semid=426026.
ipcrm: invalid id (426025)
Deleting semid=426026.
ipcrm: invalid id (426025)
Deleting semid=426026.
ipcrm: invalid id (426024)
Deleting semid=426025.
ipcrm: invalid id (426025)
Deleting semid=426026.
ipcrm: invalid id (426025)
ipcrm: invalid id (426024)
Deleting semid=426026.
Deleting semid=426025.
ipcrm: invalid id (426025)
ipcrm: invalid id (426025)
Deleting semid=426026.
Deleting semid=426026.
ipcrm: invalid id (426024)
ipcrm: invalid id (426024)
Deleting semid=426025.
ipcrm: invalid id (426025)
Deleting semid=426025.
Deleting semid=426026.
Deleting semid=426026.
ipcrm: invalid id (426025)
ipcrm: invalid id (426025)
Deleting semid=426026.
ipcrm: invalid id (426025)
Deleting semid=426026.
Deleting semid=426026.
ipcrm: invalid id (426025)
Deleting semid=426026.
ipcrm: invalid id (426025)
Deleting semid=426026.
ipcrm: invalid id (426025)
Deleting semid=426026.
ipcrm: invalid id (426025)
Deleting semid=426026.
ipcrm: invalid id (426025)
Deleting semid=426026.
ipcrm: invalid id (426025)
ipcrm: invalid id (426025)
ipcrm: invalid id (426025)
ipcrm: invalid id (426025)
Deleting semid=426026.
Deleting semid=426026.
Deleting semid=426026.
Deleting semid=426027.
ipcrm: invalid id (426026)
Deleting semid=426026.
ipcrm: invalid id (426025)
Deleting semid=426026.
ipcrm: invalid id (426025)
Deleting semid=426026.
ipcrm: invalid id (426025)
Deleting semid=426027.
Deleting semid=426026.
ipcrm: invalid id (426025)
ipcrm: invalid id (426025)
Deleting semid=426026.
Deleting semid=426027.
ipcrm: invalid id (426026)
Deleting semid=426027.
ipcrm: invalid id (426026)
Deleting semid=426027.
ipcrm: invalid id (426026)
Deleting semid=426027.
ipcrm: invalid id (426026)
Deleting semid=426026.
ipcrm: invalid id (426025)
Deleting semid=426027.
ipcrm: invalid id (426026)
ipcrm: invalid id (426026)
ipcrm: invalid id (426025)
Deleting semid=426027.
Deleting semid=426026.
ipcrm: invalid id (426025)
Deleting semid=426027.
ipcrm: invalid id (426026)
Deleting semid=426026.
ipcrm: invalid id (426025)
Deleting semid=426027.
ipcrm: invalid id (426026)
Deleting semid=426027.
ipcrm: invalid id (426026)
Deleting semid=426026.
Deleting semid=426027.
ipcrm: invalid id (426026)
ipcrm: invalid id (426026)
Deleting semid=426027.
ipcrm: invalid id (426026)
Deleting semid=426027.
ipcrm: invalid id (426026)
Deleting semid=426027.
ipcrm: invalid id (426026)
Deleting semid=426027.
ipcrm: invalid id (426026)
Deleting semid=426027.
ipcrm: invalid id (426026)
Deleting semid=426027.
Deleting semid=426027.
ipcrm: invalid id (426026)
Deleting semid=426027.
ipcrm: invalid id (426026)
Deleting semid=426027.
ipcrm: invalid id (426026)
Deleting semid=426027.
ipcrm: invalid id (426026)
Deleting semid=426028.
ipcrm: invalid id (426027)
Deleting semid=426027.
ipcrm: invalid id (426026)
Deleting semid=426027.
ipcrm: invalid id (426026)
Deleting semid=426027.
ipcrm: invalid id (426026)
Deleting semid=426027.
ipcrm: invalid id (426026)
Deleting semid=426027.
ipcrm: invalid id (426026)
Deleting semid=426028.
Deleting semid=426027.
ipcrm: invalid id (426026)
Deleting semid=426028.
ipcrm: invalid id (426027)
ipcrm: invalid id (426026)
Deleting semid=426028.
ipcrm: invalid id (426027)
Deleting semid=426028.
ipcrm: invalid id (426027)
Deleting semid=426028.
ipcrm: invalid id (426027)
Deleting semid=426027.
ipcrm: invalid id (426027)
Deleting semid=426028.
ipcrm: invalid id (426027)
Deleting semid=426028.
Deleting semid=426028.
ipcrm: invalid id (426027)
Deleting semid=426027.
ipcrm: invalid id (426026)
Deleting semid=426028.
ipcrm: invalid id (426027)
Deleting semid=426028.
ipcrm: invalid id (426027)
Deleting semid=426027.
ipcrm: invalid id (426026)
Deleting semid=426027.
ipcrm: invalid id (426026)
Deleting semid=426028.
ipcrm: invalid id (426027)
Deleting semid=426028.
ipcrm: invalid id (426027)
ipcrm: invalid id (426027)
ipcrm: invalid id (426027)
Deleting semid=426028.
ipcrm: invalid id (426027)
ipcrm: invalid id (426027)
Deleting semid=426028.
Deleting semid=426028.
Deleting semid=426028.
ipcrm: invalid id (426027)
Deleting semid=426028.
ipcrm: invalid id (426027)
Deleting semid=426028.
ipcrm: invalid id (426027)
Deleting semid=426028.
ipcrm: invalid id (426027)
Deleting semid=426028.
ipcrm: invalid id (426027)
Deleting semid=426028.
ipcrm: invalid id (426027)
Deleting semid=426028.
ipcrm: invalid id (426027)
Deleting semid=426028.
ipcrm: invalid id (426027)
Deleting semid=426028.
Deleting semid=426029.
Deleting semid=426028.
ipcrm: invalid id (426027)
ipcrm: invalid id (426027)
Deleting semid=426028.
Deleting semid=426029.
ipcrm: invalid id (426028)
Deleting semid=426028.
ipcrm: invalid id (426027)
Deleting semid=426029.
ipcrm: invalid id (426028)
ipcrm: invalid id (426028)
Deleting semid=426029.
ipcrm: invalid id (426028)
Deleting semid=426029.
ipcrm: invalid id (426028)
Deleting semid=426028.
ipcrm: invalid id (426027)
Deleting semid=426029.
ipcrm: invalid id (426028)
Deleting semid=426029.
Deleting semid=426028.
ipcrm: invalid id (426027)
Deleting semid=426029.
ipcrm: invalid id (426028)
Deleting semid=426029.
ipcrm: invalid id (426028)
Deleting semid=426029.
ipcrm: invalid id (426028)
Deleting semid=426028.
ipcrm: invalid id (426027)
Deleting semid=426029.
ipcrm: invalid id (426028)
Deleting semid=426029.
ipcrm: invalid id (426028)
Deleting semid=426028.
ipcrm: invalid id (426027)
Deleting semid=426029.
ipcrm: invalid id (426028)
Deleting semid=426029.
ipcrm: invalid id (426028)
Deleting semid=426029.
ipcrm: invalid id (426028)
Deleting semid=426029.
ipcrm: invalid id (426028)
Deleting semid=426029.
ipcrm: invalid id (426028)
Deleting semid=426029.
ipcrm: invalid id (426028)
Deleting semid=426029.
ipcrm: invalid id (426028)
Deleting semid=426029.
ipcrm: invalid id (426028)
Deleting semid=426029.
ipcrm: invalid id (426028)
ipcrm: invalid id (426028)
Deleting semid=426029.
Deleting semid=426030.
ipcrm: invalid id (426029)
Deleting semid=426029.
ipcrm: invalid id (426028)
Deleting semid=426029.
ipcrm: invalid id (426028)
Deleting semid=426029.
ipcrm: invalid id (426028)
Deleting semid=426029.
ipcrm: invalid id (426028)
Deleting semid=426030.
Deleting semid=426029.
ipcrm: invalid id (426028)
ipcrm: invalid id (426028)
Deleting semid=426029.
Deleting semid=426030.
ipcrm: invalid id (426029)
Deleting semid=426029.
ipcrm: invalid id (426028)
Deleting semid=426030.
ipcrm: invalid id (426029)
Deleting semid=426030.
ipcrm: invalid id (426029)
Deleting semid=426030.
ipcrm: invalid id (426029)
Deleting semid=426030.
ipcrm: invalid id (426029)
Deleting semid=426030.
ipcrm: invalid id (426029)
ipcrm: invalid id (426029)
Deleting semid=426030.
ipcrm: invalid id (426029)
Deleting semid=426029.
ipcrm: invalid id (426028)
Deleting semid=426030.
ipcrm: invalid id (426029)
Deleting semid=426029.
ipcrm: invalid id (426028)
Deleting semid=426030.
ipcrm: invalid id (426029)
Deleting semid=426030.
ipcrm: invalid id (426029)
Deleting semid=426029.
ipcrm: invalid id (426028)
Deleting semid=426030.
ipcrm: invalid id (426029)
ipcrm: invalid id (426029)
ipcrm: invalid id (426029)
Deleting semid=426030.
ipcrm: invalid id (426029)
Deleting semid=426030.
ipcrm: invalid id (426029)
Deleting semid=426030.
Deleting semid=426030.
Deleting semid=426030.
ipcrm: invalid id (426029)
Deleting semid=426030.
ipcrm: invalid id (426029)
Deleting semid=426030.
Deleting semid=426030.
ipcrm: invalid id (426029)
Deleting semid=426030.
ipcrm: invalid id (426029)
Deleting semid=426030.
ipcrm: invalid id (426029)
Deleting semid=426030.
ipcrm: invalid id (426029)
Deleting semid=426030.
ipcrm: invalid id (426029)
Deleting semid=426031.
Deleting semid=426030.
ipcrm: invalid id (426029)
Deleting semid=426031.
ipcrm: invalid id (426030)
Deleting semid=426030.
ipcrm: invalid id (426029)
Deleting semid=426031.
ipcrm: invalid id (426030)
Deleting semid=426030.
ipcrm: invalid id (426029)
Deleting semid=426030.
ipcrm: invalid id (426029)
Deleting semid=426031.
ipcrm: invalid id (426030)
Deleting semid=426031.
ipcrm: invalid id (426030)
Deleting semid=426031.
ipcrm: invalid id (426030)
Deleting semid=426031.
ipcrm: invalid id (426030)
Deleting semid=426031.
ipcrm: invalid id (426030)
Deleting semid=426031.
ipcrm: invalid id (426030)
Deleting semid=426030.
ipcrm: invalid id (426029)
Deleting semid=426031.
ipcrm: invalid id (426030)
ipcrm: invalid id (426030)
Deleting semid=426031.
ipcrm: invalid id (426030)
Deleting semid=426030.
ipcrm: invalid id (426029)
Deleting semid=426030.
ipcrm: invalid id (426029)
Deleting semid=426031.
ipcrm: invalid id (426030)
Deleting semid=426031.
ipcrm: invalid id (426030)
ipcrm: invalid id (426030)
Deleting semid=426031.
Deleting semid=426031.
ipcrm: invalid id (426030)
ipcrm: invalid id (426030)
Deleting semid=426031.
ipcrm: invalid id (426030)
Deleting semid=426031.
Deleting semid=426031.
ipcrm: invalid id (426030)
Deleting semid=426031.
ipcrm: invalid id (426030)
Deleting semid=426031.
Deleting semid=426031.
ipcrm: invalid id (426030)
ipcrm: invalid id (426030)
Deleting semid=426031.
Deleting semid=426031.
ipcrm: invalid id (426030)
Deleting semid=426031.
ipcrm: invalid id (426030)
Deleting semid=426031.
ipcrm: invalid id (426030)
Deleting semid=426032.
Deleting semid=426031.
ipcrm: invalid id (426030)
ipcrm: invalid id (426031)
Deleting semid=426032.
Deleting semid=426031.
ipcrm: invalid id (426030)
Deleting semid=426032.
ipcrm: invalid id (426031)
Deleting semid=426031.
ipcrm: invalid id (426030)
Deleting semid=426031.
ipcrm: invalid id (426030)
Deleting semid=426032.
ipcrm: invalid id (426031)
Deleting semid=426032.
ipcrm: invalid id (426031)
Deleting semid=426032.
ipcrm: invalid id (426031)
Deleting semid=426032.
ipcrm: invalid id (426031)
ipcrm: invalid id (426031)
ipcrm: invalid id (426031)
ipcrm: invalid id (426031)
Deleting semid=426032.
Deleting semid=426032.
Deleting semid=426032.
ipcrm: invalid id (426030)
Deleting semid=426031.
Deleting semid=426032.
ipcrm: invalid id (426031)
Deleting semid=426031.
ipcrm: invalid id (426030)
Deleting semid=426031.
ipcrm: invalid id (426030)
Deleting semid=426032.
ipcrm: invalid id (426031)
Deleting semid=426032.
ipcrm: invalid id (426031)
Deleting semid=426032.
ipcrm: invalid id (426031)
Deleting semid=426032.
ipcrm: invalid id (426031)
Deleting semid=426032.
ipcrm: invalid id (426031)
ipcrm: invalid id (426031)
ipcrm: invalid id (426031)
Deleting semid=426032.
ipcrm: invalid id (426031)
Deleting semid=426032.
Deleting semid=426032.
ipcrm: invalid id (426031)
Deleting semid=426032.
ipcrm: invalid id (426031)
Deleting semid=426032.
ipcrm: invalid id (426031)
Deleting semid=426032.
ipcrm: invalid id (426031)
Deleting semid=426033.
ipcrm: invalid id (426031)
Deleting semid=426032.
ipcrm: invalid id (426031)
Deleting semid=426032.
Deleting semid=426032.
ipcrm: invalid id (426031)
Deleting semid=426032.
ipcrm: invalid id (426032)
Deleting semid=426033.
ipcrm: invalid id (426032)
Deleting semid=426033.
ipcrm: invalid id (426032)
Deleting semid=426033.
ipcrm: invalid id (426032)
ipcrm: invalid id (426031)
Deleting semid=426033.
Deleting semid=426032.
ipcrm: invalid id (426032)
Deleting semid=426033.
ipcrm: invalid id (426032)
ipcrm: invalid id (426032)
ipcrm: invalid id (426032)
Deleting semid=426033.
Deleting semid=426033.
ipcrm: invalid id (426031)
Deleting semid=426033.
Deleting semid=426032.
ipcrm: invalid id (426032)
ipcrm: invalid id (426032)
ipcrm: invalid id (426031)
ipcrm: invalid id (426032)
ipcrm: invalid id (426031)
Deleting semid=426033.
Deleting semid=426033.
Deleting semid=426032.
Deleting semid=426033.
Deleting semid=426032.
ipcrm: invalid id (426032)
ipcrm: invalid id (426032)
Deleting semid=426033.
Deleting semid=426033.
ipcrm: invalid id (426032)
Deleting semid=426033.
Deleting semid=426034.
Deleting semid=426034.
ipcrm: invalid id (426033)
Deleting semid=426035.
ipcrm: invalid id (426034)
Deleting semid=426035.
ipcrm: invalid id (426032)
Deleting semid=426033.
Deleting semid=426036.
ipcrm: invalid id (426035)
Deleting semid=426036.
ipcrm: invalid id (426033)
Deleting semid=426034.
Deleting semid=426037.
ipcrm: invalid id (426036)
Deleting semid=426037.
ipcrm: invalid id (426034)
Deleting semid=426035.
Deleting semid=426038.
ipcrm: invalid id (426037)
Deleting semid=426038.
ipcrm: invalid id (426035)
Deleting semid=426036.
Deleting semid=426039.
ipcrm: invalid id (426038)
Deleting semid=426039.
ipcrm: invalid id (426036)
Deleting semid=426037.
Deleting semid=426040.
ipcrm: invalid id (426039)
Deleting semid=426040.
ipcrm: invalid id (426037)
Deleting semid=426038.
Deleting semid=426041.
ipcrm: invalid id (426040)
Deleting semid=426041.
ipcrm: invalid id (426038)
Deleting semid=426039.
Deleting semid=426042.
ipcrm: invalid id (426041)
Deleting semid=426042.
ipcrm: invalid id (426039)
ipcrm: invalid id (426031)
Deleting semid=426040.
Deleting semid=426032.
Deleting semid=426043.
ipcrm: invalid id (426042)
Deleting semid=426043.
ipcrm: invalid id (426040)
Deleting semid=426041.
ipcrm: invalid id (426032)
Deleting semid=426033.
ipcrm: invalid id (426043)
ipcrm: invalid id (426041)
Deleting semid=426042.
ipcrm: invalid id (426033)
Deleting semid=426034.
ipcrm: invalid id (426042)
Deleting semid=426043.
ipcrm: invalid id (426034)
Deleting semid=426035.
ipcrm: invalid id (426031)
Deleting semid=426032.
ipcrm: invalid id (426043)
ipcrm: invalid id (426035)
Deleting semid=426036.
ipcrm: invalid id (426032)
Deleting semid=426033.
ipcrm: invalid id (426032)
Deleting semid=426033.
ipcrm: invalid id (426033)
ipcrm: invalid id (426036)
Deleting semid=426034.
Deleting semid=426037.
ipcrm: invalid id (426032)
Deleting semid=426033.
ipcrm: invalid id (426032)
Deleting semid=426033.
ipcrm: invalid id (426032)
Deleting semid=426033.
ipcrm: invalid id (426032)
Deleting semid=426033.
ipcrm: invalid id (426033)
Deleting semid=426034.
ipcrm: invalid id (426033)
Deleting semid=426034.
ipcrm: invalid id (426032)
ipcrm: invalid id (426032)
Deleting semid=426033.
ipcrm: invalid id (426032)
Deleting semid=426033.
Deleting semid=426033.
ipcrm: invalid id (426032)
ipcrm: invalid id (426037)
Deleting semid=426038.
Deleting semid=426033.
ipcrm: invalid id (426034)
Deleting semid=426035.
ipcrm: invalid id (426033)
Deleting semid=426034.
ipcrm: invalid id (426032)
Deleting semid=426033.
ipcrm: invalid id (426033)
ipcrm: invalid id (426033)
Deleting semid=426034.
Deleting semid=426034.
ipcrm: invalid id (426033)
Deleting semid=426034.
ipcrm: invalid id (426033)
Deleting semid=426034.
ipcrm: invalid id (426032)
Deleting semid=426033.
ipcrm: invalid id (426034)
Deleting semid=426035.
ipcrm: invalid id (426034)
Deleting semid=426035.
ipcrm: invalid id (426033)
ipcrm: invalid id (426033)
Deleting semid=426034.
Deleting semid=426034.
ipcrm: invalid id (426033)
ipcrm: invalid id (426038)
Deleting semid=426034.
ipcrm: invalid id (426033)
Deleting semid=426039.
Deleting semid=426034.
ipcrm: invalid id (426035)
Deleting semid=426036.
ipcrm: invalid id (426034)
Deleting semid=426035.
ipcrm: invalid id (426033)
Deleting semid=426034.
ipcrm: invalid id (426034)
Deleting semid=426035.
ipcrm: invalid id (426034)
Deleting semid=426035.
ipcrm: invalid id (426034)
Deleting semid=426035.
ipcrm: invalid id (426034)
Deleting semid=426035.
ipcrm: invalid id (426033)
Deleting semid=426034.
ipcrm: invalid id (426035)
Deleting semid=426036.
ipcrm: invalid id (426035)
Deleting semid=426036.
ipcrm: invalid id (426034)
ipcrm: invalid id (426034)
Deleting semid=426035.
ipcrm: invalid id (426034)
Deleting semid=426035.
ipcrm: invalid id (426033)
ipcrm: invalid id (426039)
ipcrm: invalid id (426034)
Deleting semid=426035.
Deleting semid=426034.
Deleting semid=426040.
Deleting semid=426035.
ipcrm: invalid id (426036)
Deleting semid=426037.
ipcrm: invalid id (426035)
Deleting semid=426036.
ipcrm: invalid id (426034)
Deleting semid=426035.
ipcrm: invalid id (426035)
Deleting semid=426036.
ipcrm: invalid id (426035)
Deleting semid=426036.
ipcrm: invalid id (426035)
Deleting semid=426036.
ipcrm: invalid id (426035)
Deleting semid=426036.
ipcrm: invalid id (426034)
Deleting semid=426035.
ipcrm: invalid id (426036)
Deleting semid=426037.
ipcrm: invalid id (426036)
Deleting semid=426037.
ipcrm: invalid id (426035)
Deleting semid=426036.
ipcrm: invalid id (426035)
Deleting semid=426036.
ipcrm: invalid id (426035)
ipcrm: invalid id (426040)
ipcrm: invalid id (426035)
Deleting semid=426036.
ipcrm: invalid id (426034)
Deleting semid=426041.
Deleting semid=426036.
Deleting semid=426035.
ipcrm: invalid id (426037)
Deleting semid=426038.
ipcrm: invalid id (426036)
Deleting semid=426037.
ipcrm: invalid id (426035)
Deleting semid=426036.
ipcrm: invalid id (426033)
Deleting semid=426034.
ipcrm: invalid id (426036)
Deleting semid=426037.
ipcrm: invalid id (426036)
Deleting semid=426037.
ipcrm: invalid id (426036)
Deleting semid=426037.
ipcrm: invalid id (426036)
Deleting semid=426037.
ipcrm: invalid id (426035)
ipcrm: invalid id (426037)
Deleting semid=426036.
Deleting semid=426038.
ipcrm: invalid id (426037)
Deleting semid=426038.
ipcrm: invalid id (426036)
ipcrm: invalid id (426036)
Deleting semid=426037.
Deleting semid=426037.
ipcrm: invalid id (426041)
ipcrm: invalid id (426036)
ipcrm: invalid id (426036)
ipcrm: invalid id (426035)
Deleting semid=426042.
Deleting semid=426037.
Deleting semid=426037.
Deleting semid=426036.
ipcrm: invalid id (426038)
Deleting semid=426039.
ipcrm: invalid id (426037)
Deleting semid=426038.
ipcrm: invalid id (426036)
Deleting semid=426037.
ipcrm: invalid id (426034)
Deleting semid=426035.
ipcrm: invalid id (426037)
Deleting semid=426038.
ipcrm: invalid id (426037)
Deleting semid=426038.
ipcrm: invalid id (426037)
Deleting semid=426038.
ipcrm: invalid id (426037)
Deleting semid=426038.
ipcrm: invalid id (426038)
ipcrm: invalid id (426036)
Deleting semid=426039.
Deleting semid=426037.
ipcrm: invalid id (426038)
Deleting semid=426039.
ipcrm: invalid id (426037)
ipcrm: invalid id (426037)
Deleting semid=426038.
Deleting semid=426038.
ipcrm: invalid id (426042)
ipcrm: invalid id (426037)
ipcrm: invalid id (426037)
ipcrm: invalid id (426036)
Deleting semid=426038.
Deleting semid=426043.
Deleting semid=426038.
Deleting semid=426037.
ipcrm: invalid id (426039)
Deleting semid=426040.
ipcrm: invalid id (426038)
Deleting semid=426039.
ipcrm: invalid id (426037)
Deleting semid=426038.
ipcrm: invalid id (426035)
Deleting semid=426036.
ipcrm: invalid id (426038)
Deleting semid=426039.
ipcrm: invalid id (426038)
Deleting semid=426039.
ipcrm: invalid id (426038)
Deleting semid=426039.
ipcrm: invalid id (426038)
Deleting semid=426039.
ipcrm: invalid id (426039)
ipcrm: invalid id (426037)
Deleting semid=426040.
Deleting semid=426038.
ipcrm: invalid id (426039)
Deleting semid=426040.
ipcrm: invalid id (426040)
ipcrm: invalid id (426038)
Deleting semid=426041.
Deleting semid=426039.
ipcrm: invalid id (426033)
Deleting semid=426034.
ipcrm: invalid id (426040)
Deleting semid=426041.
ipcrm: invalid id (426041)
ipcrm: invalid id (426039)
Deleting semid=426042.
Deleting semid=426040.
ipcrm: invalid id (426034)
Deleting semid=426035.
ipcrm: invalid id (426041)
Deleting semid=426042.
ipcrm: invalid id (426042)
ipcrm: invalid id (426040)
Deleting semid=426043.
Deleting semid=426041.
ipcrm: invalid id (426035)
ipcrm: invalid id (426042)
Deleting semid=426036.
Deleting semid=426043.
ipcrm: invalid id (426043)
ipcrm: invalid id (426041)
Deleting semid=426042.
ipcrm: invalid id (426036)
ipcrm: invalid id (426043)
Deleting semid=426037.
ipcrm: invalid id (426042)
Deleting semid=426043.
ipcrm: invalid id (426037)
Deleting semid=426038.
ipcrm: invalid id (426043)
ipcrm: invalid id (426038)
Deleting semid=426039.
ipcrm: invalid id (426039)
Deleting semid=426040.
ipcrm: invalid id (426040)
Deleting semid=426041.
ipcrm: invalid id (426032)
Deleting semid=426033.
ipcrm: invalid id (426041)
Deleting semid=426042.
ipcrm: invalid id (426033)
Deleting semid=426034.
ipcrm: invalid id (426042)
Deleting semid=426043.
ipcrm: invalid id (426034)
Deleting semid=426035.
ipcrm: invalid id (426043)
ipcrm: invalid id (426035)
Deleting semid=426036.
ipcrm: invalid id (426032)
Deleting semid=426033.
ipcrm: invalid id (426036)
Deleting semid=426037.
ipcrm: invalid id (426033)
Deleting semid=426034.
ipcrm: invalid id (426033)
Deleting semid=426034.
ipcrm: invalid id (426033)
Deleting semid=426034.
ipcrm: invalid id (426033)
Deleting semid=426034.
ipcrm: invalid id (426037)
Deleting semid=426038.
ipcrm: invalid id (426033)
ipcrm: invalid id (426033)
Deleting semid=426034.
Deleting semid=426034.
ipcrm: invalid id (426033)
Deleting semid=426034.
ipcrm: invalid id (426033)
Deleting semid=426034.
ipcrm: invalid id (426033)
Deleting semid=426034.
ipcrm: invalid id (426032)
Deleting semid=426033.
ipcrm: invalid id (426034)
Deleting semid=426035.
ipcrm: invalid id (426034)
Deleting semid=426035.
ipcrm: invalid id (426038)
Deleting semid=426039.
ipcrm: invalid id (426034)
Deleting semid=426035.
ipcrm: invalid id (426034)
Deleting semid=426035.
ipcrm: invalid id (426038)
Deleting semid=426039.
ipcrm: invalid id (426038)
Deleting semid=426039.
ipcrm: invalid id (426034)
Deleting semid=426035.
ipcrm: invalid id (426034)
Deleting semid=426035.
ipcrm: invalid id (426034)
Deleting semid=426035.
ipcrm: invalid id (426034)
Deleting semid=426035.
ipcrm: invalid id (426034)
Deleting semid=426035.
ipcrm: invalid id (426033)
Deleting semid=426034.
ipcrm: invalid id (426035)
Deleting semid=426036.
ipcrm: invalid id (426040)
ipcrm: invalid id (426035)
Deleting semid=426041.
Deleting semid=426036.
ipcrm: invalid id (426039)
Deleting semid=426040.
ipcrm: invalid id (426035)
Deleting semid=426036.
ipcrm: invalid id (426035)
Deleting semid=426036.
ipcrm: invalid id (426039)
Deleting semid=426040.
ipcrm: invalid id (426039)
Deleting semid=426040.
ipcrm: invalid id (426035)
Deleting semid=426036.
ipcrm: invalid id (426035)
Deleting semid=426036.
ipcrm: invalid id (426035)
ipcrm: invalid id (426035)
Deleting semid=426036.
Deleting semid=426036.
ipcrm: invalid id (426035)
ipcrm: invalid id (426043)
Deleting semid=426036.
ipcrm: invalid id (426034)
Deleting semid=426035.
ipcrm: invalid id (426036)
Deleting semid=426037.
ipcrm: invalid id (426036)
ipcrm: invalid id (426041)
Deleting semid=426037.
Deleting semid=426042.
ipcrm: invalid id (426040)
Deleting semid=426041.
ipcrm: invalid id (426036)
Deleting semid=426037.
ipcrm: invalid id (426036)
Deleting semid=426037.
ipcrm: invalid id (426040)
Deleting semid=426041.
ipcrm: invalid id (426040)
Deleting semid=426041.
ipcrm: invalid id (426036)
Deleting semid=426037.
ipcrm: invalid id (426036)
Deleting semid=426037.
ipcrm: invalid id (426036)
ipcrm: invalid id (426036)
Deleting semid=426037.
Deleting semid=426037.
ipcrm: invalid id (426036)
Deleting semid=426037.
ipcrm: invalid id (426035)
Deleting semid=426036.
ipcrm: invalid id (426037)
ipcrm: invalid id (426037)
ipcrm: invalid id (426042)
Deleting semid=426038.
Deleting semid=426038.
Deleting semid=426043.
ipcrm: invalid id (426041)
Deleting semid=426042.
ipcrm: invalid id (426037)
ipcrm: invalid id (426037)
Deleting semid=426038.
Deleting semid=426038.
ipcrm: invalid id (426041)
Deleting semid=426042.
ipcrm: invalid id (426039)
ipcrm: invalid id (426041)
Deleting semid=426040.
Deleting semid=426042.
ipcrm: invalid id (426037)
Deleting semid=426038.
ipcrm: invalid id (426037)
Deleting semid=426038.
ipcrm: invalid id (426037)
Deleting semid=426038.
ipcrm: invalid id (426037)
Deleting semid=426038.
ipcrm: invalid id (426037)
Deleting semid=426038.
ipcrm: invalid id (426036)
Deleting semid=426037.
ipcrm: invalid id (426038)
Deleting semid=426039.
ipcrm: invalid id (426043)
ipcrm: invalid id (426038)
Deleting semid=426039.
ipcrm: invalid id (426042)
Deleting semid=426043.
ipcrm: invalid id (426038)
ipcrm: invalid id (426038)
Deleting semid=426039.
Deleting semid=426039.
Deleting semid=426043.
ipcrm: invalid id (426042)
ipcrm: invalid id (426040)
ipcrm: invalid id (426042)
Deleting semid=426043.
Deleting semid=426041.
ipcrm: invalid id (426038)
Deleting semid=426039.
ipcrm: invalid id (426038)
Deleting semid=426039.
ipcrm: invalid id (426038)
Deleting semid=426039.
ipcrm: invalid id (426038)
Deleting semid=426039.
Deleting semid=426039.
ipcrm: invalid id (426038)
ipcrm: invalid id (426037)
Deleting semid=426038.
ipcrm: invalid id (426039)
Deleting semid=426040.
ipcrm: invalid id (426039)
Deleting semid=426040.
ipcrm: invalid id (426043)
ipcrm: invalid id (426039)
ipcrm: invalid id (426039)
Deleting semid=426040.
Deleting semid=426040.
ipcrm: invalid id (426043)
ipcrm: invalid id (426043)
ipcrm: invalid id (426041)
Deleting semid=426042.
ipcrm: invalid id (426039)
Deleting semid=426040.
ipcrm: invalid id (426039)
Deleting semid=426040.
ipcrm: invalid id (426039)
Deleting semid=426040.
ipcrm: invalid id (426039)
Deleting semid=426040.
ipcrm: invalid id (426039)
Deleting semid=426040.
ipcrm: invalid id (426038)
ipcrm: invalid id (426040)
Deleting semid=426039.
Deleting semid=426041.
ipcrm: invalid id (426040)
Deleting semid=426041.
ipcrm: invalid id (426040)
ipcrm: invalid id (426040)
Deleting semid=426041.
Deleting semid=426041.
ipcrm: invalid id (426042)
Deleting semid=426043.
ipcrm: invalid id (426040)
ipcrm: invalid id (426037)
ipcrm: invalid id (426040)
Deleting semid=426041.
Deleting semid=426038.
Deleting semid=426041.
ipcrm: invalid id (426040)
Deleting semid=426041.
ipcrm: invalid id (426040)
Deleting semid=426041.
ipcrm: invalid id (426040)
Deleting semid=426041.
ipcrm: invalid id (426039)
ipcrm: invalid id (426041)
Deleting semid=426040.
Deleting semid=426042.
ipcrm: invalid id (426041)
Deleting semid=426042.
ipcrm: invalid id (426041)
ipcrm: invalid id (426041)
Deleting semid=426042.
Deleting semid=426042.
ipcrm: invalid id (426041)
Deleting semid=426042.
ipcrm: invalid id (426042)
Deleting semid=426043.
ipcrm: invalid id (426042)
Deleting semid=426043.
ipcrm: invalid id (426042)
Deleting semid=426043.
ipcrm: invalid id (426043)
ipcrm: invalid id (426043)
ipcrm: invalid id (426043)
ipcrm: invalid id (426038)
Deleting semid=426039.
ipcrm: invalid id (426039)
Deleting semid=426040.
ipcrm: invalid id (426040)
Deleting semid=426041.
ipcrm: invalid id (426041)
Deleting semid=426042.
ipcrm: invalid id (426039)
Deleting semid=426040.
ipcrm: invalid id (426042)
Deleting semid=426043.
ipcrm: invalid id (426038)
Deleting semid=426039.
ipcrm: invalid id (426036)
Deleting semid=426037.
ipcrm: invalid id (426040)
Deleting semid=426041.
ipcrm: invalid id (426038)
Deleting semid=426039.
ipcrm: invalid id (426039)
Deleting semid=426040.
ipcrm: invalid id (426043)
ipcrm: invalid id (426041)
ipcrm: invalid id (426038)
Deleting semid=426042.
ipcrm: invalid id (426041)
Deleting semid=426039.
Deleting semid=426042.
ipcrm: invalid id (426041)
ipcrm: invalid id (426039)
Deleting semid=426042.
Deleting semid=426040.
ipcrm: invalid id (426040)
ipcrm: invalid id (426039)
ipcrm: invalid id (426041)
Deleting semid=426041.
ipcrm: invalid id (426043)
Deleting semid=426042.
Deleting semid=426040.
ipcrm: invalid id (426042)
Deleting semid=426043.
ipcrm: invalid id (426037)
ipcrm: invalid id (426039)
ipcrm: invalid id (426042)
Deleting semid=426038.
Deleting semid=426040.
Deleting semid=426043.
ipcrm: invalid id (426041)
Deleting semid=426042.
ipcrm: invalid id (426039)
Deleting semid=426040.
ipcrm: invalid id (426040)
Deleting semid=426041.
ipcrm: invalid id (426042)
Deleting semid=426043.
ipcrm: invalid id (426042)
Deleting semid=426043.
ipcrm: invalid id (426042)
Deleting semid=426043.
ipcrm: invalid id (426039)
Deleting semid=426040.
ipcrm: invalid id (426042)
Deleting semid=426043.
ipcrm: invalid id (426041)
ipcrm: invalid id (426040)
Deleting semid=426042.
Deleting semid=426041.
ipcrm: invalid id (426043)
ipcrm: invalid id (426040)
Deleting semid=426041.
ipcrm: invalid id (426040)
Deleting semid=426041.
ipcrm: invalid id (426038)
Deleting semid=426039.
ipcrm: invalid id (426043)
ipcrm: invalid id (426042)
Deleting semid=426043.
ipcrm: invalid id (426040)
Deleting semid=426041.
ipcrm: invalid id (426041)
Deleting semid=426042.
ipcrm: invalid id (426043)
ipcrm: invalid id (426043)
ipcrm: invalid id (426043)
ipcrm: invalid id (426040)
Deleting semid=426041.
ipcrm: invalid id (426043)
ipcrm: invalid id (426042)
Deleting semid=426043.
ipcrm: invalid id (426041)
Deleting semid=426042.
ipcrm: invalid id (426041)
Deleting semid=426042.
ipcrm: invalid id (426041)
Deleting semid=426042.
ipcrm: invalid id (426039)
Deleting semid=426040.
ipcrm: invalid id (426043)
ipcrm: invalid id (426041)
Deleting semid=426042.
ipcrm: invalid id (426042)
Deleting semid=426043.
ipcrm: invalid id (426041)
Deleting semid=426042.
ipcrm: invalid id (426043)
ipcrm: invalid id (426042)
ipcrm: invalid id (426042)
Deleting semid=426043.
Deleting semid=426043.
ipcrm: invalid id (426042)
Deleting semid=426043.
ipcrm: invalid id (426040)
Deleting semid=426041.
ipcrm: invalid id (426042)
Deleting semid=426043.
ipcrm: invalid id (426043)
ipcrm: invalid id (426042)
Deleting semid=426043.
ipcrm: invalid id (426043)
ipcrm: invalid id (426043)
ipcrm: invalid id (426043)
ipcrm: invalid id (426041)
Deleting semid=426042.
ipcrm: invalid id (426043)
ipcrm: invalid id (426043)
ipcrm: invalid id (426042)
Deleting semid=426043.
ipcrm: invalid id (426043)
srun --mpi=pmix -N 1 -n 32 --ntasks-per-node=32 --export=ALL --cpu-bind verbose,cores   /mnt/lustre/koa/lab/tsqc_group/installed_software/gms_mpi_noDS/gamess.00.x >& /mnt/lustre/koa/lab/tsqc_group/tsatta/lorea/fmo_1res_ligfrag/kb_59/2i0d_kb_59_FMO2DFTB4H_SPE_rank9.log
ls: cannot access 'JOB.12960778.*': No such file or directory
