Lmod Warning:
-------------------------------------------------------------------------------
The following dependent module(s) are not currently loaded:
compiler/GCCcore/14.3.0 (required by: lib/zlib/1.3.1-GCCcore-14.3.0,
lib/libidn2/2.3.8-GCCcore-14.3.0, lib/libiconv/1.18-GCCcore-14.3.0,
lib/libunistring/1.3-GCCcore-14.3.0, lib/libpsl/0.21.5-GCCcore-14.3.0,
tools/cURL/8.14.1-GCCcore-14.3.0, tools/expat/2.7.1-GCCcore-14.3.0,
tools/XZ/5.8.1-GCCcore-14.3.0, lib/libxml2/2.14.3-GCCcore-14.3.0,
tools/gettext/0.25-GCCcore-14.3.0, lang/Perl/5.40.2-GCCcore-14.3.0,
tools/git/2.50.1-GCCcore-14.3.0), devel/ncurses/6.5-GCCcore-14.3.0 (required
by: tools/gettext/0.25-GCCcore-14.3.0)
-------------------------------------------------------------------------------




The following have been reloaded with a version change:
  1) compiler/GCCcore/12.2.0 => compiler/GCCcore/12.3.0
  2) devel/ncurses/6.3-GCCcore-12.2.0 => devel/ncurses/6.4-GCCcore-12.3.0
  3) lib/libxml2/2.10.3-GCCcore-12.2.0 => lib/libxml2/2.14.3-GCCcore-14.3.0
  4) lib/zlib/1.2.12-GCCcore-12.2.0 => lib/zlib/1.3.1-GCCcore-14.3.0
  5) system/OpenSSL/1.1 => system/OpenSSL/3
  6) tools/XZ/5.2.7-GCCcore-12.2.0 => tools/XZ/5.8.1-GCCcore-14.3.0
  7) tools/cURL/7.86.0-GCCcore-12.2.0 => tools/cURL/8.14.1-GCCcore-14.3.0

2i0d_ad_33_FMO2DFTB4H_SPE_rank24.inp
srun --mpi=pmix -N 1 -n 32 --ntasks-per-node=32 --export=ALL --cpu-bind verbose,cores   /mnt/lustre/koa/lab/tsqc_group/installed_software/gms_mpi_noDS/gamess.00.x >& /mnt/lustre/koa/lab/tsqc_group/tsatta/lorea/fmo_1res_ligfrag/ad_33/2i0d_ad_33_FMO2DFTB4H_SPE_rank24.log
ls: cannot access 'JOB.12960774.*': No such file or directory
2i0d_ad_33_FMO2DFTB4H_SPE_rank25.inp
srun --mpi=pmix -N 1 -n 32 --ntasks-per-node=32 --export=ALL --cpu-bind verbose,cores   /mnt/lustre/koa/lab/tsqc_group/installed_software/gms_mpi_noDS/gamess.00.x >& /mnt/lustre/koa/lab/tsqc_group/tsatta/lorea/fmo_1res_ligfrag/ad_33/2i0d_ad_33_FMO2DFTB4H_SPE_rank25.log
ls: cannot access 'JOB.12960774.*': No such file or directory
2i0d_ad_33_FMO2DFTB4H_SPE_rank26.inp
srun --mpi=pmix -N 1 -n 32 --ntasks-per-node=32 --export=ALL --cpu-bind verbose,cores   /mnt/lustre/koa/lab/tsqc_group/installed_software/gms_mpi_noDS/gamess.00.x >& /mnt/lustre/koa/lab/tsqc_group/tsatta/lorea/fmo_1res_ligfrag/ad_33/2i0d_ad_33_FMO2DFTB4H_SPE_rank26.log
ls: cannot access 'JOB.12960774.*': No such file or directory
2i0d_ad_33_FMO2DFTB4H_SPE_rank27.inp
srun --mpi=pmix -N 1 -n 32 --ntasks-per-node=32 --export=ALL --cpu-bind verbose,cores   /mnt/lustre/koa/lab/tsqc_group/installed_software/gms_mpi_noDS/gamess.00.x >& /mnt/lustre/koa/lab/tsqc_group/tsatta/lorea/fmo_1res_ligfrag/ad_33/2i0d_ad_33_FMO2DFTB4H_SPE_rank27.log
ls: cannot access 'JOB.12960774.*': No such file or directory
2i0d_ad_33_FMO2DFTB4H_SPE_rank28.inp
srun --mpi=pmix -N 1 -n 32 --ntasks-per-node=32 --export=ALL --cpu-bind verbose,cores   /mnt/lustre/koa/lab/tsqc_group/installed_software/gms_mpi_noDS/gamess.00.x >& /mnt/lustre/koa/lab/tsqc_group/tsatta/lorea/fmo_1res_ligfrag/ad_33/2i0d_ad_33_FMO2DFTB4H_SPE_rank28.log
ls: cannot access 'JOB.12960774.*': No such file or directory
2i0d_ad_33_FMO2DFTB4H_SPE_rank29.inp
srun --mpi=pmix -N 1 -n 32 --ntasks-per-node=32 --export=ALL --cpu-bind verbose,cores   /mnt/lustre/koa/lab/tsqc_group/installed_software/gms_mpi_noDS/gamess.00.x >& /mnt/lustre/koa/lab/tsqc_group/tsatta/lorea/fmo_1res_ligfrag/ad_33/2i0d_ad_33_FMO2DFTB4H_SPE_rank29.log
ls: cannot access 'JOB.12960774.*': No such file or directory
2i0d_ad_33_FMO2DFTB4H_SPE_rank3.inp
srun --mpi=pmix -N 1 -n 32 --ntasks-per-node=32 --export=ALL --cpu-bind verbose,cores   /mnt/lustre/koa/lab/tsqc_group/installed_software/gms_mpi_noDS/gamess.00.x >& /mnt/lustre/koa/lab/tsqc_group/tsatta/lorea/fmo_1res_ligfrag/ad_33/2i0d_ad_33_FMO2DFTB4H_SPE_rank3.log
ls: cannot access 'JOB.12960774.*': No such file or directory
2i0d_ad_33_FMO2DFTB4H_SPE_rank30.inp
srun --mpi=pmix -N 1 -n 32 --ntasks-per-node=32 --export=ALL --cpu-bind verbose,cores   /mnt/lustre/koa/lab/tsqc_group/installed_software/gms_mpi_noDS/gamess.00.x >& /mnt/lustre/koa/lab/tsqc_group/tsatta/lorea/fmo_1res_ligfrag/ad_33/2i0d_ad_33_FMO2DFTB4H_SPE_rank30.log
ls: cannot access 'JOB.12960774.*': No such file or directory
2i0d_ad_33_FMO2DFTB4H_SPE_rank4.inp
srun --mpi=pmix -N 1 -n 32 --ntasks-per-node=32 --export=ALL --cpu-bind verbose,cores   /mnt/lustre/koa/lab/tsqc_group/installed_software/gms_mpi_noDS/gamess.00.x >& /mnt/lustre/koa/lab/tsqc_group/tsatta/lorea/fmo_1res_ligfrag/ad_33/2i0d_ad_33_FMO2DFTB4H_SPE_rank4.log
ls: cannot access 'JOB.12960774.*': No such file or directory
2i0d_ad_33_FMO2DFTB4H_SPE_rank5.inp
srun --mpi=pmix -N 1 -n 32 --ntasks-per-node=32 --export=ALL --cpu-bind verbose,cores   /mnt/lustre/koa/lab/tsqc_group/installed_software/gms_mpi_noDS/gamess.00.x >& /mnt/lustre/koa/lab/tsqc_group/tsatta/lorea/fmo_1res_ligfrag/ad_33/2i0d_ad_33_FMO2DFTB4H_SPE_rank5.log
ls: cannot access 'JOB.12960774.*': No such file or directory
2i0d_ad_33_FMO2DFTB4H_SPE_rank6.inp
srun --mpi=pmix -N 1 -n 32 --ntasks-per-node=32 --export=ALL --cpu-bind verbose,cores   /mnt/lustre/koa/lab/tsqc_group/installed_software/gms_mpi_noDS/gamess.00.x >& /mnt/lustre/koa/lab/tsqc_group/tsatta/lorea/fmo_1res_ligfrag/ad_33/2i0d_ad_33_FMO2DFTB4H_SPE_rank6.log
ls: cannot access 'JOB.12960774.*': No such file or directory
2i0d_ad_33_FMO2DFTB4H_SPE_rank7.inp
srun --mpi=pmix -N 1 -n 32 --ntasks-per-node=32 --export=ALL --cpu-bind verbose,cores   /mnt/lustre/koa/lab/tsqc_group/installed_software/gms_mpi_noDS/gamess.00.x >& /mnt/lustre/koa/lab/tsqc_group/tsatta/lorea/fmo_1res_ligfrag/ad_33/2i0d_ad_33_FMO2DFTB4H_SPE_rank7.log
ls: cannot access 'JOB.12960774.*': No such file or directory
2i0d_ad_33_FMO2DFTB4H_SPE_rank8.inp
srun --mpi=pmix -N 1 -n 32 --ntasks-per-node=32 --export=ALL --cpu-bind verbose,cores   /mnt/lustre/koa/lab/tsqc_group/installed_software/gms_mpi_noDS/gamess.00.x >& /mnt/lustre/koa/lab/tsqc_group/tsatta/lorea/fmo_1res_ligfrag/ad_33/2i0d_ad_33_FMO2DFTB4H_SPE_rank8.log
ls: cannot access 'JOB.12960774.*': No such file or directory
2i0d_ad_33_FMO2DFTB4H_SPE_rank9.inp
srun --mpi=pmix -N 1 -n 32 --ntasks-per-node=32 --export=ALL --cpu-bind verbose,cores   /mnt/lustre/koa/lab/tsqc_group/installed_software/gms_mpi_noDS/gamess.00.x >& /mnt/lustre/koa/lab/tsqc_group/tsatta/lorea/fmo_1res_ligfrag/ad_33/2i0d_ad_33_FMO2DFTB4H_SPE_rank9.log
ls: cannot access 'JOB.12960774.*': No such file or directory
