Lmod Warning:
-------------------------------------------------------------------------------
The following dependent module(s) are not currently loaded:
compiler/GCCcore/14.3.0 (required by: lib/zlib/1.3.1-GCCcore-14.3.0,
lib/libidn2/2.3.8-GCCcore-14.3.0, lib/libiconv/1.18-GCCcore-14.3.0,
lib/libunistring/1.3-GCCcore-14.3.0, lib/libpsl/0.21.5-GCCcore-14.3.0,
tools/cURL/8.14.1-GCCcore-14.3.0, tools/expat/2.7.1-GCCcore-14.3.0,
tools/XZ/5.8.1-GCCcore-14.3.0, lib/libxml2/2.14.3-GCCcore-14.3.0,
tools/gettext/0.25-GCCcore-14.3.0, lang/Perl/5.40.2-GCCcore-14.3.0,
tools/git/2.50.1-GCCcore-14.3.0), devel/ncurses/6.5-GCCcore-14.3.0 (required
by: tools/gettext/0.25-GCCcore-14.3.0)
-------------------------------------------------------------------------------




The following have been reloaded with a version change:
  1) compiler/GCCcore/12.2.0 => compiler/GCCcore/12.3.0
  2) devel/ncurses/6.3-GCCcore-12.2.0 => devel/ncurses/6.4-GCCcore-12.3.0
  3) lib/libxml2/2.10.3-GCCcore-12.2.0 => lib/libxml2/2.14.3-GCCcore-14.3.0
  4) lib/zlib/1.2.12-GCCcore-12.2.0 => lib/zlib/1.3.1-GCCcore-14.3.0
  5) system/OpenSSL/1.1 => system/OpenSSL/3
  6) tools/XZ/5.2.7-GCCcore-12.2.0 => tools/XZ/5.8.1-GCCcore-14.3.0
  7) tools/cURL/7.86.0-GCCcore-12.2.0 => tools/cURL/8.14.1-GCCcore-14.3.0

2i0d_kb_53_FMO2DFTB4H_SPE_rank29.inp
Deleting semid=491546.
Deleting semid=491546.
Deleting semid=491546.
Deleting semid=491546.
Deleting semid=491546.
Deleting semid=491546.
Deleting semid=491546.
Deleting semid=491547.
ipcrm: invalid id (491546)
Deleting semid=491547.
ipcrm: invalid id (491546)
ipcrm: invalid id (491546)
ipcrm: invalid id (491546)
Deleting semid=491547.
Deleting semid=491547.
Deleting semid=491547.
Deleting semid=491547.
ipcrm: invalid id (491546)
Deleting semid=491547.
Deleting semid=491547.
Deleting semid=491547.
Deleting semid=491547.
Deleting semid=491547.
ipcrm: invalid id (491546)
Deleting semid=491547.
Deleting semid=491547.
Deleting semid=491547.
Deleting semid=491547.
Deleting semid=491547.
Deleting semid=491547.
Deleting semid=491547.
Deleting semid=491547.
Deleting semid=491547.
Deleting semid=491547.
Deleting semid=491547.
Deleting semid=491547.
Deleting semid=491547.
Deleting semid=491547.
Deleting semid=491547.
Deleting semid=491547.
Deleting semid=491547.
Deleting semid=491547.
Deleting semid=491547.
Deleting semid=491547.
Deleting semid=491547.
Deleting semid=491548.
ipcrm: invalid id (491547)
Deleting semid=491548.
ipcrm: invalid id (491547)
ipcrm: invalid id (491547)
ipcrm: invalid id (491547)
Deleting semid=491548.
Deleting semid=491548.
Deleting semid=491548.
ipcrm: invalid id (491547)
ipcrm: invalid id (491547)
Deleting semid=491548.
Deleting semid=491548.
ipcrm: invalid id (491547)
Deleting semid=491548.
ipcrm: invalid id (491547)
Deleting semid=491548.
ipcrm: invalid id (491547)
Deleting semid=491548.
ipcrm: invalid id (491547)
ipcrm: invalid id (491547)
Deleting semid=491548.
Deleting semid=491548.
ipcrm: invalid id (491547)
Deleting semid=491548.
ipcrm: invalid id (491547)
Deleting semid=491548.
ipcrm: invalid id (491547)
Deleting semid=491548.
ipcrm: invalid id (491547)
ipcrm: invalid id (491547)
Deleting semid=491548.
Deleting semid=491548.
ipcrm: invalid id (491547)
Deleting semid=491548.
ipcrm: invalid id (491547)
Deleting semid=491548.
ipcrm: invalid id (491547)
ipcrm: invalid id (491547)
Deleting semid=491548.
ipcrm: invalid id (491547)
Deleting semid=491548.
ipcrm: invalid id (491547)
Deleting semid=491548.
Deleting semid=491548.
ipcrm: invalid id (491547)
Deleting semid=491548.
ipcrm: invalid id (491547)
Deleting semid=491548.
ipcrm: invalid id (491547)
ipcrm: invalid id (491547)
Deleting semid=491548.
ipcrm: invalid id (491547)
Deleting semid=491548.
Deleting semid=491548.
ipcrm: invalid id (491547)
ipcrm: invalid id (491547)
Deleting semid=491548.
ipcrm: invalid id (491547)
Deleting semid=491548.
Deleting semid=491548.
Deleting semid=491549.
ipcrm: invalid id (491548)
ipcrm: invalid id (491548)
ipcrm: invalid id (491548)
Deleting semid=491549.
Deleting semid=491549.
ipcrm: invalid id (491548)
Deleting semid=491549.
Deleting semid=491549.
ipcrm: invalid id (491548)
Deleting semid=491549.
ipcrm: invalid id (491548)
ipcrm: invalid id (491547)
ipcrm: invalid id (491548)
Deleting semid=491549.
Deleting semid=491548.
Deleting semid=491549.
ipcrm: invalid id (491548)
Deleting semid=491549.
ipcrm: invalid id (491548)
Deleting semid=491549.
ipcrm: invalid id (491548)
ipcrm: invalid id (491548)
Deleting semid=491549.
ipcrm: invalid id (491548)
ipcrm: invalid id (491548)
Deleting semid=491549.
Deleting semid=491549.
Deleting semid=491549.
ipcrm: invalid id (491548)
Deleting semid=491549.
ipcrm: invalid id (491548)
Deleting semid=491549.
ipcrm: invalid id (491548)
Deleting semid=491549.
ipcrm: invalid id (491548)
ipcrm: invalid id (491548)
Deleting semid=491549.
Deleting semid=491549.
ipcrm: invalid id (491548)
Deleting semid=491549.
ipcrm: invalid id (491548)
ipcrm: invalid id (491548)
Deleting semid=491549.
Deleting semid=491549.
ipcrm: invalid id (491548)
Deleting semid=491549.
ipcrm: invalid id (491548)
ipcrm: invalid id (491548)
Deleting semid=491549.
Deleting semid=491549.
ipcrm: invalid id (491548)
ipcrm: invalid id (491548)
Deleting semid=491549.
ipcrm: invalid id (491548)
Deleting semid=491549.
Deleting semid=491549.
ipcrm: invalid id (491548)
ipcrm: invalid id (491548)
Deleting semid=491549.
Deleting semid=491549.
Deleting semid=491550.
ipcrm: invalid id (491548)
ipcrm: invalid id (491549)
Deleting semid=491549.
Deleting semid=491550.
ipcrm: invalid id (491549)
ipcrm: invalid id (491549)
Deleting semid=491550.
ipcrm: invalid id (491549)
Deleting semid=491550.
Deleting semid=491550.
ipcrm: invalid id (491549)
Deleting semid=491550.
ipcrm: invalid id (491549)
Deleting semid=491550.
ipcrm: invalid id (491549)
ipcrm: invalid id (491548)
Deleting semid=491550.
Deleting semid=491549.
ipcrm: invalid id (491549)
ipcrm: invalid id (491549)
ipcrm: invalid id (491549)
Deleting semid=491550.
Deleting semid=491550.
Deleting semid=491550.
ipcrm: invalid id (491549)
Deleting semid=491550.
ipcrm: invalid id (491549)
ipcrm: invalid id (491549)
Deleting semid=491550.
Deleting semid=491550.
ipcrm: invalid id (491549)
ipcrm: invalid id (491549)
Deleting semid=491550.
Deleting semid=491550.
ipcrm: invalid id (491549)
ipcrm: invalid id (491549)
Deleting semid=491550.
ipcrm: invalid id (491549)
Deleting semid=491550.
Deleting semid=491550.
ipcrm: invalid id (491549)
ipcrm: invalid id (491549)
Deleting semid=491550.
Deleting semid=491550.
Deleting semid=491551.
ipcrm: invalid id (491550)
Deleting semid=491551.
ipcrm: invalid id (491550)
ipcrm: invalid id (491550)
Deleting semid=491551.
Deleting semid=491551.
Deleting semid=491552.
ipcrm: invalid id (491551)
Deleting semid=491552.
ipcrm: invalid id (491551)
ipcrm: invalid id (491551)
Deleting semid=491552.
Deleting semid=491552.
Deleting semid=491553.
ipcrm: invalid id (491552)
Deleting semid=491553.
ipcrm: invalid id (491552)
Deleting semid=491553.
ipcrm: invalid id (491552)
Deleting semid=491553.
Deleting semid=491554.
ipcrm: invalid id (491553)
Deleting semid=491554.
ipcrm: invalid id (491553)
Deleting semid=491554.
ipcrm: invalid id (491553)
Deleting semid=491554.
Deleting semid=491555.
ipcrm: invalid id (491554)
Deleting semid=491555.
ipcrm: invalid id (491554)
Deleting semid=491555.
ipcrm: invalid id (491554)
Deleting semid=491555.
Deleting semid=491556.
ipcrm: invalid id (491555)
Deleting semid=491556.
ipcrm: invalid id (491550)
Deleting semid=491551.
ipcrm: invalid id (491555)
Deleting semid=491556.
ipcrm: invalid id (491555)
Deleting semid=491556.
Deleting semid=491557.
ipcrm: invalid id (491556)
Deleting semid=491557.
ipcrm: invalid id (491551)
Deleting semid=491552.
ipcrm: invalid id (491556)
Deleting semid=491557.
ipcrm: invalid id (491556)
Deleting semid=491557.
Deleting semid=491558.
ipcrm: invalid id (491552)
ipcrm: invalid id (491557)
Deleting semid=491553.
Deleting semid=491558.
ipcrm: invalid id (491557)
Deleting semid=491558.
ipcrm: invalid id (491557)
Deleting semid=491558.
Deleting semid=491559.
ipcrm: invalid id (491553)
Deleting semid=491554.
ipcrm: invalid id (491558)
Deleting semid=491559.
ipcrm: invalid id (491558)
Deleting semid=491559.
ipcrm: invalid id (491558)
Deleting semid=491559.
Deleting semid=491560.
ipcrm: invalid id (491554)
Deleting semid=491555.
ipcrm: invalid id (491559)
Deleting semid=491560.
ipcrm: invalid id (491559)
Deleting semid=491560.
ipcrm: invalid id (491559)
Deleting semid=491560.
Deleting semid=491561.
ipcrm: invalid id (491555)
Deleting semid=491556.
ipcrm: invalid id (491560)
Deleting semid=491561.
ipcrm: invalid id (491560)
Deleting semid=491561.
ipcrm: invalid id (491560)
Deleting semid=491561.
Deleting semid=491562.
ipcrm: invalid id (491549)
Deleting semid=491550.
ipcrm: invalid id (491556)
Deleting semid=491557.
ipcrm: invalid id (491561)
Deleting semid=491562.
ipcrm: invalid id (491561)
Deleting semid=491562.
Deleting semid=491563.
ipcrm: invalid id (491561)
Deleting semid=491562.
ipcrm: invalid id (491550)
Deleting semid=491551.
ipcrm: invalid id (491557)
Deleting semid=491558.
ipcrm: invalid id (491562)
Deleting semid=491563.
ipcrm: invalid id (491562)
Deleting semid=491563.
Deleting semid=491564.
ipcrm: invalid id (491562)
Deleting semid=491563.
ipcrm: invalid id (491558)
Deleting semid=491559.
ipcrm: invalid id (491551)
Deleting semid=491552.
ipcrm: invalid id (491563)
Deleting semid=491564.
ipcrm: invalid id (491563)
Deleting semid=491564.
Deleting semid=491565.
ipcrm: invalid id (491563)
Deleting semid=491564.
ipcrm: invalid id (491559)
Deleting semid=491560.
ipcrm: invalid id (491552)
Deleting semid=491553.
ipcrm: invalid id (491564)
Deleting semid=491565.
Deleting semid=491566.
ipcrm: invalid id (491564)
Deleting semid=491565.
ipcrm: invalid id (491560)
Deleting semid=491561.
ipcrm: invalid id (491564)
Deleting semid=491565.
ipcrm: invalid id (491565)
Deleting semid=491566.
ipcrm: invalid id (491553)
Deleting semid=491554.
Deleting semid=491567.
ipcrm: invalid id (491565)
Deleting semid=491566.
ipcrm: invalid id (491561)
Deleting semid=491562.
ipcrm: invalid id (491550)
Deleting semid=491551.
ipcrm: invalid id (491565)
ipcrm: invalid id (491566)
Deleting semid=491566.
Deleting semid=491567.
Deleting semid=491568.
ipcrm: invalid id (491554)
Deleting semid=491555.
ipcrm: invalid id (491562)
Deleting semid=491563.
ipcrm: invalid id (491551)
ipcrm: invalid id (491566)
Deleting semid=491552.
Deleting semid=491567.
ipcrm: invalid id (491567)
Deleting semid=491568.
Deleting semid=491569.
ipcrm: invalid id (491566)
Deleting semid=491567.
ipcrm: invalid id (491555)
Deleting semid=491556.
ipcrm: invalid id (491563)
Deleting semid=491564.
ipcrm: invalid id (491552)
Deleting semid=491553.
ipcrm: invalid id (491568)
Deleting semid=491569.
ipcrm: invalid id (491567)
Deleting semid=491568.
Deleting semid=491570.
ipcrm: invalid id (491567)
Deleting semid=491568.
ipcrm: invalid id (491556)
ipcrm: invalid id (491564)
Deleting semid=491557.
Deleting semid=491565.
ipcrm: invalid id (491553)
Deleting semid=491554.
ipcrm: invalid id (491569)
Deleting semid=491570.
Deleting semid=491571.
ipcrm: invalid id (491568)
Deleting semid=491569.
ipcrm: invalid id (491568)
Deleting semid=491569.
ipcrm: invalid id (491565)
ipcrm: invalid id (491554)
Deleting semid=491566.
Deleting semid=491555.
ipcrm: invalid id (491557)
Deleting semid=491558.
ipcrm: invalid id (491570)
Deleting semid=491571.
Deleting semid=491572.
ipcrm: invalid id (491569)
Deleting semid=491570.
ipcrm: invalid id (491550)
Deleting semid=491551.
ipcrm: invalid id (491555)
ipcrm: invalid id (491566)
Deleting semid=491556.
Deleting semid=491567.
ipcrm: invalid id (491569)
Deleting semid=491570.
ipcrm: invalid id (491571)
Deleting semid=491572.
ipcrm: invalid id (491558)
Deleting semid=491559.
Deleting semid=491573.
ipcrm: invalid id (491570)
Deleting semid=491571.
ipcrm: invalid id (491551)
Deleting semid=491552.
ipcrm: invalid id (491556)
ipcrm: invalid id (491567)
Deleting semid=491557.
Deleting semid=491568.
ipcrm: invalid id (491572)
Deleting semid=491573.
ipcrm: invalid id (491570)
Deleting semid=491571.
Deleting semid=491574.
ipcrm: invalid id (491559)
Deleting semid=491560.
ipcrm: invalid id (491552)
Deleting semid=491553.
ipcrm: invalid id (491568)
ipcrm: invalid id (491557)
ipcrm: invalid id (491571)
Deleting semid=491569.
Deleting semid=491558.
Deleting semid=491572.
ipcrm: invalid id (491573)
Deleting semid=491574.
Deleting semid=491575.
ipcrm: invalid id (491571)
Deleting semid=491572.
ipcrm: invalid id (491560)
Deleting semid=491561.
ipcrm: invalid id (491553)
Deleting semid=491554.
ipcrm: invalid id (491558)
ipcrm: invalid id (491569)
Deleting semid=491559.
Deleting semid=491570.
ipcrm: invalid id (491572)
Deleting semid=491573.
ipcrm: invalid id (491574)
Deleting semid=491575.
Deleting semid=491576.
ipcrm: invalid id (491572)
Deleting semid=491573.
ipcrm: invalid id (491554)
Deleting semid=491555.
ipcrm: invalid id (491561)
Deleting semid=491562.
ipcrm: invalid id (491570)
ipcrm: invalid id (491559)
Deleting semid=491571.
Deleting semid=491560.
ipcrm: invalid id (491575)
Deleting semid=491576.
Deleting semid=491577.
ipcrm: invalid id (491573)
Deleting semid=491574.
ipcrm: invalid id (491549)
Deleting semid=491550.
ipcrm: invalid id (491555)
Deleting semid=491556.
ipcrm: invalid id (491573)
Deleting semid=491574.
ipcrm: invalid id (491571)
ipcrm: invalid id (491560)
Deleting semid=491572.
Deleting semid=491561.
ipcrm: invalid id (491562)
Deleting semid=491563.
ipcrm: invalid id (491576)
Deleting semid=491577.
Deleting semid=491578.
ipcrm: invalid id (491550)
Deleting semid=491551.
ipcrm: invalid id (491574)
Deleting semid=491575.
ipcrm: invalid id (491556)
Deleting semid=491557.
ipcrm: invalid id (491572)
ipcrm: invalid id (491561)
Deleting semid=491573.
Deleting semid=491562.
ipcrm: invalid id (491574)
Deleting semid=491575.
ipcrm: invalid id (491577)
Deleting semid=491578.
Deleting semid=491579.
ipcrm: invalid id (491563)
Deleting semid=491564.
ipcrm: invalid id (491551)
Deleting semid=491552.
ipcrm: invalid id (491557)
Deleting semid=491558.
ipcrm: invalid id (491575)
Deleting semid=491576.
ipcrm: invalid id (491573)
ipcrm: invalid id (491562)
Deleting semid=491574.
Deleting semid=491563.
ipcrm: invalid id (491578)
Deleting semid=491579.
ipcrm: invalid id (491575)
Deleting semid=491576.
ipcrm: invalid id (491552)
ipcrm: invalid id (491564)
Deleting semid=491553.
Deleting semid=491565.
ipcrm: invalid id (491558)
Deleting semid=491559.
ipcrm: invalid id (491563)
ipcrm: invalid id (491574)
Deleting semid=491564.
Deleting semid=491575.
ipcrm: invalid id (491576)
Deleting semid=491577.
ipcrm: invalid id (491579)
ipcrm: invalid id (491553)
Deleting semid=491554.
ipcrm: invalid id (491576)
Deleting semid=491577.
ipcrm: invalid id (491565)
ipcrm: invalid id (491559)
Deleting semid=491566.
Deleting semid=491560.
ipcrm: invalid id (491564)
ipcrm: invalid id (491575)
Deleting semid=491565.
Deleting semid=491576.
ipcrm: invalid id (491577)
Deleting semid=491578.
ipcrm: invalid id (491554)
Deleting semid=491555.
ipcrm: invalid id (491577)
Deleting semid=491578.
ipcrm: invalid id (491560)
Deleting semid=491561.
ipcrm: invalid id (491566)
Deleting semid=491567.
ipcrm: invalid id (491565)
ipcrm: invalid id (491576)
Deleting semid=491566.
Deleting semid=491577.
ipcrm: invalid id (491578)
Deleting semid=491579.
ipcrm: invalid id (491555)
Deleting semid=491556.
ipcrm: invalid id (491561)
Deleting semid=491562.
ipcrm: invalid id (491578)
Deleting semid=491579.
ipcrm: invalid id (491566)
ipcrm: invalid id (491577)
Deleting semid=491567.
Deleting semid=491578.
ipcrm: invalid id (491567)
Deleting semid=491568.
ipcrm: invalid id (491549)
Deleting semid=491550.
ipcrm: invalid id (491556)
Deleting semid=491557.
ipcrm: invalid id (491579)
ipcrm: invalid id (491562)
Deleting semid=491563.
ipcrm: invalid id (491567)
Deleting semid=491568.
ipcrm: invalid id (491557)
Deleting semid=491558.
ipcrm: invalid id (491563)
Deleting semid=491564.
ipcrm: invalid id (491568)
Deleting semid=491569.
ipcrm: invalid id (491558)
Deleting semid=491559.
ipcrm: invalid id (491564)
Deleting semid=491565.
ipcrm: invalid id (491569)
Deleting semid=491570.
ipcrm: invalid id (491559)
Deleting semid=491560.
ipcrm: invalid id (491565)
Deleting semid=491566.
ipcrm: invalid id (491570)
Deleting semid=491571.
ipcrm: invalid id (491560)
Deleting semid=491561.
ipcrm: invalid id (491566)
Deleting semid=491567.
ipcrm: invalid id (491571)
Deleting semid=491572.
ipcrm: invalid id (491561)
Deleting semid=491562.
ipcrm: invalid id (491567)
Deleting semid=491568.
ipcrm: invalid id (491572)
Deleting semid=491573.
ipcrm: invalid id (491562)
Deleting semid=491563.
ipcrm: invalid id (491568)
Deleting semid=491569.
ipcrm: invalid id (491573)
Deleting semid=491574.
ipcrm: invalid id (491563)
Deleting semid=491564.
ipcrm: invalid id (491569)
Deleting semid=491570.
ipcrm: invalid id (491574)
Deleting semid=491575.
ipcrm: invalid id (491564)
Deleting semid=491565.
ipcrm: invalid id (491570)
Deleting semid=491571.
ipcrm: invalid id (491575)
Deleting semid=491576.
ipcrm: invalid id (491565)
Deleting semid=491566.
ipcrm: invalid id (491571)
Deleting semid=491572.
ipcrm: invalid id (491576)
Deleting semid=491577.
ipcrm: invalid id (491566)
Deleting semid=491567.
ipcrm: invalid id (491549)
Deleting semid=491550.
ipcrm: invalid id (491572)
Deleting semid=491573.
ipcrm: invalid id (491577)
Deleting semid=491578.
ipcrm: invalid id (491567)
Deleting semid=491568.
ipcrm: invalid id (491550)
Deleting semid=491551.
ipcrm: invalid id (491573)
Deleting semid=491574.
ipcrm: invalid id (491578)
Deleting semid=491579.
ipcrm: invalid id (491568)
ipcrm: invalid id (491551)
Deleting semid=491569.
Deleting semid=491552.
ipcrm: invalid id (491574)
Deleting semid=491575.
ipcrm: invalid id (491579)
ipcrm: invalid id (491569)
Deleting semid=491570.
ipcrm: invalid id (491552)
Deleting semid=491553.
ipcrm: invalid id (491575)
Deleting semid=491576.
ipcrm: invalid id (491570)
ipcrm: invalid id (491553)
Deleting semid=491571.
Deleting semid=491554.
ipcrm: invalid id (491576)
Deleting semid=491577.
ipcrm: invalid id (491571)
ipcrm: invalid id (491554)
Deleting semid=491572.
Deleting semid=491555.
ipcrm: invalid id (491577)
Deleting semid=491578.
ipcrm: invalid id (491555)
ipcrm: invalid id (491572)
Deleting semid=491556.
Deleting semid=491573.
ipcrm: invalid id (491578)
Deleting semid=491579.
ipcrm: invalid id (491549)
Deleting semid=491550.
ipcrm: invalid id (491573)
ipcrm: invalid id (491556)
Deleting semid=491574.
Deleting semid=491557.
ipcrm: invalid id (491579)
ipcrm: invalid id (491550)
Deleting semid=491551.
ipcrm: invalid id (491574)
ipcrm: invalid id (491557)
Deleting semid=491575.
Deleting semid=491558.
ipcrm: invalid id (491551)
Deleting semid=491552.
ipcrm: invalid id (491575)
ipcrm: invalid id (491558)
Deleting semid=491576.
Deleting semid=491559.
ipcrm: invalid id (491552)
Deleting semid=491553.
ipcrm: invalid id (491576)
Deleting semid=491560.
ipcrm: invalid id (491559)
Deleting semid=491577.
ipcrm: invalid id (491553)
Deleting semid=491554.
ipcrm: invalid id (491550)
Deleting semid=491551.
ipcrm: invalid id (491577)
Deleting semid=491578.
ipcrm: invalid id (491560)
Deleting semid=491561.
ipcrm: invalid id (491554)
Deleting semid=491555.
ipcrm: invalid id (491551)
Deleting semid=491552.
ipcrm: invalid id (491578)
Deleting semid=491579.
ipcrm: invalid id (491561)
Deleting semid=491562.
ipcrm: invalid id (491555)
Deleting semid=491556.
ipcrm: invalid id (491552)
Deleting semid=491553.
ipcrm: invalid id (491579)
ipcrm: invalid id (491562)
Deleting semid=491563.
ipcrm: invalid id (491556)
Deleting semid=491557.
ipcrm: invalid id (491549)
Deleting semid=491550.
ipcrm: invalid id (491553)
Deleting semid=491554.
ipcrm: invalid id (491563)
Deleting semid=491564.
ipcrm: invalid id (491550)
ipcrm: invalid id (491557)
Deleting semid=491551.
Deleting semid=491558.
ipcrm: invalid id (491554)
Deleting semid=491555.
ipcrm: invalid id (491564)
Deleting semid=491565.
ipcrm: invalid id (491551)
ipcrm: invalid id (491558)
Deleting semid=491552.
Deleting semid=491559.
ipcrm: invalid id (491549)
Deleting semid=491550.
ipcrm: invalid id (491555)
Deleting semid=491556.
ipcrm: invalid id (491565)
Deleting semid=491566.
ipcrm: invalid id (491552)
Deleting semid=491553.
ipcrm: invalid id (491559)
Deleting semid=491560.
ipcrm: invalid id (491550)
Deleting semid=491551.
ipcrm: invalid id (491556)
Deleting semid=491557.
ipcrm: invalid id (491549)
Deleting semid=491550.
ipcrm: invalid id (491566)
Deleting semid=491567.
ipcrm: invalid id (491560)
ipcrm: invalid id (491553)
Deleting semid=491561.
Deleting semid=491554.
ipcrm: invalid id (491551)
Deleting semid=491552.
ipcrm: invalid id (491557)
Deleting semid=491558.
ipcrm: invalid id (491549)
Deleting semid=491550.
ipcrm: invalid id (491567)
Deleting semid=491568.
ipcrm: invalid id (491554)
Deleting semid=491555.
ipcrm: invalid id (491561)
ipcrm: invalid id (491550)
Deleting semid=491562.
Deleting semid=491551.
ipcrm: invalid id (491552)
Deleting semid=491553.
ipcrm: invalid id (491558)
ipcrm: invalid id (491549)
Deleting semid=491559.
Deleting semid=491550.
ipcrm: invalid id (491550)
Deleting semid=491551.
ipcrm: invalid id (491568)
Deleting semid=491569.
ipcrm: invalid id (491555)
Deleting semid=491556.
ipcrm: invalid id (491562)
Deleting semid=491563.
ipcrm: invalid id (491553)
Deleting semid=491554.
ipcrm: invalid id (491551)
Deleting semid=491552.
ipcrm: invalid id (491550)
ipcrm: invalid id (491559)
Deleting semid=491551.
Deleting semid=491560.
ipcrm: invalid id (491551)
Deleting semid=491552.
ipcrm: invalid id (491550)
Deleting semid=491551.
ipcrm: invalid id (491569)
Deleting semid=491570.
ipcrm: invalid id (491556)
Deleting semid=491557.
ipcrm: invalid id (491563)
Deleting semid=491564.
ipcrm: invalid id (491554)
Deleting semid=491555.
ipcrm: invalid id (491551)
ipcrm: invalid id (491560)
Deleting semid=491552.
Deleting semid=491561.
ipcrm: invalid id (491552)
Deleting semid=491553.
ipcrm: invalid id (491552)
Deleting semid=491553.
ipcrm: invalid id (491551)
Deleting semid=491552.
ipcrm: invalid id (491570)
Deleting semid=491571.
ipcrm: invalid id (491550)
ipcrm: invalid id (491557)
Deleting semid=491551.
Deleting semid=491558.
ipcrm: invalid id (491564)
Deleting semid=491565.
ipcrm: invalid id (491555)
Deleting semid=491556.
ipcrm: invalid id (491552)
Deleting semid=491553.
ipcrm: invalid id (491561)
Deleting semid=491562.
ipcrm: invalid id (491553)
Deleting semid=491554.
ipcrm: invalid id (491552)
Deleting semid=491553.
ipcrm: invalid id (491553)
Deleting semid=491554.
ipcrm: invalid id (491571)
Deleting semid=491572.
ipcrm: invalid id (491551)
ipcrm: invalid id (491558)
Deleting semid=491552.
Deleting semid=491559.
ipcrm: invalid id (491565)
Deleting semid=491566.
ipcrm: invalid id (491556)
Deleting semid=491557.
ipcrm: invalid id (491553)
Deleting semid=491554.
ipcrm: invalid id (491562)
Deleting semid=491563.
ipcrm: invalid id (491554)
Deleting semid=491555.
ipcrm: invalid id (491553)
Deleting semid=491554.
ipcrm: invalid id (491554)
Deleting semid=491555.
ipcrm: invalid id (491572)
Deleting semid=491573.
ipcrm: invalid id (491552)
Deleting semid=491553.
ipcrm: invalid id (491559)
Deleting semid=491560.
ipcrm: invalid id (491566)
Deleting semid=491567.
ipcrm: invalid id (491549)
Deleting semid=491550.
ipcrm: invalid id (491557)
Deleting semid=491558.
ipcrm: invalid id (491554)
Deleting semid=491555.
ipcrm: invalid id (491563)
Deleting semid=491564.
ipcrm: invalid id (491555)
Deleting semid=491556.
ipcrm: invalid id (491554)
Deleting semid=491555.
ipcrm: invalid id (491555)
Deleting semid=491556.
ipcrm: invalid id (491573)
Deleting semid=491574.
ipcrm: invalid id (491560)
ipcrm: invalid id (491553)
Deleting semid=491561.
Deleting semid=491554.
ipcrm: invalid id (491567)
Deleting semid=491568.
ipcrm: invalid id (491558)
ipcrm: invalid id (491550)
Deleting semid=491559.
Deleting semid=491551.
ipcrm: invalid id (491555)
Deleting semid=491556.
ipcrm: invalid id (491564)
Deleting semid=491565.
ipcrm: invalid id (491556)
Deleting semid=491557.
ipcrm: invalid id (491555)
Deleting semid=491556.
ipcrm: invalid id (491556)
ipcrm: invalid id (491574)
ipcrm: invalid id (491554)
Deleting semid=491575.
Deleting semid=491557.
Deleting semid=491555.
ipcrm: invalid id (491561)
Deleting semid=491562.
ipcrm: invalid id (491568)
Deleting semid=491569.
ipcrm: invalid id (491559)
Deleting semid=491560.
ipcrm: invalid id (491565)
Deleting semid=491566.
ipcrm: invalid id (491556)
Deleting semid=491557.
ipcrm: invalid id (491557)
Deleting semid=491558.
ipcrm: invalid id (491551)
ipcrm: invalid id (491550)
Deleting semid=491552.
Deleting semid=491551.
ipcrm: invalid id (491556)
Deleting semid=491557.
ipcrm: invalid id (491575)
ipcrm: invalid id (491555)
Deleting semid=491576.
Deleting semid=491556.
ipcrm: invalid id (491562)
Deleting semid=491563.
ipcrm: invalid id (491569)
Deleting semid=491570.
ipcrm: invalid id (491557)
Deleting semid=491558.
ipcrm: invalid id (491560)
Deleting semid=491561.
ipcrm: invalid id (491566)
ipcrm: invalid id (491557)
Deleting semid=491567.
Deleting semid=491558.
ipcrm: invalid id (491558)
Deleting semid=491559.
ipcrm: invalid id (491551)
Deleting semid=491552.
ipcrm: invalid id (491557)
Deleting semid=491558.
ipcrm: invalid id (491552)
Deleting semid=491553.
ipcrm: invalid id (491576)
Deleting semid=491577.
ipcrm: invalid id (491556)
Deleting semid=491557.
ipcrm: invalid id (491563)
ipcrm: invalid id (491570)
Deleting semid=491564.
Deleting semid=491571.
ipcrm: invalid id (491561)
Deleting semid=491562.
ipcrm: invalid id (491567)
Deleting semid=491568.
ipcrm: invalid id (491558)
Deleting semid=491559.
ipcrm: invalid id (491559)
Deleting semid=491560.
ipcrm: invalid id (491552)
Deleting semid=491553.
ipcrm: invalid id (491558)
ipcrm: invalid id (491558)
Deleting semid=491559.
Deleting semid=491559.
ipcrm: invalid id (491553)
Deleting semid=491554.
ipcrm: invalid id (491577)
Deleting semid=491578.
ipcrm: invalid id (491557)
ipcrm: invalid id (491564)
Deleting semid=491565.
Deleting semid=491558.
ipcrm: invalid id (491571)
Deleting semid=491572.
ipcrm: invalid id (491562)
Deleting semid=491563.
ipcrm: invalid id (491568)
ipcrm: invalid id (491559)
Deleting semid=491569.
Deleting semid=491560.
ipcrm: invalid id (491560)
Deleting semid=491561.
ipcrm: invalid id (491553)
Deleting semid=491554.
ipcrm: invalid id (491559)
Deleting semid=491560.
ipcrm: invalid id (491559)
Deleting semid=491560.
ipcrm: invalid id (491578)
Deleting semid=491579.
ipcrm: invalid id (491565)
ipcrm: invalid id (491558)
Deleting semid=491566.
Deleting semid=491559.
ipcrm: invalid id (491554)
ipcrm: invalid id (491572)
Deleting semid=491573.
Deleting semid=491555.
ipcrm: invalid id (491563)
Deleting semid=491564.
ipcrm: invalid id (491560)
Deleting semid=491561.
ipcrm: invalid id (491573)
Deleting semid=491574.
ipcrm: invalid id (491555)
Deleting semid=491556.
ipcrm: invalid id (491574)
Deleting semid=491575.
ipcrm: invalid id (491556)
Deleting semid=491557.
ipcrm: invalid id (491575)
Deleting semid=491576.
ipcrm: invalid id (491557)
Deleting semid=491558.
ipcrm: invalid id (491576)
Deleting semid=491577.
ipcrm: invalid id (491558)
Deleting semid=491559.
ipcrm: invalid id (491577)
Deleting semid=491578.
ipcrm: invalid id (491559)
Deleting semid=491560.
ipcrm: invalid id (491578)
Deleting semid=491579.
ipcrm: invalid id (491560)
Deleting semid=491561.
ipcrm: invalid id (491579)
ipcrm: invalid id (491561)
Deleting semid=491562.
ipcrm: invalid id (491562)
Deleting semid=491563.
ipcrm: invalid id (491550)
Deleting semid=491551.
ipcrm: invalid id (491563)
Deleting semid=491564.
ipcrm: invalid id (491551)
Deleting semid=491552.
ipcrm: invalid id (491564)
Deleting semid=491565.
ipcrm: invalid id (491552)
Deleting semid=491553.
ipcrm: invalid id (491565)
Deleting semid=491566.
ipcrm: invalid id (491553)
Deleting semid=491554.
ipcrm: invalid id (491566)
Deleting semid=491567.
ipcrm: invalid id (491550)
Deleting semid=491551.
ipcrm: invalid id (491554)
Deleting semid=491555.
ipcrm: invalid id (491567)
ipcrm: invalid id (491551)
Deleting semid=491568.
Deleting semid=491552.
ipcrm: invalid id (491555)
Deleting semid=491556.
ipcrm: invalid id (491550)
Deleting semid=491551.
ipcrm: invalid id (491552)
Deleting semid=491553.
ipcrm: invalid id (491568)
Deleting semid=491569.
ipcrm: invalid id (491550)
Deleting semid=491551.
ipcrm: invalid id (491556)
Deleting semid=491557.
ipcrm: invalid id (491551)
Deleting semid=491552.
ipcrm: invalid id (491550)
Deleting semid=491551.
ipcrm: invalid id (491553)
Deleting semid=491554.
ipcrm: invalid id (491550)
Deleting semid=491551.
ipcrm: invalid id (491551)
Deleting semid=491552.
ipcrm: invalid id (491569)
Deleting semid=491570.
ipcrm: invalid id (491552)
Deleting semid=491553.
ipcrm: invalid id (491557)
Deleting semid=491558.
ipcrm: invalid id (491550)
Deleting semid=491551.
ipcrm: invalid id (491554)
ipcrm: invalid id (491551)
Deleting semid=491555.
Deleting semid=491552.
Deleting semid=491552.
ipcrm: invalid id (491551)
ipcrm: invalid id (491552)
Deleting semid=491553.
ipcrm: invalid id (491550)
Deleting semid=491551.
ipcrm: invalid id (491553)
Deleting semid=491554.
ipcrm: invalid id (491551)
Deleting semid=491552.
ipcrm: invalid id (491570)
Deleting semid=491571.
ipcrm: invalid id (491552)
Deleting semid=491553.
ipcrm: invalid id (491555)
Deleting semid=491556.
ipcrm: invalid id (491558)
ipcrm: invalid id (491550)
Deleting semid=491559.
Deleting semid=491551.
ipcrm: invalid id (491552)
Deleting semid=491553.
ipcrm: invalid id (491553)
Deleting semid=491554.
ipcrm: invalid id (491554)
Deleting semid=491555.
ipcrm: invalid id (491552)
Deleting semid=491553.
ipcrm: invalid id (491551)
ipcrm: invalid id (491553)
Deleting semid=491552.
Deleting semid=491554.
ipcrm: invalid id (491578)
ipcrm: invalid id (491556)
Deleting semid=491557.
Deleting semid=491579.
ipcrm: invalid id (491551)
Deleting semid=491552.
ipcrm: invalid id (491571)
Deleting semid=491572.
ipcrm: invalid id (491553)
Deleting semid=491554.
ipcrm: invalid id (491554)
Deleting semid=491555.
ipcrm: invalid id (491559)
Deleting semid=491560.
ipcrm: invalid id (491555)
Deleting semid=491556.
ipcrm: invalid id (491553)
Deleting semid=491554.
ipcrm: invalid id (491554)
Deleting semid=491555.
ipcrm: invalid id (491579)
ipcrm: invalid id (491557)
Deleting semid=491558.
ipcrm: invalid id (491552)
Deleting semid=491553.
ipcrm: invalid id (491552)
Deleting semid=491553.
ipcrm: invalid id (491554)
Deleting semid=491555.
ipcrm: invalid id (491555)
Deleting semid=491556.
ipcrm: invalid id (491572)
Deleting semid=491573.
ipcrm: invalid id (491556)
Deleting semid=491557.
ipcrm: invalid id (491560)
Deleting semid=491561.
ipcrm: invalid id (491554)
Deleting semid=491555.
ipcrm: invalid id (491555)
Deleting semid=491556.
ipcrm: invalid id (491558)
Deleting semid=491559.
ipcrm: invalid id (491568)
Deleting semid=491569.
ipcrm: invalid id (491553)
Deleting semid=491554.
ipcrm: invalid id (491555)
Deleting semid=491556.
ipcrm: invalid id (491556)
Deleting semid=491557.
ipcrm: invalid id (491553)
Deleting semid=491554.
ipcrm: invalid id (491557)
Deleting semid=491558.
ipcrm: invalid id (491555)
ipcrm: invalid id (491573)
Deleting semid=491556.
Deleting semid=491574.
ipcrm: invalid id (491561)
ipcrm: invalid id (491556)
Deleting semid=491557.
Deleting semid=491562.
ipcrm: invalid id (491559)
Deleting semid=491560.
ipcrm: invalid id (491554)
Deleting semid=491555.
ipcrm: invalid id (491569)
ipcrm: invalid id (491556)
Deleting semid=491570.
ipcrm: invalid id (491557)
Deleting semid=491557.
Deleting semid=491558.
ipcrm: invalid id (491558)
Deleting semid=491559.
ipcrm: invalid id (491556)
ipcrm: invalid id (491554)
Deleting semid=491557.
Deleting semid=491555.
ipcrm: invalid id (491557)
Deleting semid=491558.
ipcrm: invalid id (491560)
Deleting semid=491561.
ipcrm: invalid id (491574)
ipcrm: invalid id (491555)
Deleting semid=491575.
Deleting semid=491556.
ipcrm: invalid id (491562)
Deleting semid=491563.
ipcrm: invalid id (491557)
Deleting semid=491558.
ipcrm: invalid id (491558)
Deleting semid=491559.
ipcrm: invalid id (491559)
Deleting semid=491560.
ipcrm: invalid id (491570)
Deleting semid=491571.
ipcrm: invalid id (491557)
Deleting semid=491558.
ipcrm: invalid id (491561)
ipcrm: invalid id (491558)
Deleting semid=491562.
Deleting semid=491559.
ipcrm: invalid id (491550)
Deleting semid=491551.
ipcrm: invalid id (491556)
Deleting semid=491557.
ipcrm: invalid id (491555)
Deleting semid=491556.
ipcrm: invalid id (491558)
ipcrm: invalid id (491559)
Deleting semid=491559.
Deleting semid=491560.
ipcrm: invalid id (491575)
ipcrm: invalid id (491560)
Deleting semid=491576.
Deleting semid=491561.
ipcrm: invalid id (491563)
Deleting semid=491564.
ipcrm: invalid id (491558)
Deleting semid=491559.
ipcrm: invalid id (491571)
ipcrm: invalid id (491562)
ipcrm: invalid id (491559)
ipcrm: invalid id (491551)
Deleting semid=491572.
Deleting semid=491560.
Deleting semid=491563.
Deleting semid=491552.
ipcrm: invalid id (491557)
Deleting semid=491558.
ipcrm: invalid id (491559)
ipcrm: invalid id (491560)
Deleting semid=491560.
Deleting semid=491561.
ipcrm: invalid id (491556)
Deleting semid=491557.
ipcrm: invalid id (491561)
Deleting semid=491562.
ipcrm: invalid id (491576)
Deleting semid=491577.
ipcrm: invalid id (491559)
Deleting semid=491560.
ipcrm: invalid id (491564)
Deleting semid=491565.
ipcrm: invalid id (491563)
ipcrm: invalid id (491552)
ipcrm: invalid id (491560)
Deleting semid=491564.
Deleting semid=491553.
Deleting semid=491561.
ipcrm: invalid id (491558)
Deleting semid=491559.
ipcrm: invalid id (491572)
Deleting semid=491573.
ipcrm: invalid id (491561)
ipcrm: invalid id (491560)
Deleting semid=491562.
Deleting semid=491561.
ipcrm: invalid id (491562)
Deleting semid=491563.
ipcrm: invalid id (491557)
Deleting semid=491558.
ipcrm: invalid id (491560)
Deleting semid=491561.
ipcrm: invalid id (491577)
Deleting semid=491578.
ipcrm: invalid id (491553)
Deleting semid=491554.
ipcrm: invalid id (491561)
ipcrm: invalid id (491564)
Deleting semid=491562.
Deleting semid=491565.
ipcrm: invalid id (491565)
Deleting semid=491566.
ipcrm: invalid id (491559)
Deleting semid=491560.
ipcrm: invalid id (491561)
ipcrm: invalid id (491562)
Deleting semid=491562.
Deleting semid=491563.
ipcrm: invalid id (491573)
Deleting semid=491574.
ipcrm: invalid id (491563)
Deleting semid=491564.
ipcrm: invalid id (491578)
Deleting semid=491579.
ipcrm: invalid id (491564)
Deleting semid=491565.
ipcrm: invalid id (491574)
Deleting semid=491575.
ipcrm: invalid id (491579)
ipcrm: invalid id (491579)
ipcrm: invalid id (491565)
Deleting semid=491566.
ipcrm: invalid id (491575)
Deleting semid=491576.
ipcrm: invalid id (491566)
Deleting semid=491567.
ipcrm: invalid id (491576)
Deleting semid=491577.
ipcrm: invalid id (491567)
Deleting semid=491568.
ipcrm: invalid id (491577)
Deleting semid=491578.
ipcrm: invalid id (491568)
Deleting semid=491569.
ipcrm: invalid id (491569)
Deleting semid=491570.
ipcrm: invalid id (491578)
Deleting semid=491579.
ipcrm: invalid id (491570)
Deleting semid=491571.
ipcrm: invalid id (491579)
ipcrm: invalid id (491571)
Deleting semid=491572.
ipcrm: invalid id (491572)
Deleting semid=491573.
ipcrm: invalid id (491573)
Deleting semid=491574.
ipcrm: invalid id (491574)
Deleting semid=491575.
ipcrm: invalid id (491561)
Deleting semid=491562.
ipcrm: invalid id (491575)
Deleting semid=491576.
ipcrm: invalid id (491562)
Deleting semid=491563.
ipcrm: invalid id (491576)
Deleting semid=491577.
ipcrm: invalid id (491563)
Deleting semid=491564.
ipcrm: invalid id (491577)
Deleting semid=491578.
ipcrm: invalid id (491564)
Deleting semid=491565.
ipcrm: invalid id (491578)
Deleting semid=491579.
ipcrm: invalid id (491560)
Deleting semid=491561.
ipcrm: invalid id (491565)
Deleting semid=491566.
ipcrm: invalid id (491579)
ipcrm: invalid id (491569)
Deleting semid=491570.
ipcrm: invalid id (491566)
ipcrm: invalid id (491561)
Deleting semid=491567.
Deleting semid=491562.
ipcrm: invalid id (491554)
Deleting semid=491555.
ipcrm: invalid id (491570)
Deleting semid=491571.
ipcrm: invalid id (491560)
Deleting semid=491561.
ipcrm: invalid id (491550)
Deleting semid=491551.
ipcrm: invalid id (491579)
ipcrm: invalid id (491566)
ipcrm: invalid id (491567)
Deleting semid=491567.
Deleting semid=491568.
ipcrm: invalid id (491559)
ipcrm: invalid id (491555)
Deleting semid=491560.
Deleting semid=491556.
ipcrm: invalid id (491571)
Deleting semid=491572.
ipcrm: invalid id (491562)
Deleting semid=491563.
ipcrm: invalid id (491564)
Deleting semid=491565.
ipcrm: invalid id (491561)
Deleting semid=491562.
ipcrm: invalid id (491561)
Deleting semid=491562.
ipcrm: invalid id (491567)
ipcrm: invalid id (491551)
ipcrm: invalid id (491568)
Deleting semid=491568.
Deleting semid=491552.
Deleting semid=491569.
ipcrm: invalid id (491560)
ipcrm: invalid id (491556)
Deleting semid=491561.
Deleting semid=491557.
ipcrm: invalid id (491572)
Deleting semid=491573.
ipcrm: invalid id (491562)
Deleting semid=491563.
ipcrm: invalid id (491565)
Deleting semid=491566.
ipcrm: invalid id (491563)
ipcrm: invalid id (491562)
Deleting semid=491564.
Deleting semid=491563.
ipcrm: invalid id (491562)
ipcrm: invalid id (491554)
Deleting semid=491563.
Deleting semid=491555.
ipcrm: invalid id (491568)
Deleting semid=491569.
ipcrm: invalid id (491569)
Deleting semid=491570.
ipcrm: invalid id (491561)
Deleting semid=491562.
ipcrm: invalid id (491557)
Deleting semid=491558.
ipcrm: invalid id (491552)
Deleting semid=491553.
ipcrm: invalid id (491563)
ipcrm: invalid id (491573)
Deleting semid=491574.
Deleting semid=491564.
ipcrm: invalid id (491566)
Deleting semid=491567.
ipcrm: invalid id (491563)
Deleting semid=491564.
ipcrm: invalid id (491564)
ipcrm: invalid id (491561)
Deleting semid=491565.
Deleting semid=491562.
ipcrm: invalid id (491563)
ipcrm: invalid id (491555)
Deleting semid=491564.
Deleting semid=491556.
ipcrm: invalid id (491569)
Deleting semid=491570.
ipcrm: invalid id (491570)
Deleting semid=491571.
ipcrm: invalid id (491562)
Deleting semid=491563.
ipcrm: invalid id (491558)
Deleting semid=491559.
ipcrm: invalid id (491564)
ipcrm: invalid id (491574)
Deleting semid=491565.
Deleting semid=491575.
ipcrm: invalid id (491553)
Deleting semid=491554.
ipcrm: invalid id (491567)
Deleting semid=491568.
ipcrm: invalid id (491564)
Deleting semid=491565.
ipcrm: invalid id (491562)
Deleting semid=491563.
ipcrm: invalid id (491556)
ipcrm: invalid id (491564)
Deleting semid=491557.
Deleting semid=491565.
ipcrm: invalid id (491565)
Deleting semid=491566.
ipcrm: invalid id (491570)
Deleting semid=491571.
ipcrm: invalid id (491571)
Deleting semid=491572.
ipcrm: invalid id (491563)
Deleting semid=491564.
ipcrm: invalid id (491559)
Deleting semid=491560.
ipcrm: invalid id (491575)
Deleting semid=491576.
ipcrm: invalid id (491565)
Deleting semid=491566.
ipcrm: invalid id (491568)
ipcrm: invalid id (491565)
Deleting semid=491569.
Deleting semid=491566.
ipcrm: invalid id (491565)
ipcrm: invalid id (491554)
Deleting semid=491566.
Deleting semid=491555.
ipcrm: invalid id (491563)
Deleting semid=491564.
ipcrm: invalid id (491557)
ipcrm: invalid id (491565)
Deleting semid=491558.
Deleting semid=491566.
ipcrm: invalid id (491566)
Deleting semid=491567.
ipcrm: invalid id (491571)
Deleting semid=491572.
ipcrm: invalid id (491572)
Deleting semid=491573.
ipcrm: invalid id (491564)
Deleting semid=491565.
ipcrm: invalid id (491560)
Deleting semid=491561.
ipcrm: invalid id (491576)
Deleting semid=491577.
ipcrm: invalid id (491566)
Deleting semid=491567.
ipcrm: invalid id (491566)
ipcrm: invalid id (491569)
Deleting semid=491567.
Deleting semid=491570.
ipcrm: invalid id (491566)
Deleting semid=491567.
ipcrm: invalid id (491555)
Deleting semid=491556.
ipcrm: invalid id (491564)
ipcrm: invalid id (491558)
Deleting semid=491565.
ipcrm: invalid id (491566)
Deleting semid=491559.
Deleting semid=491567.
ipcrm: invalid id (491567)
Deleting semid=491568.
ipcrm: invalid id (491572)
Deleting semid=491573.
ipcrm: invalid id (491573)
Deleting semid=491574.
ipcrm: invalid id (491565)
Deleting semid=491566.
ipcrm: invalid id (491561)
ipcrm: invalid id (491577)
Deleting semid=491562.
Deleting semid=491578.
ipcrm: invalid id (491567)
Deleting semid=491568.
ipcrm: invalid id (491570)
ipcrm: invalid id (491567)
Deleting semid=491571.
Deleting semid=491568.
ipcrm: invalid id (491567)
Deleting semid=491568.
ipcrm: invalid id (491565)
ipcrm: invalid id (491559)
Deleting semid=491566.
Deleting semid=491560.
ipcrm: invalid id (491567)
ipcrm: invalid id (491556)
Deleting semid=491568.
Deleting semid=491557.
ipcrm: invalid id (491573)
ipcrm: invalid id (491558)
Deleting semid=491574.
ipcrm: invalid id (491574)
Deleting semid=491559.
Deleting semid=491575.
ipcrm: invalid id (491566)
ipcrm: invalid id (491568)
Deleting semid=491567.
ipcrm: invalid id (491562)
Deleting semid=491569.
Deleting semid=491563.
ipcrm: invalid id (491578)
Deleting semid=491579.
ipcrm: invalid id (491568)
Deleting semid=491569.
ipcrm: invalid id (491568)
Deleting semid=491569.
ipcrm: invalid id (491571)
Deleting semid=491572.
ipcrm: invalid id (491568)
Deleting semid=491569.
ipcrm: invalid id (491566)
Deleting semid=491567.
ipcrm: invalid id (491560)
Deleting semid=491561.
ipcrm: invalid id (491568)
Deleting semid=491569.
ipcrm: invalid id (491557)
Deleting semid=491558.
ipcrm: invalid id (491574)
Deleting semid=491575.
ipcrm: invalid id (491575)
Deleting semid=491576.
ipcrm: invalid id (491567)
ipcrm: invalid id (491579)
ipcrm: invalid id (491563)
Deleting semid=491568.
Deleting semid=491564.
ipcrm: invalid id (491559)
Deleting semid=491560.
ipcrm: invalid id (491569)
Deleting semid=491570.
ipcrm: invalid id (491569)
Deleting semid=491570.
ipcrm: invalid id (491569)
Deleting semid=491570.
ipcrm: invalid id (491569)
Deleting semid=491570.
ipcrm: invalid id (491560)
Deleting semid=491561.
ipcrm: invalid id (491570)
Deleting semid=491571.
ipcrm: invalid id (491570)
Deleting semid=491571.
ipcrm: invalid id (491561)
Deleting semid=491562.
ipcrm: invalid id (491571)
Deleting semid=491572.
ipcrm: invalid id (491571)
Deleting semid=491572.
ipcrm: invalid id (491562)
Deleting semid=491563.
ipcrm: invalid id (491572)
Deleting semid=491573.
ipcrm: invalid id (491572)
Deleting semid=491573.
ipcrm: invalid id (491563)
Deleting semid=491564.
ipcrm: invalid id (491573)
Deleting semid=491574.
ipcrm: invalid id (491573)
Deleting semid=491574.
ipcrm: invalid id (491562)
Deleting semid=491563.
ipcrm: invalid id (491564)
Deleting semid=491565.
ipcrm: invalid id (491574)
ipcrm: invalid id (491574)
Deleting semid=491575.
Deleting semid=491575.
ipcrm: invalid id (491563)
Deleting semid=491564.
ipcrm: invalid id (491575)
Deleting semid=491576.
ipcrm: invalid id (491565)
ipcrm: invalid id (491575)
Deleting semid=491566.
Deleting semid=491576.
ipcrm: invalid id (491564)
Deleting semid=491565.
ipcrm: invalid id (491576)
Deleting semid=491577.
ipcrm: invalid id (491576)
Deleting semid=491577.
ipcrm: invalid id (491566)
Deleting semid=491567.
ipcrm: invalid id (491565)
Deleting semid=491566.
ipcrm: invalid id (491577)
Deleting semid=491578.
ipcrm: invalid id (491577)
Deleting semid=491578.
ipcrm: invalid id (491567)
Deleting semid=491568.
ipcrm: invalid id (491566)
Deleting semid=491567.
ipcrm: invalid id (491578)
Deleting semid=491579.
ipcrm: invalid id (491578)
Deleting semid=491579.
ipcrm: invalid id (491568)
Deleting semid=491569.
ipcrm: invalid id (491567)
Deleting semid=491568.
ipcrm: invalid id (491579)
ipcrm: invalid id (491579)
ipcrm: invalid id (491569)
Deleting semid=491570.
ipcrm: invalid id (491568)
Deleting semid=491569.
ipcrm: invalid id (491563)
Deleting semid=491564.
ipcrm: invalid id (491570)
Deleting semid=491571.
ipcrm: invalid id (491569)
Deleting semid=491570.
ipcrm: invalid id (491564)
Deleting semid=491565.
ipcrm: invalid id (491570)
Deleting semid=491571.
ipcrm: invalid id (491571)
Deleting semid=491572.
ipcrm: invalid id (491565)
Deleting semid=491566.
ipcrm: invalid id (491571)
Deleting semid=491572.
ipcrm: invalid id (491572)
Deleting semid=491573.
ipcrm: invalid id (491566)
Deleting semid=491567.
ipcrm: invalid id (491572)
Deleting semid=491573.
ipcrm: invalid id (491567)
Deleting semid=491568.
ipcrm: invalid id (491573)
Deleting semid=491574.
ipcrm: invalid id (491573)
Deleting semid=491574.
ipcrm: invalid id (491560)
Deleting semid=491561.
ipcrm: invalid id (491568)
Deleting semid=491569.
ipcrm: invalid id (491574)
ipcrm: invalid id (491574)
ipcrm: invalid id (491561)
Deleting semid=491575.
Deleting semid=491575.
Deleting semid=491562.
ipcrm: invalid id (491569)
Deleting semid=491570.
ipcrm: invalid id (491575)
Deleting semid=491576.
ipcrm: invalid id (491562)
Deleting semid=491563.
ipcrm: invalid id (491575)
Deleting semid=491576.
ipcrm: invalid id (491570)
Deleting semid=491571.
ipcrm: invalid id (491566)
Deleting semid=491567.
ipcrm: invalid id (491576)
ipcrm: invalid id (491563)
Deleting semid=491577.
Deleting semid=491564.
ipcrm: invalid id (491576)
Deleting semid=491577.
ipcrm: invalid id (491571)
Deleting semid=491572.
ipcrm: invalid id (491567)
Deleting semid=491568.
ipcrm: invalid id (491564)
ipcrm: invalid id (491577)
Deleting semid=491565.
Deleting semid=491578.
ipcrm: invalid id (491567)
Deleting semid=491568.
ipcrm: invalid id (491577)
Deleting semid=491578.
ipcrm: invalid id (491572)
Deleting semid=491573.
ipcrm: invalid id (491568)
Deleting semid=491569.
ipcrm: invalid id (491578)
ipcrm: invalid id (491565)
Deleting semid=491579.
Deleting semid=491566.
ipcrm: invalid id (491569)
Deleting semid=491570.
ipcrm: invalid id (491568)
Deleting semid=491569.
ipcrm: invalid id (491578)
Deleting semid=491579.
ipcrm: invalid id (491573)
Deleting semid=491574.
ipcrm: invalid id (491569)
Deleting semid=491570.
ipcrm: invalid id (491579)
ipcrm: invalid id (491566)
Deleting semid=491567.
ipcrm: invalid id (491570)
ipcrm: invalid id (491569)
Deleting semid=491571.
Deleting semid=491570.
ipcrm: invalid id (491561)
ipcrm: invalid id (491579)
Deleting semid=491562.
ipcrm: invalid id (491574)
Deleting semid=491575.
ipcrm: invalid id (491567)
Deleting semid=491568.
ipcrm: invalid id (491570)
ipcrm: invalid id (491570)
ipcrm: invalid id (491571)
Deleting semid=491571.
Deleting semid=491571.
Deleting semid=491572.
ipcrm: invalid id (491572)
Deleting semid=491573.
ipcrm: invalid id (491562)
Deleting semid=491563.
ipcrm: invalid id (491575)
Deleting semid=491576.
ipcrm: invalid id (491568)
Deleting semid=491569.
ipcrm: invalid id (491572)
ipcrm: invalid id (491571)
Deleting semid=491573.
Deleting semid=491572.
ipcrm: invalid id (491571)
Deleting semid=491572.
ipcrm: invalid id (491573)
Deleting semid=491574.
ipcrm: invalid id (491563)
Deleting semid=491564.
ipcrm: invalid id (491576)
Deleting semid=491577.
ipcrm: invalid id (491568)
Deleting semid=491569.
ipcrm: invalid id (491569)
Deleting semid=491570.
ipcrm: invalid id (491573)
Deleting semid=491574.
ipcrm: invalid id (491572)
Deleting semid=491573.
ipcrm: invalid id (491574)
ipcrm: invalid id (491564)
Deleting semid=491575.
Deleting semid=491565.
ipcrm: invalid id (491577)
Deleting semid=491578.
ipcrm: invalid id (491572)
Deleting semid=491573.
ipcrm: invalid id (491569)
Deleting semid=491570.
ipcrm: invalid id (491570)
Deleting semid=491571.
ipcrm: invalid id (491574)
Deleting semid=491575.
ipcrm: invalid id (491573)
Deleting semid=491574.
ipcrm: invalid id (491558)
Deleting semid=491559.
ipcrm: invalid id (491575)
Deleting semid=491576.
ipcrm: invalid id (491565)
Deleting semid=491566.
ipcrm: invalid id (491578)
Deleting semid=491579.
ipcrm: invalid id (491573)
Deleting semid=491574.
ipcrm: invalid id (491570)
Deleting semid=491571.
ipcrm: invalid id (491571)
Deleting semid=491572.
ipcrm: invalid id (491575)
Deleting semid=491576.
ipcrm: invalid id (491574)
Deleting semid=491575.
ipcrm: invalid id (491559)
Deleting semid=491560.
ipcrm: invalid id (491576)
Deleting semid=491577.
ipcrm: invalid id (491566)
Deleting semid=491567.
ipcrm: invalid id (491579)
ipcrm: invalid id (491571)
Deleting semid=491572.
ipcrm: invalid id (491574)
Deleting semid=491575.
ipcrm: invalid id (491572)
Deleting semid=491573.
ipcrm: invalid id (491570)
Deleting semid=491571.
ipcrm: invalid id (491576)
Deleting semid=491577.
ipcrm: invalid id (491575)
Deleting semid=491576.
ipcrm: invalid id (491567)
Deleting semid=491568.
ipcrm: invalid id (491577)
Deleting semid=491578.
ipcrm: invalid id (491560)
Deleting semid=491561.
ipcrm: invalid id (491572)
Deleting semid=491573.
ipcrm: invalid id (491573)
Deleting semid=491574.
ipcrm: invalid id (491571)
Deleting semid=491572.
ipcrm: invalid id (491577)
Deleting semid=491578.
ipcrm: invalid id (491576)
Deleting semid=491577.
ipcrm: invalid id (491575)
Deleting semid=491576.
ipcrm: invalid id (491568)
Deleting semid=491569.
ipcrm: invalid id (491578)
Deleting semid=491579.
ipcrm: invalid id (491561)
Deleting semid=491562.
ipcrm: invalid id (491573)
Deleting semid=491574.
ipcrm: invalid id (491574)
Deleting semid=491575.
ipcrm: invalid id (491572)
Deleting semid=491573.
ipcrm: invalid id (491578)
Deleting semid=491579.
ipcrm: invalid id (491577)
Deleting semid=491578.
ipcrm: invalid id (491576)
Deleting semid=491577.
ipcrm: invalid id (491576)
Deleting semid=491577.
ipcrm: invalid id (491569)
ipcrm: invalid id (491579)
Deleting semid=491570.
ipcrm: invalid id (491562)
Deleting semid=491563.
ipcrm: invalid id (491574)
ipcrm: invalid id (491575)
Deleting semid=491575.
Deleting semid=491576.
ipcrm: invalid id (491573)
ipcrm: invalid id (491579)
Deleting semid=491574.
ipcrm: invalid id (491578)
Deleting semid=491579.
ipcrm: invalid id (491577)
Deleting semid=491578.
ipcrm: invalid id (491577)
ipcrm: invalid id (491570)
Deleting semid=491578.
Deleting semid=491571.
ipcrm: invalid id (491563)
ipcrm: invalid id (491576)
ipcrm: invalid id (491575)
Deleting semid=491564.
Deleting semid=491577.
Deleting semid=491576.
ipcrm: invalid id (491574)
Deleting semid=491575.
ipcrm: invalid id (491579)
ipcrm: invalid id (491578)
Deleting semid=491579.
ipcrm: invalid id (491571)
Deleting semid=491572.
ipcrm: invalid id (491578)
Deleting semid=491579.
ipcrm: invalid id (491577)
Deleting semid=491578.
ipcrm: invalid id (491576)
Deleting semid=491577.
ipcrm: invalid id (491575)
Deleting semid=491576.
ipcrm: invalid id (491579)
ipcrm: invalid id (491564)
Deleting semid=491565.
ipcrm: invalid id (491575)
Deleting semid=491576.
ipcrm: invalid id (491572)
Deleting semid=491573.
ipcrm: invalid id (491579)
ipcrm: invalid id (491578)
Deleting semid=491579.
ipcrm: invalid id (491577)
Deleting semid=491578.
ipcrm: invalid id (491576)
Deleting semid=491577.
ipcrm: invalid id (491576)
ipcrm: invalid id (491565)
Deleting semid=491577.
Deleting semid=491566.
ipcrm: invalid id (491573)
Deleting semid=491574.
ipcrm: invalid id (491579)
ipcrm: invalid id (491578)
Deleting semid=491579.
ipcrm: invalid id (491577)
Deleting semid=491578.
ipcrm: invalid id (491577)
Deleting semid=491578.
ipcrm: invalid id (491574)
Deleting semid=491575.
ipcrm: invalid id (491566)
Deleting semid=491567.
ipcrm: invalid id (491579)
ipcrm: invalid id (491578)
Deleting semid=491579.
ipcrm: invalid id (491578)
Deleting semid=491579.
ipcrm: invalid id (491575)
Deleting semid=491576.
ipcrm: invalid id (491567)
Deleting semid=491568.
ipcrm: invalid id (491579)
ipcrm: invalid id (491579)
ipcrm: invalid id (491576)
Deleting semid=491577.
ipcrm: invalid id (491568)
Deleting semid=491569.
ipcrm: invalid id (491564)
Deleting semid=491565.
ipcrm: invalid id (491577)
Deleting semid=491578.
ipcrm: invalid id (491569)
ipcrm: invalid id (491565)
Deleting semid=491570.
Deleting semid=491566.
ipcrm: invalid id (491578)
Deleting semid=491579.
ipcrm: invalid id (491566)
Deleting semid=491567.
ipcrm: invalid id (491570)
Deleting semid=491571.
ipcrm: invalid id (491579)
ipcrm: invalid id (491567)
Deleting semid=491568.
ipcrm: invalid id (491571)
Deleting semid=491572.
ipcrm: invalid id (491570)
Deleting semid=491571.
ipcrm: invalid id (491568)
Deleting semid=491569.
ipcrm: invalid id (491572)
Deleting semid=491573.
ipcrm: invalid id (491571)
Deleting semid=491572.
ipcrm: invalid id (491569)
Deleting semid=491570.
ipcrm: invalid id (491573)
Deleting semid=491574.
ipcrm: invalid id (491572)
Deleting semid=491573.
ipcrm: invalid id (491570)
Deleting semid=491571.
ipcrm: invalid id (491574)
Deleting semid=491575.
ipcrm: invalid id (491573)
Deleting semid=491574.
ipcrm: invalid id (491571)
Deleting semid=491572.
ipcrm: invalid id (491575)
Deleting semid=491576.
ipcrm: invalid id (491574)
Deleting semid=491575.
ipcrm: invalid id (491572)
Deleting semid=491573.
ipcrm: invalid id (491576)
Deleting semid=491577.
ipcrm: invalid id (491573)
ipcrm: invalid id (491575)
Deleting semid=491574.
Deleting semid=491576.
ipcrm: invalid id (491574)
Deleting semid=491575.
ipcrm: invalid id (491577)
Deleting semid=491578.
ipcrm: invalid id (491576)
Deleting semid=491577.
ipcrm: invalid id (491575)
Deleting semid=491576.
ipcrm: invalid id (491578)
Deleting semid=491579.
ipcrm: invalid id (491577)
Deleting semid=491578.
ipcrm: invalid id (491576)
Deleting semid=491577.
ipcrm: invalid id (491579)
ipcrm: invalid id (491578)
Deleting semid=491579.
ipcrm: invalid id (491577)
Deleting semid=491578.
ipcrm: invalid id (491578)
Deleting semid=491579.
ipcrm: invalid id (491579)
ipcrm: invalid id (491579)
srun --mpi=pmix -N 1 -n 32 --ntasks-per-node=32 --export=ALL --cpu-bind verbose,cores   /mnt/lustre/koa/lab/tsqc_group/installed_software/gms_mpi_noDS/gamess.00.x >& /mnt/lustre/koa/lab/tsqc_group/tsatta/lorea/fmo_1res_ligfrag/kb_53/2i0d_kb_53_FMO2DFTB4H_SPE_rank29.log
ls: cannot access 'JOB.12960777.*': No such file or directory
2i0d_kb_53_FMO2DFTB4H_SPE_rank3.inp
srun --mpi=pmix -N 1 -n 32 --ntasks-per-node=32 --export=ALL --cpu-bind verbose,cores   /mnt/lustre/koa/lab/tsqc_group/installed_software/gms_mpi_noDS/gamess.00.x >& /mnt/lustre/koa/lab/tsqc_group/tsatta/lorea/fmo_1res_ligfrag/kb_53/2i0d_kb_53_FMO2DFTB4H_SPE_rank3.log
ls: cannot access 'JOB.12960777.*': No such file or directory
2i0d_kb_53_FMO2DFTB4H_SPE_rank30.inp
srun --mpi=pmix -N 1 -n 32 --ntasks-per-node=32 --export=ALL --cpu-bind verbose,cores   /mnt/lustre/koa/lab/tsqc_group/installed_software/gms_mpi_noDS/gamess.00.x >& /mnt/lustre/koa/lab/tsqc_group/tsatta/lorea/fmo_1res_ligfrag/kb_53/2i0d_kb_53_FMO2DFTB4H_SPE_rank30.log
ls: cannot access 'JOB.12960777.*': No such file or directory
2i0d_kb_53_FMO2DFTB4H_SPE_rank4.inp
srun --mpi=pmix -N 1 -n 32 --ntasks-per-node=32 --export=ALL --cpu-bind verbose,cores   /mnt/lustre/koa/lab/tsqc_group/installed_software/gms_mpi_noDS/gamess.00.x >& /mnt/lustre/koa/lab/tsqc_group/tsatta/lorea/fmo_1res_ligfrag/kb_53/2i0d_kb_53_FMO2DFTB4H_SPE_rank4.log
ls: cannot access 'JOB.12960777.*': No such file or directory
2i0d_kb_53_FMO2DFTB4H_SPE_rank5.inp
srun --mpi=pmix -N 1 -n 32 --ntasks-per-node=32 --export=ALL --cpu-bind verbose,cores   /mnt/lustre/koa/lab/tsqc_group/installed_software/gms_mpi_noDS/gamess.00.x >& /mnt/lustre/koa/lab/tsqc_group/tsatta/lorea/fmo_1res_ligfrag/kb_53/2i0d_kb_53_FMO2DFTB4H_SPE_rank5.log
ls: cannot access 'JOB.12960777.*': No such file or directory
2i0d_kb_53_FMO2DFTB4H_SPE_rank6.inp
srun --mpi=pmix -N 1 -n 32 --ntasks-per-node=32 --export=ALL --cpu-bind verbose,cores   /mnt/lustre/koa/lab/tsqc_group/installed_software/gms_mpi_noDS/gamess.00.x >& /mnt/lustre/koa/lab/tsqc_group/tsatta/lorea/fmo_1res_ligfrag/kb_53/2i0d_kb_53_FMO2DFTB4H_SPE_rank6.log
ls: cannot access 'JOB.12960777.*': No such file or directory
2i0d_kb_53_FMO2DFTB4H_SPE_rank7.inp
srun --mpi=pmix -N 1 -n 32 --ntasks-per-node=32 --export=ALL --cpu-bind verbose,cores   /mnt/lustre/koa/lab/tsqc_group/installed_software/gms_mpi_noDS/gamess.00.x >& /mnt/lustre/koa/lab/tsqc_group/tsatta/lorea/fmo_1res_ligfrag/kb_53/2i0d_kb_53_FMO2DFTB4H_SPE_rank7.log
ls: cannot access 'JOB.12960777.*': No such file or directory
2i0d_kb_53_FMO2DFTB4H_SPE_rank8.inp
srun --mpi=pmix -N 1 -n 32 --ntasks-per-node=32 --export=ALL --cpu-bind verbose,cores   /mnt/lustre/koa/lab/tsqc_group/installed_software/gms_mpi_noDS/gamess.00.x >& /mnt/lustre/koa/lab/tsqc_group/tsatta/lorea/fmo_1res_ligfrag/kb_53/2i0d_kb_53_FMO2DFTB4H_SPE_rank8.log
ls: cannot access 'JOB.12960777.*': No such file or directory
2i0d_kb_53_FMO2DFTB4H_SPE_rank9.inp
srun --mpi=pmix -N 1 -n 32 --ntasks-per-node=32 --export=ALL --cpu-bind verbose,cores   /mnt/lustre/koa/lab/tsqc_group/installed_software/gms_mpi_noDS/gamess.00.x >& /mnt/lustre/koa/lab/tsqc_group/tsatta/lorea/fmo_1res_ligfrag/kb_53/2i0d_kb_53_FMO2DFTB4H_SPE_rank9.log
ls: cannot access 'JOB.12960777.*': No such file or directory
