Lmod Warning:
-------------------------------------------------------------------------------
The following dependent module(s) are not currently loaded:
compiler/GCCcore/14.3.0 (required by: lib/zlib/1.3.1-GCCcore-14.3.0,
lib/libidn2/2.3.8-GCCcore-14.3.0, lib/libiconv/1.18-GCCcore-14.3.0,
lib/libunistring/1.3-GCCcore-14.3.0, lib/libpsl/0.21.5-GCCcore-14.3.0,
tools/cURL/8.14.1-GCCcore-14.3.0, tools/expat/2.7.1-GCCcore-14.3.0,
tools/XZ/5.8.1-GCCcore-14.3.0, lib/libxml2/2.14.3-GCCcore-14.3.0,
tools/gettext/0.25-GCCcore-14.3.0, lang/Perl/5.40.2-GCCcore-14.3.0,
tools/git/2.50.1-GCCcore-14.3.0), devel/ncurses/6.5-GCCcore-14.3.0 (required
by: tools/gettext/0.25-GCCcore-14.3.0)
-------------------------------------------------------------------------------




The following have been reloaded with a version change:
  1) compiler/GCCcore/12.2.0 => compiler/GCCcore/12.3.0
  2) devel/ncurses/6.3-GCCcore-12.2.0 => devel/ncurses/6.4-GCCcore-12.3.0
  3) lib/libxml2/2.10.3-GCCcore-12.2.0 => lib/libxml2/2.14.3-GCCcore-14.3.0
  4) lib/zlib/1.2.12-GCCcore-12.2.0 => lib/zlib/1.3.1-GCCcore-14.3.0
  5) system/OpenSSL/1.1 => system/OpenSSL/3
  6) tools/XZ/5.2.7-GCCcore-12.2.0 => tools/XZ/5.8.1-GCCcore-14.3.0
  7) tools/cURL/7.86.0-GCCcore-12.2.0 => tools/cURL/8.14.1-GCCcore-14.3.0

2i0d_kb_01_FMO2DFTB4H_SPE_rank29.inp
Deleting semid=360458.
Deleting semid=360458.
Deleting semid=360458.
Deleting semid=360458.
Deleting semid=360458.
Deleting semid=360458.
Deleting semid=360458.
Deleting semid=360458.
Deleting semid=360458.
Deleting semid=360458.
Deleting semid=360458.
Deleting semid=360458.
Deleting semid=360458.
Deleting semid=360458.
Deleting semid=360458.
Deleting semid=360458.
Deleting semid=360458.
Deleting semid=360458.
Deleting semid=360458.
Deleting semid=360458.
Deleting semid=360458.
Deleting semid=360458.
Deleting semid=360458.
Deleting semid=360458.
Deleting semid=360458.
Deleting semid=360458.
Deleting semid=360458.
Deleting semid=360458.
Deleting semid=360458.
Deleting semid=360458.
Deleting semid=360458.
Deleting semid=360458.
Deleting semid=360459.
ipcrm: invalid id (360458)
ipcrm: invalid id (360458)
Deleting semid=360459.
Deleting semid=360459.
ipcrm: invalid id (360458)
ipcrm: invalid id (360458)
Deleting semid=360459.
ipcrm: invalid id (360458)
Deleting semid=360459.
Deleting semid=360459.
ipcrm: invalid id (360458)
Deleting semid=360459.
ipcrm: invalid id (360458)
ipcrm: invalid id (360458)
Deleting semid=360459.
ipcrm: invalid id (360458)
Deleting semid=360459.
ipcrm: invalid id (360458)
ipcrm: invalid id (360458)
Deleting semid=360459.
Deleting semid=360459.
Deleting semid=360459.
ipcrm: invalid id (360458)
Deleting semid=360459.
ipcrm: invalid id (360458)
Deleting semid=360459.
ipcrm: invalid id (360458)
Deleting semid=360459.
ipcrm: invalid id (360458)
Deleting semid=360459.
ipcrm: invalid id (360458)
ipcrm: invalid id (360458)
Deleting semid=360459.
Deleting semid=360459.
ipcrm: invalid id (360458)
ipcrm: invalid id (360458)
ipcrm: invalid id (360458)
Deleting semid=360459.
Deleting semid=360459.
Deleting semid=360459.
ipcrm: invalid id (360458)
ipcrm: invalid id (360458)
Deleting semid=360459.
ipcrm: invalid id (360458)
Deleting semid=360459.
ipcrm: invalid id (360458)
Deleting semid=360459.
ipcrm: invalid id (360458)
ipcrm: invalid id (360458)
Deleting semid=360459.
Deleting semid=360459.
ipcrm: invalid id (360458)
Deleting semid=360459.
ipcrm: invalid id (360458)
Deleting semid=360459.
Deleting semid=360459.
ipcrm: invalid id (360458)
Deleting semid=360459.
ipcrm: invalid id (360458)
Deleting semid=360459.
ipcrm: invalid id (360458)
Deleting semid=360459.
Deleting semid=360460.
ipcrm: invalid id (360459)
Deleting semid=360460.
ipcrm: invalid id (360459)
Deleting semid=360460.
ipcrm: invalid id (360459)
ipcrm: invalid id (360459)
ipcrm: invalid id (360459)
Deleting semid=360460.
ipcrm: invalid id (360459)
ipcrm: invalid id (360459)
ipcrm: invalid id (360459)
Deleting semid=360460.
Deleting semid=360460.
Deleting semid=360460.
Deleting semid=360460.
Deleting semid=360460.
ipcrm: invalid id (360459)
Deleting semid=360460.
ipcrm: invalid id (360459)
Deleting semid=360460.
ipcrm: invalid id (360459)
Deleting semid=360460.
ipcrm: invalid id (360459)
ipcrm: invalid id (360459)
Deleting semid=360460.
ipcrm: invalid id (360459)
Deleting semid=360460.
Deleting semid=360460.
ipcrm: invalid id (360459)
ipcrm: invalid id (360459)
ipcrm: invalid id (360459)
Deleting semid=360460.
Deleting semid=360460.
Deleting semid=360460.
ipcrm: invalid id (360459)
Deleting semid=360460.
ipcrm: invalid id (360459)
ipcrm: invalid id (360459)
Deleting semid=360460.
Deleting semid=360460.
ipcrm: invalid id (360459)
ipcrm: invalid id (360459)
Deleting semid=360460.
ipcrm: invalid id (360459)
ipcrm: invalid id (360459)
Deleting semid=360460.
Deleting semid=360460.
ipcrm: invalid id (360459)
Deleting semid=360460.
Deleting semid=360460.
ipcrm: invalid id (360459)
ipcrm: invalid id (360459)
Deleting semid=360460.
Deleting semid=360460.
ipcrm: invalid id (360459)
Deleting semid=360460.
ipcrm: invalid id (360459)
ipcrm: invalid id (360459)
Deleting semid=360460.
Deleting semid=360460.
ipcrm: invalid id (360459)
Deleting semid=360460.
Deleting semid=360461.
ipcrm: invalid id (360460)
Deleting semid=360461.
ipcrm: invalid id (360460)
Deleting semid=360461.
ipcrm: invalid id (360460)
Deleting semid=360461.
ipcrm: invalid id (360460)
ipcrm: invalid id (360460)
ipcrm: invalid id (360460)
Deleting semid=360461.
Deleting semid=360461.
ipcrm: invalid id (360460)
ipcrm: invalid id (360460)
Deleting semid=360461.
Deleting semid=360461.
Deleting semid=360461.
ipcrm: invalid id (360460)
Deleting semid=360461.
ipcrm: invalid id (360460)
Deleting semid=360461.
ipcrm: invalid id (360460)
Deleting semid=360461.
ipcrm: invalid id (360460)
ipcrm: invalid id (360460)
Deleting semid=360461.
Deleting semid=360461.
ipcrm: invalid id (360460)
ipcrm: invalid id (360460)
Deleting semid=360461.
Deleting semid=360461.
ipcrm: invalid id (360460)
Deleting semid=360461.
ipcrm: invalid id (360460)
Deleting semid=360461.
ipcrm: invalid id (360460)
Deleting semid=360461.
Deleting semid=360462.
ipcrm: invalid id (360460)
Deleting semid=360461.
ipcrm: invalid id (360460)
ipcrm: invalid id (360461)
Deleting semid=360461.
Deleting semid=360462.
ipcrm: invalid id (360461)
Deleting semid=360462.
ipcrm: invalid id (360461)
ipcrm: invalid id (360461)
ipcrm: invalid id (360461)
ipcrm: invalid id (360460)
Deleting semid=360462.
Deleting semid=360462.
ipcrm: invalid id (360461)
Deleting semid=360461.
ipcrm: invalid id (360461)
ipcrm: invalid id (360460)
ipcrm: invalid id (360460)
Deleting semid=360462.
Deleting semid=360462.
Deleting semid=360462.
ipcrm: invalid id (360460)
Deleting semid=360461.
ipcrm: invalid id (360460)
Deleting semid=360461.
ipcrm: invalid id (360461)
Deleting semid=360461.
Deleting semid=360461.
Deleting semid=360462.
ipcrm: invalid id (360461)
Deleting semid=360462.
ipcrm: invalid id (360460)
ipcrm: invalid id (360460)
ipcrm: invalid id (360460)
Deleting semid=360461.
Deleting semid=360461.
Deleting semid=360461.
ipcrm: invalid id (360460)
ipcrm: invalid id (360460)
Deleting semid=360461.
Deleting semid=360461.
ipcrm: invalid id (360460)
Deleting semid=360461.
ipcrm: invalid id (360461)
Deleting semid=360462.
ipcrm: invalid id (360461)
ipcrm: invalid id (360461)
Deleting semid=360462.
ipcrm: invalid id (360461)
ipcrm: invalid id (360461)
Deleting semid=360462.
Deleting semid=360462.
ipcrm: invalid id (360461)
Deleting semid=360462.
ipcrm: invalid id (360461)
Deleting semid=360462.
Deleting semid=360462.
ipcrm: invalid id (360461)
Deleting semid=360462.
ipcrm: invalid id (360461)
Deleting semid=360462.
Deleting semid=360463.
ipcrm: invalid id (360462)
Deleting semid=360463.
ipcrm: invalid id (360462)
Deleting semid=360463.
Deleting semid=360464.
ipcrm: invalid id (360463)
Deleting semid=360464.
ipcrm: invalid id (360463)
Deleting semid=360464.
Deleting semid=360465.
ipcrm: invalid id (360464)
Deleting semid=360465.
ipcrm: invalid id (360464)
Deleting semid=360465.
Deleting semid=360466.
ipcrm: invalid id (360465)
Deleting semid=360466.
ipcrm: invalid id (360465)
Deleting semid=360466.
Deleting semid=360467.
ipcrm: invalid id (360466)
Deleting semid=360467.
ipcrm: invalid id (360466)
Deleting semid=360467.
Deleting semid=360468.
ipcrm: invalid id (360467)
Deleting semid=360468.
ipcrm: invalid id (360467)
Deleting semid=360468.
Deleting semid=360469.
ipcrm: invalid id (360468)
Deleting semid=360469.
ipcrm: invalid id (360468)
Deleting semid=360469.
Deleting semid=360470.
ipcrm: invalid id (360462)
Deleting semid=360463.
ipcrm: invalid id (360469)
Deleting semid=360470.
ipcrm: invalid id (360469)
Deleting semid=360470.
Deleting semid=360471.
ipcrm: invalid id (360463)
Deleting semid=360464.
ipcrm: invalid id (360470)
Deleting semid=360471.
ipcrm: invalid id (360470)
Deleting semid=360471.
Deleting semid=360472.
ipcrm: invalid id (360464)
Deleting semid=360465.
ipcrm: invalid id (360471)
Deleting semid=360472.
ipcrm: invalid id (360471)
Deleting semid=360472.
Deleting semid=360473.
ipcrm: invalid id (360465)
Deleting semid=360466.
ipcrm: invalid id (360472)
Deleting semid=360473.
ipcrm: invalid id (360472)
Deleting semid=360473.
Deleting semid=360474.
ipcrm: invalid id (360466)
Deleting semid=360467.
ipcrm: invalid id (360473)
Deleting semid=360474.
ipcrm: invalid id (360473)
Deleting semid=360474.
Deleting semid=360475.
ipcrm: invalid id (360467)
ipcrm: invalid id (360474)
Deleting semid=360468.
Deleting semid=360475.
ipcrm: invalid id (360474)
Deleting semid=360475.
ipcrm: invalid id (360462)
Deleting semid=360463.
ipcrm: invalid id (360468)
Deleting semid=360476.
Deleting semid=360469.
ipcrm: invalid id (360475)
Deleting semid=360476.
ipcrm: invalid id (360475)
Deleting semid=360476.
ipcrm: invalid id (360463)
Deleting semid=360464.
ipcrm: invalid id (360469)
Deleting semid=360477.
Deleting semid=360470.
ipcrm: invalid id (360476)
Deleting semid=360477.
ipcrm: invalid id (360476)
Deleting semid=360477.
ipcrm: invalid id (360464)
Deleting semid=360465.
ipcrm: invalid id (360470)
Deleting semid=360478.
Deleting semid=360471.
ipcrm: invalid id (360477)
ipcrm: invalid id (360477)
Deleting semid=360478.
Deleting semid=360478.
ipcrm: invalid id (360465)
Deleting semid=360466.
Deleting semid=360479.
ipcrm: invalid id (360471)
Deleting semid=360472.
ipcrm: invalid id (360478)
ipcrm: invalid id (360478)
Deleting semid=360479.
Deleting semid=360479.
ipcrm: invalid id (360466)
Deleting semid=360467.
Deleting semid=360480.
ipcrm: invalid id (360472)
Deleting semid=360473.
ipcrm: invalid id (360479)
ipcrm: invalid id (360479)
ipcrm: invalid id (360462)
Deleting semid=360480.
Deleting semid=360480.
Deleting semid=360463.
ipcrm: invalid id (360467)
Deleting semid=360468.
Deleting semid=360481.
ipcrm: invalid id (360473)
Deleting semid=360474.
ipcrm: invalid id (360463)
ipcrm: invalid id (360480)
ipcrm: invalid id (360480)
Deleting semid=360464.
Deleting semid=360481.
Deleting semid=360481.
ipcrm: invalid id (360468)
Deleting semid=360469.
Deleting semid=360482.
ipcrm: invalid id (360474)
Deleting semid=360475.
ipcrm: invalid id (360464)
Deleting semid=360465.
ipcrm: invalid id (360481)
ipcrm: invalid id (360481)
Deleting semid=360482.
Deleting semid=360482.
ipcrm: invalid id (360469)
Deleting semid=360470.
Deleting semid=360483.
ipcrm: invalid id (360475)
Deleting semid=360476.
ipcrm: invalid id (360482)
ipcrm: invalid id (360482)
ipcrm: invalid id (360465)
Deleting semid=360483.
Deleting semid=360483.
Deleting semid=360466.
ipcrm: invalid id (360470)
Deleting semid=360471.
ipcrm: invalid id (360462)
Deleting semid=360463.
Deleting semid=360484.
ipcrm: invalid id (360476)
Deleting semid=360477.
ipcrm: invalid id (360466)
Deleting semid=360467.
ipcrm: invalid id (360483)
ipcrm: invalid id (360483)
Deleting semid=360484.
Deleting semid=360484.
ipcrm: invalid id (360471)
ipcrm: invalid id (360463)
Deleting semid=360472.
Deleting semid=360464.
Deleting semid=360485.
ipcrm: invalid id (360477)
Deleting semid=360478.
ipcrm: invalid id (360484)
ipcrm: invalid id (360484)
ipcrm: invalid id (360467)
Deleting semid=360485.
Deleting semid=360485.
Deleting semid=360468.
ipcrm: invalid id (360472)
ipcrm: invalid id (360464)
Deleting semid=360473.
Deleting semid=360465.
Deleting semid=360486.
ipcrm: invalid id (360478)
Deleting semid=360479.
ipcrm: invalid id (360485)
Deleting semid=360486.
ipcrm: invalid id (360485)
ipcrm: invalid id (360468)
Deleting semid=360486.
Deleting semid=360469.
ipcrm: invalid id (360473)
ipcrm: invalid id (360465)
Deleting semid=360474.
Deleting semid=360466.
Deleting semid=360487.
ipcrm: invalid id (360479)
Deleting semid=360480.
ipcrm: invalid id (360486)
Deleting semid=360487.
ipcrm: invalid id (360469)
ipcrm: invalid id (360486)
Deleting semid=360470.
Deleting semid=360487.
ipcrm: invalid id (360474)
ipcrm: invalid id (360466)
ipcrm: invalid id (360462)
Deleting semid=360467.
Deleting semid=360475.
Deleting semid=360463.
Deleting semid=360488.
ipcrm: invalid id (360480)
Deleting semid=360481.
ipcrm: invalid id (360487)
Deleting semid=360488.
ipcrm: invalid id (360487)
Deleting semid=360488.
ipcrm: invalid id (360470)
Deleting semid=360471.
ipcrm: invalid id (360463)
ipcrm: invalid id (360467)
ipcrm: invalid id (360475)
Deleting semid=360464.
Deleting semid=360468.
Deleting semid=360476.
Deleting semid=360489.
ipcrm: invalid id (360481)
Deleting semid=360482.
ipcrm: invalid id (360488)
Deleting semid=360489.
ipcrm: invalid id (360488)
Deleting semid=360489.
ipcrm: invalid id (360471)
ipcrm: invalid id (360464)
Deleting semid=360472.
Deleting semid=360465.
ipcrm: invalid id (360468)
ipcrm: invalid id (360476)
Deleting semid=360469.
Deleting semid=360477.
Deleting semid=360490.
ipcrm: invalid id (360482)
Deleting semid=360483.
ipcrm: invalid id (360489)
Deleting semid=360490.
ipcrm: invalid id (360489)
Deleting semid=360490.
ipcrm: invalid id (360465)
Deleting semid=360466.
ipcrm: invalid id (360472)
Deleting semid=360473.
ipcrm: invalid id (360477)
ipcrm: invalid id (360469)
Deleting semid=360478.
Deleting semid=360470.
Deleting semid=360491.
ipcrm: invalid id (360483)
Deleting semid=360484.
ipcrm: invalid id (360490)
Deleting semid=360491.
ipcrm: invalid id (360490)
Deleting semid=360491.
ipcrm: invalid id (360466)
ipcrm: invalid id (360461)
Deleting semid=360467.
Deleting semid=360462.
ipcrm: invalid id (360473)
Deleting semid=360474.
ipcrm: invalid id (360470)
ipcrm: invalid id (360478)
Deleting semid=360471.
Deleting semid=360479.
ipcrm: invalid id (360484)
Deleting semid=360485.
ipcrm: invalid id (360491)
ipcrm: invalid id (360491)
ipcrm: invalid id (360467)
ipcrm: invalid id (360462)
Deleting semid=360468.
Deleting semid=360463.
ipcrm: invalid id (360474)
ipcrm: invalid id (360471)
Deleting semid=360475.
ipcrm: invalid id (360479)
Deleting semid=360472.
Deleting semid=360480.
ipcrm: invalid id (360485)
Deleting semid=360486.
ipcrm: invalid id (360463)
ipcrm: invalid id (360468)
Deleting semid=360464.
Deleting semid=360469.
ipcrm: invalid id (360475)
Deleting semid=360476.
ipcrm: invalid id (360472)
ipcrm: invalid id (360480)
Deleting semid=360473.
Deleting semid=360481.
ipcrm: invalid id (360486)
Deleting semid=360487.
ipcrm: invalid id (360464)
ipcrm: invalid id (360469)
Deleting semid=360465.
Deleting semid=360470.
ipcrm: invalid id (360476)
ipcrm: invalid id (360473)
ipcrm: invalid id (360481)
Deleting semid=360477.
Deleting semid=360474.
Deleting semid=360482.
ipcrm: invalid id (360487)
Deleting semid=360488.
ipcrm: invalid id (360465)
ipcrm: invalid id (360470)
Deleting semid=360466.
Deleting semid=360471.
ipcrm: invalid id (360474)
ipcrm: invalid id (360477)
ipcrm: invalid id (360482)
ipcrm: invalid id (360488)
Deleting semid=360475.
Deleting semid=360478.
Deleting semid=360483.
Deleting semid=360489.
ipcrm: invalid id (360466)
ipcrm: invalid id (360471)
Deleting semid=360467.
Deleting semid=360472.
ipcrm: invalid id (360478)
ipcrm: invalid id (360483)
ipcrm: invalid id (360489)
ipcrm: invalid id (360475)
Deleting semid=360479.
Deleting semid=360484.
Deleting semid=360490.
Deleting semid=360476.
ipcrm: invalid id (360461)
Deleting semid=360462.
ipcrm: invalid id (360467)
ipcrm: invalid id (360472)
Deleting semid=360468.
Deleting semid=360473.
ipcrm: invalid id (360479)
ipcrm: invalid id (360484)
ipcrm: invalid id (360476)
Deleting semid=360480.
Deleting semid=360485.
ipcrm: invalid id (360490)
Deleting semid=360477.
Deleting semid=360491.
ipcrm: invalid id (360462)
Deleting semid=360463.
ipcrm: invalid id (360473)
ipcrm: invalid id (360468)
Deleting semid=360474.
Deleting semid=360469.
ipcrm: invalid id (360477)
ipcrm: invalid id (360480)
ipcrm: invalid id (360485)
ipcrm: invalid id (360491)
Deleting semid=360481.
Deleting semid=360478.
Deleting semid=360486.
ipcrm: invalid id (360463)
Deleting semid=360464.
ipcrm: invalid id (360474)
Deleting semid=360475.
ipcrm: invalid id (360469)
Deleting semid=360470.
ipcrm: invalid id (360478)
Deleting semid=360479.
ipcrm: invalid id (360481)
ipcrm: invalid id (360486)
Deleting semid=360482.
Deleting semid=360487.
ipcrm: invalid id (360464)
Deleting semid=360465.
ipcrm: invalid id (360475)
ipcrm: invalid id (360470)
Deleting semid=360476.
Deleting semid=360471.
ipcrm: invalid id (360479)
ipcrm: invalid id (360487)
ipcrm: invalid id (360482)
Deleting semid=360480.
Deleting semid=360488.
Deleting semid=360483.
ipcrm: invalid id (360465)
Deleting semid=360466.
ipcrm: invalid id (360476)
ipcrm: invalid id (360471)
Deleting semid=360477.
Deleting semid=360472.
ipcrm: invalid id (360488)
ipcrm: invalid id (360480)
ipcrm: invalid id (360483)
Deleting semid=360489.
Deleting semid=360481.
Deleting semid=360484.
ipcrm: invalid id (360466)
Deleting semid=360467.
ipcrm: invalid id (360472)
ipcrm: invalid id (360477)
Deleting semid=360473.
Deleting semid=360478.
ipcrm: invalid id (360489)
ipcrm: invalid id (360481)
ipcrm: invalid id (360484)
Deleting semid=360490.
Deleting semid=360482.
Deleting semid=360485.
ipcrm: invalid id (360467)
Deleting semid=360468.
ipcrm: invalid id (360473)
ipcrm: invalid id (360478)
Deleting semid=360474.
Deleting semid=360479.
ipcrm: invalid id (360462)
Deleting semid=360463.
ipcrm: invalid id (360490)
ipcrm: invalid id (360485)
ipcrm: invalid id (360482)
Deleting semid=360491.
Deleting semid=360486.
Deleting semid=360483.
ipcrm: invalid id (360468)
Deleting semid=360469.
ipcrm: invalid id (360479)
ipcrm: invalid id (360474)
Deleting semid=360480.
Deleting semid=360475.
ipcrm: invalid id (360463)
Deleting semid=360464.
ipcrm: invalid id (360483)
ipcrm: invalid id (360486)
ipcrm: invalid id (360491)
Deleting semid=360484.
Deleting semid=360487.
ipcrm: invalid id (360469)
Deleting semid=360470.
ipcrm: invalid id (360480)
ipcrm: invalid id (360475)
Deleting semid=360481.
Deleting semid=360476.
ipcrm: invalid id (360464)
Deleting semid=360465.
ipcrm: invalid id (360487)
Deleting semid=360488.
ipcrm: invalid id (360484)
Deleting semid=360485.
ipcrm: invalid id (360470)
Deleting semid=360471.
ipcrm: invalid id (360476)
ipcrm: invalid id (360481)
Deleting semid=360477.
Deleting semid=360482.
ipcrm: invalid id (360465)
Deleting semid=360466.
ipcrm: invalid id (360488)
Deleting semid=360489.
ipcrm: invalid id (360485)
Deleting semid=360486.
ipcrm: invalid id (360471)
Deleting semid=360472.
ipcrm: invalid id (360477)
ipcrm: invalid id (360482)
Deleting semid=360478.
Deleting semid=360483.
ipcrm: invalid id (360466)
Deleting semid=360467.
ipcrm: invalid id (360489)
Deleting semid=360490.
ipcrm: invalid id (360486)
Deleting semid=360487.
ipcrm: invalid id (360472)
Deleting semid=360473.
ipcrm: invalid id (360478)
ipcrm: invalid id (360483)
Deleting semid=360479.
Deleting semid=360484.
ipcrm: invalid id (360467)
Deleting semid=360468.
ipcrm: invalid id (360490)
Deleting semid=360491.
ipcrm: invalid id (360487)
Deleting semid=360488.
ipcrm: invalid id (360473)
Deleting semid=360474.
ipcrm: invalid id (360484)
Deleting semid=360485.
ipcrm: invalid id (360479)
Deleting semid=360480.
ipcrm: invalid id (360468)
Deleting semid=360469.
ipcrm: invalid id (360491)
ipcrm: invalid id (360488)
Deleting semid=360489.
ipcrm: invalid id (360474)
Deleting semid=360475.
ipcrm: invalid id (360480)
ipcrm: invalid id (360485)
Deleting semid=360481.
Deleting semid=360486.
ipcrm: invalid id (360469)
Deleting semid=360470.
ipcrm: invalid id (360489)
Deleting semid=360490.
ipcrm: invalid id (360475)
Deleting semid=360476.
ipcrm: invalid id (360486)
ipcrm: invalid id (360481)
Deleting semid=360487.
Deleting semid=360482.
ipcrm: invalid id (360470)
Deleting semid=360471.
ipcrm: invalid id (360462)
ipcrm: invalid id (360490)
Deleting semid=360463.
ipcrm: invalid id (360476)
Deleting semid=360491.
Deleting semid=360477.
ipcrm: invalid id (360482)
ipcrm: invalid id (360487)
Deleting semid=360483.
Deleting semid=360488.
ipcrm: invalid id (360471)
Deleting semid=360472.
ipcrm: invalid id (360463)
Deleting semid=360464.
ipcrm: invalid id (360491)
ipcrm: invalid id (360477)
Deleting semid=360478.
ipcrm: invalid id (360483)
ipcrm: invalid id (360488)
Deleting semid=360484.
Deleting semid=360489.
ipcrm: invalid id (360472)
Deleting semid=360473.
ipcrm: invalid id (360478)
Deleting semid=360479.
ipcrm: invalid id (360464)
Deleting semid=360465.
ipcrm: invalid id (360484)
ipcrm: invalid id (360489)
Deleting semid=360485.
Deleting semid=360490.
ipcrm: invalid id (360473)
Deleting semid=360474.
ipcrm: invalid id (360479)
Deleting semid=360480.
ipcrm: invalid id (360485)
ipcrm: invalid id (360490)
ipcrm: invalid id (360465)
Deleting semid=360486.
Deleting semid=360491.
Deleting semid=360466.
ipcrm: invalid id (360474)
Deleting semid=360475.
ipcrm: invalid id (360480)
Deleting semid=360481.
ipcrm: invalid id (360486)
ipcrm: invalid id (360491)
Deleting semid=360487.
ipcrm: invalid id (360466)
Deleting semid=360467.
ipcrm: invalid id (360475)
Deleting semid=360476.
ipcrm: invalid id (360481)
Deleting semid=360482.
ipcrm: invalid id (360487)
Deleting semid=360488.
ipcrm: invalid id (360467)
ipcrm: invalid id (360476)
Deleting semid=360468.
Deleting semid=360477.
ipcrm: invalid id (360482)
Deleting semid=360483.
ipcrm: invalid id (360488)
Deleting semid=360489.
ipcrm: invalid id (360468)
Deleting semid=360469.
ipcrm: invalid id (360477)
Deleting semid=360478.
ipcrm: invalid id (360483)
Deleting semid=360484.
ipcrm: invalid id (360461)
Deleting semid=360462.
ipcrm: invalid id (360489)
Deleting semid=360490.
ipcrm: invalid id (360469)
ipcrm: invalid id (360478)
Deleting semid=360470.
Deleting semid=360479.
ipcrm: invalid id (360484)
Deleting semid=360485.
ipcrm: invalid id (360462)
Deleting semid=360463.
ipcrm: invalid id (360490)
Deleting semid=360491.
ipcrm: invalid id (360470)
ipcrm: invalid id (360479)
Deleting semid=360471.
Deleting semid=360480.
ipcrm: invalid id (360485)
Deleting semid=360486.
ipcrm: invalid id (360463)
Deleting semid=360464.
ipcrm: invalid id (360491)
ipcrm: invalid id (360471)
ipcrm: invalid id (360480)
Deleting semid=360472.
Deleting semid=360481.
ipcrm: invalid id (360486)
Deleting semid=360487.
ipcrm: invalid id (360464)
Deleting semid=360465.
ipcrm: invalid id (360481)
ipcrm: invalid id (360472)
Deleting semid=360482.
Deleting semid=360473.
ipcrm: invalid id (360487)
Deleting semid=360488.
ipcrm: invalid id (360465)
Deleting semid=360466.
ipcrm: invalid id (360482)
ipcrm: invalid id (360473)
Deleting semid=360483.
Deleting semid=360474.
ipcrm: invalid id (360488)
Deleting semid=360489.
ipcrm: invalid id (360466)
Deleting semid=360467.
ipcrm: invalid id (360483)
Deleting semid=360484.
ipcrm: invalid id (360474)
Deleting semid=360475.
ipcrm: invalid id (360489)
Deleting semid=360490.
ipcrm: invalid id (360467)
Deleting semid=360468.
ipcrm: invalid id (360484)
ipcrm: invalid id (360475)
Deleting semid=360485.
Deleting semid=360476.
ipcrm: invalid id (360490)
Deleting semid=360491.
ipcrm: invalid id (360461)
Deleting semid=360462.
ipcrm: invalid id (360468)
Deleting semid=360469.
ipcrm: invalid id (360476)
ipcrm: invalid id (360485)
Deleting semid=360477.
Deleting semid=360486.
ipcrm: invalid id (360491)
ipcrm: invalid id (360462)
Deleting semid=360463.
ipcrm: invalid id (360469)
Deleting semid=360470.
ipcrm: invalid id (360477)
ipcrm: invalid id (360486)
Deleting semid=360478.
Deleting semid=360487.
ipcrm: invalid id (360463)
Deleting semid=360464.
ipcrm: invalid id (360470)
Deleting semid=360471.
ipcrm: invalid id (360478)
ipcrm: invalid id (360487)
Deleting semid=360479.
Deleting semid=360488.
ipcrm: invalid id (360464)
Deleting semid=360465.
ipcrm: invalid id (360471)
Deleting semid=360472.
ipcrm: invalid id (360479)
ipcrm: invalid id (360488)
Deleting semid=360480.
Deleting semid=360489.
ipcrm: invalid id (360465)
Deleting semid=360466.
ipcrm: invalid id (360472)
Deleting semid=360473.
ipcrm: invalid id (360480)
ipcrm: invalid id (360489)
Deleting semid=360481.
Deleting semid=360490.
ipcrm: invalid id (360466)
Deleting semid=360467.
ipcrm: invalid id (360473)
Deleting semid=360474.
ipcrm: invalid id (360461)
Deleting semid=360462.
ipcrm: invalid id (360490)
ipcrm: invalid id (360481)
Deleting semid=360491.
Deleting semid=360482.
ipcrm: invalid id (360467)
ipcrm: invalid id (360474)
Deleting semid=360468.
Deleting semid=360475.
ipcrm: invalid id (360462)
Deleting semid=360463.
ipcrm: invalid id (360482)
ipcrm: invalid id (360491)
Deleting semid=360483.
ipcrm: invalid id (360468)
Deleting semid=360469.
ipcrm: invalid id (360475)
Deleting semid=360476.
ipcrm: invalid id (360463)
Deleting semid=360464.
ipcrm: invalid id (360483)
Deleting semid=360484.
ipcrm: invalid id (360469)
ipcrm: invalid id (360476)
Deleting semid=360470.
Deleting semid=360477.
ipcrm: invalid id (360464)
Deleting semid=360465.
ipcrm: invalid id (360484)
Deleting semid=360485.
ipcrm: invalid id (360470)
ipcrm: invalid id (360477)
Deleting semid=360471.
Deleting semid=360478.
ipcrm: invalid id (360465)
Deleting semid=360466.
ipcrm: invalid id (360461)
Deleting semid=360462.
ipcrm: invalid id (360485)
Deleting semid=360486.
ipcrm: invalid id (360471)
ipcrm: invalid id (360478)
Deleting semid=360472.
Deleting semid=360479.
ipcrm: invalid id (360466)
Deleting semid=360467.
ipcrm: invalid id (360462)
Deleting semid=360463.
ipcrm: invalid id (360486)
Deleting semid=360487.
ipcrm: invalid id (360479)
ipcrm: invalid id (360472)
Deleting semid=360480.
Deleting semid=360473.
ipcrm: invalid id (360467)
Deleting semid=360468.
ipcrm: invalid id (360463)
Deleting semid=360464.
ipcrm: invalid id (360487)
Deleting semid=360488.
ipcrm: invalid id (360473)
ipcrm: invalid id (360480)
Deleting semid=360481.
Deleting semid=360474.
ipcrm: invalid id (360468)
Deleting semid=360469.
ipcrm: invalid id (360464)
Deleting semid=360465.
ipcrm: invalid id (360461)
Deleting semid=360462.
ipcrm: invalid id (360474)
ipcrm: invalid id (360481)
ipcrm: invalid id (360488)
Deleting semid=360482.
Deleting semid=360475.
ipcrm: invalid id (360469)
Deleting semid=360489.
Deleting semid=360470.
ipcrm: invalid id (360465)
Deleting semid=360466.
ipcrm: invalid id (360462)
Deleting semid=360463.
ipcrm: invalid id (360475)
ipcrm: invalid id (360482)
Deleting semid=360476.
Deleting semid=360483.
ipcrm: invalid id (360470)
Deleting semid=360471.
ipcrm: invalid id (360489)
Deleting semid=360490.
ipcrm: invalid id (360466)
Deleting semid=360467.
ipcrm: invalid id (360463)
Deleting semid=360464.
ipcrm: invalid id (360476)
ipcrm: invalid id (360483)
Deleting semid=360477.
Deleting semid=360484.
ipcrm: invalid id (360471)
Deleting semid=360472.
ipcrm: invalid id (360490)
Deleting semid=360491.
ipcrm: invalid id (360467)
Deleting semid=360468.
ipcrm: invalid id (360464)
Deleting semid=360465.
ipcrm: invalid id (360461)
Deleting semid=360462.
ipcrm: invalid id (360477)
ipcrm: invalid id (360484)
Deleting semid=360478.
Deleting semid=360485.
ipcrm: invalid id (360472)
Deleting semid=360473.
ipcrm: invalid id (360491)
ipcrm: invalid id (360468)
Deleting semid=360469.
ipcrm: invalid id (360465)
Deleting semid=360466.
ipcrm: invalid id (360462)
Deleting semid=360463.
ipcrm: invalid id (360478)
Deleting semid=360479.
ipcrm: invalid id (360485)
Deleting semid=360486.
ipcrm: invalid id (360473)
Deleting semid=360474.
ipcrm: invalid id (360469)
Deleting semid=360470.
ipcrm: invalid id (360466)
Deleting semid=360467.
ipcrm: invalid id (360463)
Deleting semid=360464.
ipcrm: invalid id (360479)
Deleting semid=360480.
ipcrm: invalid id (360486)
Deleting semid=360487.
ipcrm: invalid id (360474)
Deleting semid=360475.
ipcrm: invalid id (360470)
Deleting semid=360471.
ipcrm: invalid id (360467)
Deleting semid=360468.
ipcrm: invalid id (360464)
Deleting semid=360465.
ipcrm: invalid id (360480)
Deleting semid=360481.
ipcrm: invalid id (360487)
Deleting semid=360488.
ipcrm: invalid id (360475)
Deleting semid=360476.
ipcrm: invalid id (360461)
Deleting semid=360462.
ipcrm: invalid id (360471)
Deleting semid=360472.
ipcrm: invalid id (360468)
Deleting semid=360469.
ipcrm: invalid id (360465)
Deleting semid=360466.
ipcrm: invalid id (360481)
Deleting semid=360482.
ipcrm: invalid id (360488)
Deleting semid=360489.
ipcrm: invalid id (360476)
Deleting semid=360477.
ipcrm: invalid id (360462)
Deleting semid=360463.
ipcrm: invalid id (360472)
Deleting semid=360473.
ipcrm: invalid id (360469)
Deleting semid=360470.
ipcrm: invalid id (360466)
Deleting semid=360467.
ipcrm: invalid id (360482)
Deleting semid=360483.
ipcrm: invalid id (360489)
Deleting semid=360490.
ipcrm: invalid id (360477)
Deleting semid=360478.
ipcrm: invalid id (360463)
Deleting semid=360464.
ipcrm: invalid id (360473)
Deleting semid=360474.
ipcrm: invalid id (360470)
Deleting semid=360471.
ipcrm: invalid id (360467)
Deleting semid=360468.
ipcrm: invalid id (360483)
Deleting semid=360484.
ipcrm: invalid id (360490)
Deleting semid=360491.
ipcrm: invalid id (360478)
Deleting semid=360479.
ipcrm: invalid id (360464)
Deleting semid=360465.
ipcrm: invalid id (360474)
Deleting semid=360475.
ipcrm: invalid id (360471)
Deleting semid=360472.
ipcrm: invalid id (360468)
Deleting semid=360469.
ipcrm: invalid id (360484)
Deleting semid=360485.
ipcrm: invalid id (360491)
ipcrm: invalid id (360479)
Deleting semid=360480.
ipcrm: invalid id (360465)
ipcrm: invalid id (360461)
Deleting semid=360466.
Deleting semid=360462.
ipcrm: invalid id (360475)
Deleting semid=360476.
ipcrm: invalid id (360472)
Deleting semid=360473.
ipcrm: invalid id (360469)
Deleting semid=360470.
ipcrm: invalid id (360485)
Deleting semid=360486.
ipcrm: invalid id (360480)
Deleting semid=360481.
ipcrm: invalid id (360466)
ipcrm: invalid id (360462)
Deleting semid=360467.
Deleting semid=360463.
ipcrm: invalid id (360476)
Deleting semid=360477.
ipcrm: invalid id (360473)
Deleting semid=360474.
ipcrm: invalid id (360470)
Deleting semid=360471.
ipcrm: invalid id (360486)
Deleting semid=360487.
ipcrm: invalid id (360481)
Deleting semid=360482.
ipcrm: invalid id (360463)
ipcrm: invalid id (360467)
Deleting semid=360464.
Deleting semid=360468.
ipcrm: invalid id (360477)
Deleting semid=360478.
ipcrm: invalid id (360474)
Deleting semid=360475.
ipcrm: invalid id (360471)
Deleting semid=360472.
ipcrm: invalid id (360487)
Deleting semid=360488.
ipcrm: invalid id (360482)
Deleting semid=360483.
ipcrm: invalid id (360464)
ipcrm: invalid id (360468)
Deleting semid=360465.
Deleting semid=360469.
ipcrm: invalid id (360478)
Deleting semid=360479.
ipcrm: invalid id (360475)
Deleting semid=360476.
ipcrm: invalid id (360472)
Deleting semid=360473.
ipcrm: invalid id (360488)
Deleting semid=360489.
ipcrm: invalid id (360483)
Deleting semid=360484.
ipcrm: invalid id (360465)
ipcrm: invalid id (360469)
Deleting semid=360466.
Deleting semid=360470.
ipcrm: invalid id (360479)
Deleting semid=360480.
ipcrm: invalid id (360476)
Deleting semid=360477.
ipcrm: invalid id (360473)
Deleting semid=360474.
ipcrm: invalid id (360489)
Deleting semid=360490.
ipcrm: invalid id (360484)
Deleting semid=360485.
ipcrm: invalid id (360470)
ipcrm: invalid id (360466)
Deleting semid=360467.
Deleting semid=360471.
ipcrm: invalid id (360480)
Deleting semid=360481.
ipcrm: invalid id (360461)
Deleting semid=360462.
ipcrm: invalid id (360477)
Deleting semid=360478.
ipcrm: invalid id (360474)
Deleting semid=360475.
ipcrm: invalid id (360490)
Deleting semid=360491.
ipcrm: invalid id (360485)
Deleting semid=360486.
ipcrm: invalid id (360467)
ipcrm: invalid id (360471)
Deleting semid=360468.
Deleting semid=360472.
ipcrm: invalid id (360481)
Deleting semid=360482.
ipcrm: invalid id (360462)
Deleting semid=360463.
ipcrm: invalid id (360478)
Deleting semid=360479.
ipcrm: invalid id (360475)
Deleting semid=360476.
ipcrm: invalid id (360491)
ipcrm: invalid id (360486)
Deleting semid=360487.
ipcrm: invalid id (360472)
ipcrm: invalid id (360468)
Deleting semid=360473.
Deleting semid=360469.
ipcrm: invalid id (360482)
Deleting semid=360483.
ipcrm: invalid id (360463)
Deleting semid=360464.
ipcrm: invalid id (360479)
Deleting semid=360480.
ipcrm: invalid id (360476)
Deleting semid=360477.
ipcrm: invalid id (360487)
Deleting semid=360488.
ipcrm: invalid id (360473)
ipcrm: invalid id (360469)
Deleting semid=360474.
Deleting semid=360470.
ipcrm: invalid id (360483)
Deleting semid=360484.
ipcrm: invalid id (360464)
Deleting semid=360465.
ipcrm: invalid id (360480)
Deleting semid=360481.
ipcrm: invalid id (360477)
Deleting semid=360478.
ipcrm: invalid id (360488)
Deleting semid=360489.
ipcrm: invalid id (360474)
ipcrm: invalid id (360470)
Deleting semid=360475.
Deleting semid=360471.
ipcrm: invalid id (360484)
Deleting semid=360485.
ipcrm: invalid id (360465)
Deleting semid=360466.
ipcrm: invalid id (360481)
Deleting semid=360482.
ipcrm: invalid id (360478)
Deleting semid=360479.
ipcrm: invalid id (360489)
Deleting semid=360490.
ipcrm: invalid id (360471)
ipcrm: invalid id (360475)
Deleting semid=360472.
Deleting semid=360476.
ipcrm: invalid id (360485)
Deleting semid=360486.
ipcrm: invalid id (360466)
Deleting semid=360467.
ipcrm: invalid id (360482)
Deleting semid=360483.
ipcrm: invalid id (360479)
Deleting semid=360480.
ipcrm: invalid id (360490)
Deleting semid=360491.
ipcrm: invalid id (360476)
ipcrm: invalid id (360472)
Deleting semid=360477.
Deleting semid=360473.
ipcrm: invalid id (360486)
Deleting semid=360487.
ipcrm: invalid id (360467)
Deleting semid=360468.
ipcrm: invalid id (360483)
Deleting semid=360484.
ipcrm: invalid id (360480)
Deleting semid=360481.
ipcrm: invalid id (360491)
ipcrm: invalid id (360461)
Deleting semid=360462.
ipcrm: invalid id (360462)
Deleting semid=360463.
ipcrm: invalid id (360462)
Deleting semid=360463.
ipcrm: invalid id (360462)
Deleting semid=360463.
ipcrm: invalid id (360462)
Deleting semid=360463.
ipcrm: invalid id (360462)
Deleting semid=360463.
ipcrm: invalid id (360462)
Deleting semid=360463.
ipcrm: invalid id (360462)
Deleting semid=360463.
ipcrm: invalid id (360462)
Deleting semid=360463.
ipcrm: invalid id (360462)
Deleting semid=360463.
ipcrm: invalid id (360477)
Deleting semid=360478.
ipcrm: invalid id (360463)
Deleting semid=360464.
ipcrm: invalid id (360462)
Deleting semid=360463.
ipcrm: invalid id (360463)
Deleting semid=360464.
ipcrm: invalid id (360463)
Deleting semid=360464.
ipcrm: invalid id (360463)
Deleting semid=360464.
ipcrm: invalid id (360463)
Deleting semid=360464.
ipcrm: invalid id (360461)
ipcrm: invalid id (360463)
Deleting semid=360464.
Deleting semid=360462.
ipcrm: invalid id (360463)
Deleting semid=360464.
ipcrm: invalid id (360463)
ipcrm: invalid id (360463)
Deleting semid=360464.
Deleting semid=360464.
ipcrm: invalid id (360478)
Deleting semid=360479.
ipcrm: invalid id (360464)
Deleting semid=360465.
ipcrm: invalid id (360463)
Deleting semid=360464.
ipcrm: invalid id (360464)
Deleting semid=360465.
ipcrm: invalid id (360464)
Deleting semid=360465.
ipcrm: invalid id (360464)
Deleting semid=360465.
ipcrm: invalid id (360468)
Deleting semid=360469.
ipcrm: invalid id (360464)
ipcrm: invalid id (360464)
Deleting semid=360465.
Deleting semid=360465.
ipcrm: invalid id (360462)
Deleting semid=360463.
ipcrm: invalid id (360464)
Deleting semid=360465.
ipcrm: invalid id (360464)
ipcrm: invalid id (360464)
Deleting semid=360465.
Deleting semid=360465.
ipcrm: invalid id (360479)
Deleting semid=360480.
ipcrm: invalid id (360465)
Deleting semid=360466.
ipcrm: invalid id (360464)
Deleting semid=360465.
ipcrm: invalid id (360465)
Deleting semid=360466.
ipcrm: invalid id (360465)
Deleting semid=360466.
ipcrm: invalid id (360465)
Deleting semid=360466.
ipcrm: invalid id (360469)
Deleting semid=360470.
ipcrm: invalid id (360465)
ipcrm: invalid id (360465)
Deleting semid=360466.
ipcrm: invalid id (360463)
Deleting semid=360466.
Deleting semid=360464.
ipcrm: invalid id (360465)
Deleting semid=360466.
ipcrm: invalid id (360465)
ipcrm: invalid id (360465)
Deleting semid=360466.
Deleting semid=360466.
ipcrm: invalid id (360480)
Deleting semid=360481.
ipcrm: invalid id (360466)
Deleting semid=360467.
ipcrm: invalid id (360465)
Deleting semid=360466.
ipcrm: invalid id (360484)
Deleting semid=360485.
ipcrm: invalid id (360466)
ipcrm: invalid id (360466)
Deleting semid=360467.
Deleting semid=360467.
ipcrm: invalid id (360466)
Deleting semid=360467.
ipcrm: invalid id (360470)
ipcrm: invalid id (360466)
ipcrm: invalid id (360466)
ipcrm: invalid id (360464)
Deleting semid=360471.
Deleting semid=360467.
Deleting semid=360467.
Deleting semid=360465.
ipcrm: invalid id (360466)
Deleting semid=360467.
ipcrm: invalid id (360466)
Deleting semid=360467.
ipcrm: invalid id (360466)
Deleting semid=360467.
ipcrm: invalid id (360481)
Deleting semid=360482.
ipcrm: invalid id (360467)
Deleting semid=360468.
ipcrm: invalid id (360466)
Deleting semid=360467.
ipcrm: invalid id (360485)
Deleting semid=360486.
ipcrm: invalid id (360467)
ipcrm: invalid id (360467)
Deleting semid=360468.
Deleting semid=360468.
ipcrm: invalid id (360467)
Deleting semid=360468.
ipcrm: invalid id (360467)
ipcrm: invalid id (360467)
Deleting semid=360468.
Deleting semid=360468.
ipcrm: invalid id (360471)
ipcrm: invalid id (360465)
Deleting semid=360472.
Deleting semid=360466.
ipcrm: invalid id (360467)
Deleting semid=360468.
ipcrm: invalid id (360467)
Deleting semid=360468.
ipcrm: invalid id (360467)
Deleting semid=360468.
ipcrm: invalid id (360468)
ipcrm: invalid id (360482)
Deleting semid=360469.
Deleting semid=360483.
ipcrm: invalid id (360467)
Deleting semid=360468.
ipcrm: invalid id (360486)
Deleting semid=360487.
ipcrm: invalid id (360468)
ipcrm: invalid id (360468)
Deleting semid=360469.
Deleting semid=360469.
ipcrm: invalid id (360468)
Deleting semid=360469.
ipcrm: invalid id (360468)
Deleting semid=360469.
ipcrm: invalid id (360468)
Deleting semid=360469.
ipcrm: invalid id (360472)
ipcrm: invalid id (360466)
Deleting semid=360473.
Deleting semid=360467.
ipcrm: invalid id (360468)
Deleting semid=360469.
ipcrm: invalid id (360468)
Deleting semid=360469.
ipcrm: invalid id (360468)
Deleting semid=360469.
ipcrm: invalid id (360483)
ipcrm: invalid id (360469)
Deleting semid=360484.
Deleting semid=360470.
ipcrm: invalid id (360468)
Deleting semid=360469.
ipcrm: invalid id (360487)
Deleting semid=360488.
ipcrm: invalid id (360469)
ipcrm: invalid id (360469)
Deleting semid=360470.
Deleting semid=360470.
ipcrm: invalid id (360469)
Deleting semid=360470.
ipcrm: invalid id (360469)
ipcrm: invalid id (360481)
Deleting semid=360470.
Deleting semid=360482.
ipcrm: invalid id (360469)
Deleting semid=360470.
ipcrm: invalid id (360482)
ipcrm: invalid id (360470)
Deleting semid=360483.
Deleting semid=360471.
ipcrm: invalid id (360470)
Deleting semid=360471.
ipcrm: invalid id (360470)
Deleting semid=360471.
ipcrm: invalid id (360471)
Deleting semid=360472.
ipcrm: invalid id (360483)
ipcrm: invalid id (360471)
Deleting semid=360484.
Deleting semid=360472.
ipcrm: invalid id (360471)
Deleting semid=360472.
ipcrm: invalid id (360472)
ipcrm: invalid id (360484)
ipcrm: invalid id (360472)
Deleting semid=360473.
Deleting semid=360485.
Deleting semid=360473.
ipcrm: invalid id (360472)
Deleting semid=360473.
ipcrm: invalid id (360473)
ipcrm: invalid id (360473)
Deleting semid=360474.
ipcrm: invalid id (360485)
Deleting semid=360474.
Deleting semid=360486.
ipcrm: invalid id (360473)
Deleting semid=360474.
ipcrm: invalid id (360474)
Deleting semid=360475.
ipcrm: invalid id (360486)
ipcrm: invalid id (360474)
Deleting semid=360487.
Deleting semid=360475.
ipcrm: invalid id (360474)
Deleting semid=360475.
ipcrm: invalid id (360475)
ipcrm: invalid id (360475)
Deleting semid=360476.
ipcrm: invalid id (360487)
Deleting semid=360476.
Deleting semid=360488.
ipcrm: invalid id (360475)
Deleting semid=360476.
ipcrm: invalid id (360476)
Deleting semid=360477.
ipcrm: invalid id (360476)
ipcrm: invalid id (360488)
Deleting semid=360477.
Deleting semid=360489.
ipcrm: invalid id (360476)
Deleting semid=360477.
ipcrm: invalid id (360473)
Deleting semid=360474.
ipcrm: invalid id (360477)
Deleting semid=360478.
ipcrm: invalid id (360477)
ipcrm: invalid id (360489)
Deleting semid=360478.
Deleting semid=360490.
ipcrm: invalid id (360477)
Deleting semid=360478.
ipcrm: invalid id (360474)
Deleting semid=360475.
ipcrm: invalid id (360478)
Deleting semid=360479.
ipcrm: invalid id (360490)
ipcrm: invalid id (360478)
Deleting semid=360491.
Deleting semid=360479.
ipcrm: invalid id (360478)
Deleting semid=360479.
ipcrm: invalid id (360475)
Deleting semid=360476.
ipcrm: invalid id (360479)
Deleting semid=360480.
ipcrm: invalid id (360491)
ipcrm: invalid id (360479)
Deleting semid=360480.
ipcrm: invalid id (360479)
Deleting semid=360480.
ipcrm: invalid id (360476)
Deleting semid=360477.
ipcrm: invalid id (360480)
Deleting semid=360481.
ipcrm: invalid id (360480)
Deleting semid=360481.
ipcrm: invalid id (360480)
Deleting semid=360481.
ipcrm: invalid id (360477)
Deleting semid=360478.
ipcrm: invalid id (360481)
Deleting semid=360482.
ipcrm: invalid id (360481)
Deleting semid=360482.
ipcrm: invalid id (360478)
Deleting semid=360479.
ipcrm: invalid id (360481)
Deleting semid=360482.
ipcrm: invalid id (360482)
Deleting semid=360483.
ipcrm: invalid id (360482)
Deleting semid=360483.
ipcrm: invalid id (360479)
Deleting semid=360480.
ipcrm: invalid id (360482)
Deleting semid=360483.
ipcrm: invalid id (360483)
Deleting semid=360484.
ipcrm: invalid id (360483)
Deleting semid=360484.
ipcrm: invalid id (360480)
Deleting semid=360481.
ipcrm: invalid id (360487)
Deleting semid=360488.
ipcrm: invalid id (360483)
Deleting semid=360484.
ipcrm: invalid id (360484)
Deleting semid=360485.
ipcrm: invalid id (360484)
Deleting semid=360485.
ipcrm: invalid id (360481)
Deleting semid=360482.
ipcrm: invalid id (360488)
Deleting semid=360489.
ipcrm: invalid id (360484)
Deleting semid=360485.
ipcrm: invalid id (360485)
Deleting semid=360486.
ipcrm: invalid id (360485)
Deleting semid=360486.
ipcrm: invalid id (360482)
Deleting semid=360483.
ipcrm: invalid id (360489)
Deleting semid=360490.
ipcrm: invalid id (360486)
Deleting semid=360487.
ipcrm: invalid id (360486)
ipcrm: invalid id (360485)
Deleting semid=360487.
Deleting semid=360486.
ipcrm: invalid id (360483)
Deleting semid=360484.
ipcrm: invalid id (360490)
Deleting semid=360491.
ipcrm: invalid id (360487)
Deleting semid=360488.
ipcrm: invalid id (360487)
Deleting semid=360488.
ipcrm: invalid id (360486)
Deleting semid=360487.
ipcrm: invalid id (360484)
Deleting semid=360485.
ipcrm: invalid id (360491)
ipcrm: invalid id (360488)
Deleting semid=360489.
ipcrm: invalid id (360488)
Deleting semid=360489.
ipcrm: invalid id (360487)
Deleting semid=360488.
ipcrm: invalid id (360485)
Deleting semid=360486.
ipcrm: invalid id (360489)
Deleting semid=360490.
ipcrm: invalid id (360489)
Deleting semid=360490.
ipcrm: invalid id (360488)
Deleting semid=360489.
ipcrm: invalid id (360486)
Deleting semid=360487.
ipcrm: invalid id (360470)
Deleting semid=360471.
ipcrm: invalid id (360490)
Deleting semid=360491.
ipcrm: invalid id (360490)
Deleting semid=360491.
ipcrm: invalid id (360489)
Deleting semid=360490.
ipcrm: invalid id (360487)
Deleting semid=360488.
ipcrm: invalid id (360471)
Deleting semid=360472.
ipcrm: invalid id (360491)
ipcrm: invalid id (360491)
ipcrm: invalid id (360490)
Deleting semid=360491.
ipcrm: invalid id (360488)
Deleting semid=360489.
ipcrm: invalid id (360472)
Deleting semid=360473.
ipcrm: invalid id (360491)
ipcrm: invalid id (360489)
Deleting semid=360490.
ipcrm: invalid id (360473)
Deleting semid=360474.
ipcrm: invalid id (360490)
Deleting semid=360491.
ipcrm: invalid id (360474)
Deleting semid=360475.
ipcrm: invalid id (360469)
Deleting semid=360470.
ipcrm: invalid id (360491)
ipcrm: invalid id (360475)
Deleting semid=360476.
ipcrm: invalid id (360470)
Deleting semid=360471.
ipcrm: invalid id (360476)
Deleting semid=360477.
ipcrm: invalid id (360471)
Deleting semid=360472.
ipcrm: invalid id (360477)
Deleting semid=360478.
ipcrm: invalid id (360472)
Deleting semid=360473.
ipcrm: invalid id (360484)
Deleting semid=360485.
ipcrm: invalid id (360478)
Deleting semid=360479.
ipcrm: invalid id (360473)
Deleting semid=360474.
ipcrm: invalid id (360485)
Deleting semid=360486.
ipcrm: invalid id (360469)
Deleting semid=360470.
ipcrm: invalid id (360479)
Deleting semid=360480.
ipcrm: invalid id (360474)
Deleting semid=360475.
ipcrm: invalid id (360469)
Deleting semid=360470.
ipcrm: invalid id (360486)
Deleting semid=360487.
ipcrm: invalid id (360470)
Deleting semid=360471.
ipcrm: invalid id (360488)
Deleting semid=360489.
ipcrm: invalid id (360469)
Deleting semid=360470.
ipcrm: invalid id (360480)
ipcrm: invalid id (360475)
Deleting semid=360481.
Deleting semid=360476.
ipcrm: invalid id (360470)
Deleting semid=360471.
ipcrm: invalid id (360487)
Deleting semid=360488.
ipcrm: invalid id (360471)
Deleting semid=360472.
ipcrm: invalid id (360470)
Deleting semid=360471.
ipcrm: invalid id (360489)
ipcrm: invalid id (360473)
Deleting semid=360490.
Deleting semid=360474.
ipcrm: invalid id (360470)
Deleting semid=360471.
ipcrm: invalid id (360476)
ipcrm: invalid id (360481)
ipcrm: invalid id (360471)
Deleting semid=360477.
Deleting semid=360482.
Deleting semid=360472.
ipcrm: invalid id (360488)
Deleting semid=360489.
ipcrm: invalid id (360472)
Deleting semid=360473.
ipcrm: invalid id (360467)
Deleting semid=360468.
ipcrm: invalid id (360474)
ipcrm: invalid id (360490)
ipcrm: invalid id (360471)
Deleting semid=360475.
Deleting semid=360491.
Deleting semid=360472.
ipcrm: invalid id (360471)
Deleting semid=360472.
ipcrm: invalid id (360477)
Deleting semid=360478.
ipcrm: invalid id (360472)
Deleting semid=360473.
ipcrm: invalid id (360489)
Deleting semid=360490.
ipcrm: invalid id (360482)
Deleting semid=360483.
ipcrm: invalid id (360473)
Deleting semid=360474.
ipcrm: invalid id (360468)
Deleting semid=360469.
ipcrm: invalid id (360470)
Deleting semid=360471.
ipcrm: invalid id (360475)
ipcrm: invalid id (360491)
Deleting semid=360476.
ipcrm: invalid id (360472)
Deleting semid=360473.
ipcrm: invalid id (360472)
Deleting semid=360473.
ipcrm: invalid id (360478)
ipcrm: invalid id (360473)
Deleting semid=360479.
Deleting semid=360474.
ipcrm: invalid id (360490)
Deleting semid=360491.
ipcrm: invalid id (360483)
ipcrm: invalid id (360474)
Deleting semid=360475.
Deleting semid=360484.
ipcrm: invalid id (360469)
Deleting semid=360470.
ipcrm: invalid id (360471)
Deleting semid=360472.
ipcrm: invalid id (360476)
Deleting semid=360477.
ipcrm: invalid id (360473)
Deleting semid=360474.
ipcrm: invalid id (360473)
Deleting semid=360474.
ipcrm: invalid id (360479)
ipcrm: invalid id (360474)
Deleting semid=360480.
Deleting semid=360475.
ipcrm: invalid id (360491)
ipcrm: invalid id (360475)
Deleting semid=360476.
ipcrm: invalid id (360484)
ipcrm: invalid id (360470)
Deleting semid=360485.
Deleting semid=360471.
ipcrm: invalid id (360472)
Deleting semid=360473.
ipcrm: invalid id (360477)
Deleting semid=360478.
ipcrm: invalid id (360474)
ipcrm: invalid id (360474)
Deleting semid=360475.
Deleting semid=360475.
ipcrm: invalid id (360480)
ipcrm: invalid id (360475)
Deleting semid=360481.
Deleting semid=360476.
ipcrm: invalid id (360476)
Deleting semid=360477.
ipcrm: invalid id (360471)
Deleting semid=360472.
ipcrm: invalid id (360485)
Deleting semid=360486.
ipcrm: invalid id (360473)
Deleting semid=360474.
ipcrm: invalid id (360478)
Deleting semid=360479.
ipcrm: invalid id (360475)
Deleting semid=360476.
ipcrm: invalid id (360475)
Deleting semid=360476.
ipcrm: invalid id (360481)
ipcrm: invalid id (360476)
Deleting semid=360482.
Deleting semid=360477.
ipcrm: invalid id (360477)
Deleting semid=360478.
ipcrm: invalid id (360472)
Deleting semid=360473.
ipcrm: invalid id (360474)
Deleting semid=360475.
ipcrm: invalid id (360486)
Deleting semid=360487.
ipcrm: invalid id (360479)
Deleting semid=360480.
ipcrm: invalid id (360476)
Deleting semid=360477.
ipcrm: invalid id (360477)
Deleting semid=360478.
ipcrm: invalid id (360482)
ipcrm: invalid id (360476)
Deleting semid=360483.
Deleting semid=360477.
ipcrm: invalid id (360478)
Deleting semid=360479.
ipcrm: invalid id (360473)
Deleting semid=360474.
ipcrm: invalid id (360475)
Deleting semid=360476.
ipcrm: invalid id (360487)
ipcrm: invalid id (360480)
Deleting semid=360488.
Deleting semid=360481.
ipcrm: invalid id (360477)
Deleting semid=360478.
ipcrm: invalid id (360478)
ipcrm: invalid id (360483)
Deleting semid=360479.
Deleting semid=360484.
ipcrm: invalid id (360477)
Deleting semid=360478.
ipcrm: invalid id (360479)
Deleting semid=360480.
ipcrm: invalid id (360474)
Deleting semid=360475.
ipcrm: invalid id (360476)
Deleting semid=360477.
ipcrm: invalid id (360481)
Deleting semid=360482.
ipcrm: invalid id (360488)
Deleting semid=360489.
ipcrm: invalid id (360478)
Deleting semid=360479.
ipcrm: invalid id (360479)
ipcrm: invalid id (360484)
Deleting semid=360480.
Deleting semid=360485.
ipcrm: invalid id (360478)
ipcrm: invalid id (360480)
Deleting semid=360479.
Deleting semid=360481.
ipcrm: invalid id (360475)
Deleting semid=360476.
ipcrm: invalid id (360477)
Deleting semid=360478.
ipcrm: invalid id (360482)
Deleting semid=360483.
ipcrm: invalid id (360489)
Deleting semid=360490.
ipcrm: invalid id (360479)
Deleting semid=360480.
ipcrm: invalid id (360480)
Deleting semid=360481.
ipcrm: invalid id (360485)
Deleting semid=360486.
ipcrm: invalid id (360481)
Deleting semid=360482.
ipcrm: invalid id (360479)
Deleting semid=360480.
ipcrm: invalid id (360476)
Deleting semid=360477.
ipcrm: invalid id (360478)
Deleting semid=360479.
ipcrm: invalid id (360483)
Deleting semid=360484.
ipcrm: invalid id (360490)
Deleting semid=360491.
ipcrm: invalid id (360480)
Deleting semid=360481.
ipcrm: invalid id (360481)
Deleting semid=360482.
ipcrm: invalid id (360486)
Deleting semid=360487.
ipcrm: invalid id (360482)
Deleting semid=360483.
ipcrm: invalid id (360477)
Deleting semid=360478.
ipcrm: invalid id (360480)
ipcrm: invalid id (360479)
Deleting semid=360481.
Deleting semid=360480.
ipcrm: invalid id (360484)
Deleting semid=360485.
ipcrm: invalid id (360491)
ipcrm: invalid id (360481)
Deleting semid=360482.
ipcrm: invalid id (360482)
Deleting semid=360483.
ipcrm: invalid id (360487)
Deleting semid=360488.
ipcrm: invalid id (360483)
Deleting semid=360484.
ipcrm: invalid id (360478)
Deleting semid=360479.
ipcrm: invalid id (360480)
Deleting semid=360481.
ipcrm: invalid id (360481)
Deleting semid=360482.
ipcrm: invalid id (360485)
Deleting semid=360486.
ipcrm: invalid id (360482)
Deleting semid=360483.
ipcrm: invalid id (360483)
Deleting semid=360484.
ipcrm: invalid id (360488)
Deleting semid=360489.
ipcrm: invalid id (360484)
Deleting semid=360485.
ipcrm: invalid id (360479)
Deleting semid=360480.
ipcrm: invalid id (360481)
Deleting semid=360482.
ipcrm: invalid id (360486)
Deleting semid=360487.
ipcrm: invalid id (360482)
Deleting semid=360483.
ipcrm: invalid id (360483)
Deleting semid=360484.
ipcrm: invalid id (360484)
Deleting semid=360485.
ipcrm: invalid id (360489)
Deleting semid=360490.
ipcrm: invalid id (360485)
Deleting semid=360486.
ipcrm: invalid id (360480)
Deleting semid=360481.
ipcrm: invalid id (360482)
Deleting semid=360483.
ipcrm: invalid id (360487)
Deleting semid=360488.
ipcrm: invalid id (360483)
ipcrm: invalid id (360484)
Deleting semid=360484.
Deleting semid=360485.
ipcrm: invalid id (360485)
Deleting semid=360486.
ipcrm: invalid id (360490)
Deleting semid=360491.
ipcrm: invalid id (360486)
Deleting semid=360487.
ipcrm: invalid id (360481)
Deleting semid=360482.
ipcrm: invalid id (360483)
Deleting semid=360484.
ipcrm: invalid id (360488)
Deleting semid=360489.
ipcrm: invalid id (360485)
Deleting semid=360486.
ipcrm: invalid id (360484)
Deleting semid=360485.
ipcrm: invalid id (360484)
Deleting semid=360485.
ipcrm: invalid id (360489)
Deleting semid=360490.
ipcrm: invalid id (360486)
Deleting semid=360487.
ipcrm: invalid id (360485)
Deleting semid=360486.
ipcrm: invalid id (360485)
Deleting semid=360486.
ipcrm: invalid id (360490)
Deleting semid=360491.
ipcrm: invalid id (360487)
Deleting semid=360488.
ipcrm: invalid id (360487)
Deleting semid=360488.
ipcrm: invalid id (360486)
Deleting semid=360487.
ipcrm: invalid id (360486)
Deleting semid=360487.
ipcrm: invalid id (360491)
ipcrm: invalid id (360488)
Deleting semid=360489.
ipcrm: invalid id (360488)
Deleting semid=360489.
ipcrm: invalid id (360487)
Deleting semid=360488.
ipcrm: invalid id (360487)
Deleting semid=360488.
ipcrm: invalid id (360489)
Deleting semid=360490.
ipcrm: invalid id (360489)
Deleting semid=360490.
ipcrm: invalid id (360488)
Deleting semid=360489.
ipcrm: invalid id (360488)
Deleting semid=360489.
ipcrm: invalid id (360490)
Deleting semid=360491.
ipcrm: invalid id (360490)
Deleting semid=360491.
ipcrm: invalid id (360489)
Deleting semid=360490.
ipcrm: invalid id (360489)
Deleting semid=360490.
ipcrm: invalid id (360491)
ipcrm: invalid id (360491)
ipcrm: invalid id (360490)
ipcrm: invalid id (360490)
Deleting semid=360491.
Deleting semid=360491.
ipcrm: invalid id (360491)
ipcrm: invalid id (360491)
ipcrm: invalid id (360486)
Deleting semid=360487.
ipcrm: invalid id (360487)
Deleting semid=360488.
ipcrm: invalid id (360488)
Deleting semid=360489.
ipcrm: invalid id (360489)
Deleting semid=360490.
ipcrm: invalid id (360490)
Deleting semid=360491.
ipcrm: invalid id (360482)
Deleting semid=360483.
ipcrm: invalid id (360491)
ipcrm: invalid id (360491)
ipcrm: invalid id (360483)
Deleting semid=360484.
ipcrm: invalid id (360484)
Deleting semid=360485.
ipcrm: invalid id (360485)
Deleting semid=360486.
ipcrm: invalid id (360486)
Deleting semid=360487.
ipcrm: invalid id (360487)
Deleting semid=360488.
ipcrm: invalid id (360488)
Deleting semid=360489.
ipcrm: invalid id (360489)
Deleting semid=360490.
ipcrm: invalid id (360490)
Deleting semid=360491.
ipcrm: invalid id (360491)
srun --mpi=pmix -N 1 -n 32 --ntasks-per-node=32 --export=ALL --cpu-bind verbose,cores   /mnt/lustre/koa/lab/tsqc_group/installed_software/gms_mpi_noDS/gamess.00.x >& /mnt/lustre/koa/lab/tsqc_group/tsatta/lorea/fmo_1res_ligfrag/kb_01/2i0d_kb_01_FMO2DFTB4H_SPE_rank29.log
ls: cannot access 'JOB.12960776.*': No such file or directory
2i0d_kb_01_FMO2DFTB4H_SPE_rank3.inp
srun --mpi=pmix -N 1 -n 32 --ntasks-per-node=32 --export=ALL --cpu-bind verbose,cores   /mnt/lustre/koa/lab/tsqc_group/installed_software/gms_mpi_noDS/gamess.00.x >& /mnt/lustre/koa/lab/tsqc_group/tsatta/lorea/fmo_1res_ligfrag/kb_01/2i0d_kb_01_FMO2DFTB4H_SPE_rank3.log
ls: cannot access 'JOB.12960776.*': No such file or directory
2i0d_kb_01_FMO2DFTB4H_SPE_rank30.inp
srun --mpi=pmix -N 1 -n 32 --ntasks-per-node=32 --export=ALL --cpu-bind verbose,cores   /mnt/lustre/koa/lab/tsqc_group/installed_software/gms_mpi_noDS/gamess.00.x >& /mnt/lustre/koa/lab/tsqc_group/tsatta/lorea/fmo_1res_ligfrag/kb_01/2i0d_kb_01_FMO2DFTB4H_SPE_rank30.log
ls: cannot access 'JOB.12960776.*': No such file or directory
2i0d_kb_01_FMO2DFTB4H_SPE_rank4.inp
srun --mpi=pmix -N 1 -n 32 --ntasks-per-node=32 --export=ALL --cpu-bind verbose,cores   /mnt/lustre/koa/lab/tsqc_group/installed_software/gms_mpi_noDS/gamess.00.x >& /mnt/lustre/koa/lab/tsqc_group/tsatta/lorea/fmo_1res_ligfrag/kb_01/2i0d_kb_01_FMO2DFTB4H_SPE_rank4.log
ls: cannot access 'JOB.12960776.*': No such file or directory
2i0d_kb_01_FMO2DFTB4H_SPE_rank5.inp
srun --mpi=pmix -N 1 -n 32 --ntasks-per-node=32 --export=ALL --cpu-bind verbose,cores   /mnt/lustre/koa/lab/tsqc_group/installed_software/gms_mpi_noDS/gamess.00.x >& /mnt/lustre/koa/lab/tsqc_group/tsatta/lorea/fmo_1res_ligfrag/kb_01/2i0d_kb_01_FMO2DFTB4H_SPE_rank5.log
ls: cannot access 'JOB.12960776.*': No such file or directory
2i0d_kb_01_FMO2DFTB4H_SPE_rank6.inp
srun --mpi=pmix -N 1 -n 32 --ntasks-per-node=32 --export=ALL --cpu-bind verbose,cores   /mnt/lustre/koa/lab/tsqc_group/installed_software/gms_mpi_noDS/gamess.00.x >& /mnt/lustre/koa/lab/tsqc_group/tsatta/lorea/fmo_1res_ligfrag/kb_01/2i0d_kb_01_FMO2DFTB4H_SPE_rank6.log
ls: cannot access 'JOB.12960776.*': No such file or directory
2i0d_kb_01_FMO2DFTB4H_SPE_rank7.inp
srun --mpi=pmix -N 1 -n 32 --ntasks-per-node=32 --export=ALL --cpu-bind verbose,cores   /mnt/lustre/koa/lab/tsqc_group/installed_software/gms_mpi_noDS/gamess.00.x >& /mnt/lustre/koa/lab/tsqc_group/tsatta/lorea/fmo_1res_ligfrag/kb_01/2i0d_kb_01_FMO2DFTB4H_SPE_rank7.log
ls: cannot access 'JOB.12960776.*': No such file or directory
2i0d_kb_01_FMO2DFTB4H_SPE_rank8.inp
srun --mpi=pmix -N 1 -n 32 --ntasks-per-node=32 --export=ALL --cpu-bind verbose,cores   /mnt/lustre/koa/lab/tsqc_group/installed_software/gms_mpi_noDS/gamess.00.x >& /mnt/lustre/koa/lab/tsqc_group/tsatta/lorea/fmo_1res_ligfrag/kb_01/2i0d_kb_01_FMO2DFTB4H_SPE_rank8.log
ls: cannot access 'JOB.12960776.*': No such file or directory
2i0d_kb_01_FMO2DFTB4H_SPE_rank9.inp
srun --mpi=pmix -N 1 -n 32 --ntasks-per-node=32 --export=ALL --cpu-bind verbose,cores   /mnt/lustre/koa/lab/tsqc_group/installed_software/gms_mpi_noDS/gamess.00.x >& /mnt/lustre/koa/lab/tsqc_group/tsatta/lorea/fmo_1res_ligfrag/kb_01/2i0d_kb_01_FMO2DFTB4H_SPE_rank9.log
ls: cannot access 'JOB.12960776.*': No such file or directory
